core_cm3.h:930:22:NVIC_EnableIRQ	16	static
core_cm3.h:971:22:NVIC_SetPendingIRQ	16	static
core_cm3.h:1014:22:NVIC_SetPriority	16	static
main.c:57:5:main	24	static
main.c:111:13:vHandlerTask	24	static
main.c:133:13:vPeriodicTask	24	static
main.c:157:13:prvSetupHardware	8	static
main.c:166:6:printmsg	24	static
main.c:178:6:prvUARTSetup	32	static
main.c:215:6:prvGPIOSetup	16	static
main.c:239:6:RTOS_Delay	24	static
main.c:249:13:prvSetupSoftwareInterrupt	8	static
main.c:264:6:vApplicationIdleHook	4	static
main.c:270:6:EXTI9_5_IRQHandler	24	static
