Archive member included to satisfy reference by file (symbol)

c:/program files (x86)/atollic/truestudio for stm32 9.3.0/armtools/bin/../lib/gcc/arm-atollic-eabi/6.3.1/../../../../arm-atollic-eabi/lib/armv7-m\libc_nano.a(lib_a-init.o)
                              src\startup_stm32f10x_md.o (__libc_init_array)
c:/program files (x86)/atollic/truestudio for stm32 9.3.0/armtools/bin/../lib/gcc/arm-atollic-eabi/6.3.1/../../../../arm-atollic-eabi/lib/armv7-m\libc_nano.a(lib_a-memcmp.o)
                              Third-Party\SEGGER\OS\SEGGER_SYSVIEW_FreeRTOS.o (memcmp)
c:/program files (x86)/atollic/truestudio for stm32 9.3.0/armtools/bin/../lib/gcc/arm-atollic-eabi/6.3.1/../../../../arm-atollic-eabi/lib/armv7-m\libc_nano.a(lib_a-memcpy-stub.o)
                              Third-Party\FreeRTOS\org\Source\queue.o (memcpy)
c:/program files (x86)/atollic/truestudio for stm32 9.3.0/armtools/bin/../lib/gcc/arm-atollic-eabi/6.3.1/../../../../arm-atollic-eabi/lib/armv7-m\libc_nano.a(lib_a-memset.o)
                              Third-Party\FreeRTOS\org\Source\stream_buffer.o (memset)
c:/program files (x86)/atollic/truestudio for stm32 9.3.0/armtools/bin/../lib/gcc/arm-atollic-eabi/6.3.1/../../../../arm-atollic-eabi/lib/armv7-m\libc_nano.a(lib_a-reent.o)
                              src\syscalls.o (errno)
c:/program files (x86)/atollic/truestudio for stm32 9.3.0/armtools/bin/../lib/gcc/arm-atollic-eabi/6.3.1/../../../../arm-atollic-eabi/lib/armv7-m\libc_nano.a(lib_a-strlen.o)
                              Third-Party\SEGGER\SEGGER\SEGGER_RTT.o (strlen)
c:/program files (x86)/atollic/truestudio for stm32 9.3.0/armtools/bin/../lib/gcc/arm-atollic-eabi/6.3.1/../../../../arm-atollic-eabi/lib/armv7-m\libc_nano.a(lib_a-impure.o)
                              c:/program files (x86)/atollic/truestudio for stm32 9.3.0/armtools/bin/../lib/gcc/arm-atollic-eabi/6.3.1/../../../../arm-atollic-eabi/lib/armv7-m\libc_nano.a(lib_a-reent.o) (_impure_ptr)
c:/program files (x86)/atollic/truestudio for stm32 9.3.0/armtools/bin/../lib/gcc/arm-atollic-eabi/6.3.1/../../../../arm-atollic-eabi/lib/armv7-m\libc_nano.a(lib_a-nano-freer.o)
                              c:/program files (x86)/atollic/truestudio for stm32 9.3.0/armtools/bin/../lib/gcc/arm-atollic-eabi/6.3.1/../../../../arm-atollic-eabi/lib/armv7-m\libc_nano.a(lib_a-reent.o) (_free_r)
c:/program files (x86)/atollic/truestudio for stm32 9.3.0/armtools/bin/../lib/gcc/arm-atollic-eabi/6.3.1/../../../../arm-atollic-eabi/lib/armv7-m\libc_nano.a(lib_a-nano-mallocr.o)
                              c:/program files (x86)/atollic/truestudio for stm32 9.3.0/armtools/bin/../lib/gcc/arm-atollic-eabi/6.3.1/../../../../arm-atollic-eabi/lib/armv7-m\libc_nano.a(lib_a-nano-freer.o) (__malloc_free_list)
c:/program files (x86)/atollic/truestudio for stm32 9.3.0/armtools/bin/../lib/gcc/arm-atollic-eabi/6.3.1/../../../../arm-atollic-eabi/lib/armv7-m\libc_nano.a(lib_a-sbrkr.o)
                              c:/program files (x86)/atollic/truestudio for stm32 9.3.0/armtools/bin/../lib/gcc/arm-atollic-eabi/6.3.1/../../../../arm-atollic-eabi/lib/armv7-m\libc_nano.a(lib_a-nano-mallocr.o) (_sbrk_r)
c:/program files (x86)/atollic/truestudio for stm32 9.3.0/armtools/bin/../lib/gcc/arm-atollic-eabi/6.3.1/../../../../arm-atollic-eabi/lib/armv7-m\libc_nano.a(lib_a-mlock.o)
                              c:/program files (x86)/atollic/truestudio for stm32 9.3.0/armtools/bin/../lib/gcc/arm-atollic-eabi/6.3.1/../../../../arm-atollic-eabi/lib/armv7-m\libc_nano.a(lib_a-nano-freer.o) (__malloc_lock)

Allocating common symbols
Common symbol       size              file

errno               0x4               c:/program files (x86)/atollic/truestudio for stm32 9.3.0/armtools/bin/../lib/gcc/arm-atollic-eabi/6.3.1/../../../../arm-atollic-eabi/lib/armv7-m\libc_nano.a(lib_a-reent.o)
_SEGGER_RTT         0xa8              Third-Party\SEGGER\SEGGER\SEGGER_RTT.o

Discarded input sections

 .text          0x00000000        0x0 c:/program files (x86)/atollic/truestudio for stm32 9.3.0/armtools/bin/../lib/gcc/arm-atollic-eabi/6.3.1/armv7-m/crti.o
 .data          0x00000000        0x0 c:/program files (x86)/atollic/truestudio for stm32 9.3.0/armtools/bin/../lib/gcc/arm-atollic-eabi/6.3.1/armv7-m/crti.o
 .bss           0x00000000        0x0 c:/program files (x86)/atollic/truestudio for stm32 9.3.0/armtools/bin/../lib/gcc/arm-atollic-eabi/6.3.1/armv7-m/crti.o
 .data          0x00000000        0x4 c:/program files (x86)/atollic/truestudio for stm32 9.3.0/armtools/bin/../lib/gcc/arm-atollic-eabi/6.3.1/armv7-m/crtbegin.o
 .text          0x00000000        0x0 Libraries\STM32F10x_StdPeriph_Driver\src\misc.o
 .data          0x00000000        0x0 Libraries\STM32F10x_StdPeriph_Driver\src\misc.o
 .bss           0x00000000        0x0 Libraries\STM32F10x_StdPeriph_Driver\src\misc.o
 .text.NVIC_Init
                0x00000000       0xc4 Libraries\STM32F10x_StdPeriph_Driver\src\misc.o
 .text.NVIC_SetVectorTable
[...]
Memory Configuration

Name             Origin             Length             Attributes
FLASH            0x08000000         0x00010000         xr
RAM              0x20000000         0x00005000         xrw
MEMORY_B1        0x60000000         0x00000000         xr
*default*        0x00000000         0xffffffff

Linker script and memory map

LOAD c:/program files (x86)/atollic/truestudio for stm32 9.3.0/armtools/bin/../lib/gcc/arm-atollic-eabi/6.3.1/armv7-m/crti.o
LOAD c:/program files (x86)/atollic/truestudio for stm32 9.3.0/armtools/bin/../lib/gcc/arm-atollic-eabi/6.3.1/armv7-m/crtbegin.o
LOAD Libraries\STM32F10x_StdPeriph_Driver\src\misc.o
LOAD Libraries\STM32F10x_StdPeriph_Driver\src\stm32f10x_adc.o
LOAD Libraries\STM32F10x_StdPeriph_Driver\src\stm32f10x_bkp.o
LOAD Libraries\STM32F10x_StdPeriph_Driver\src\stm32f10x_can.o
LOAD Libraries\STM32F10x_StdPeriph_Driver\src\stm32f10x_cec.o
LOAD Libraries\STM32F10x_StdPeriph_Driver\src\stm32f10x_crc.o
LOAD Libraries\STM32F10x_StdPeriph_Driver\src\stm32f10x_dac.o
LOAD Libraries\STM32F10x_StdPeriph_Driver\src\stm32f10x_dbgmcu.o
LOAD Libraries\STM32F10x_StdPeriph_Driver\src\stm32f10x_dma.o
LOAD Libraries\STM32F10x_StdPeriph_Driver\src\stm32f10x_exti.o
LOAD Libraries\STM32F10x_StdPeriph_Driver\src\stm32f10x_flash.o
LOAD Libraries\STM32F10x_StdPeriph_Driver\src\stm32f10x_fsmc.o
LOAD Libraries\STM32F10x_StdPeriph_Driver\src\stm32f10x_gpio.o
LOAD Libraries\STM32F10x_StdPeriph_Driver\src\stm32f10x_i2c.o
LOAD Libraries\STM32F10x_StdPeriph_Driver\src\stm32f10x_iwdg.o
LOAD Libraries\STM32F10x_StdPeriph_Driver\src\stm32f10x_pwr.o
LOAD Libraries\STM32F10x_StdPeriph_Driver\src\stm32f10x_rcc.o
LOAD Libraries\STM32F10x_StdPeriph_Driver\src\stm32f10x_rtc.o
LOAD Libraries\STM32F10x_StdPeriph_Driver\src\stm32f10x_sdio.o
LOAD Libraries\STM32F10x_StdPeriph_Driver\src\stm32f10x_spi.o
LOAD Libraries\STM32F10x_StdPeriph_Driver\src\stm32f10x_tim.o
LOAD Libraries\STM32F10x_StdPeriph_Driver\src\stm32f10x_usart.o
LOAD Libraries\STM32F10x_StdPeriph_Driver\src\stm32f10x_wwdg.o
LOAD Third-Party\FreeRTOS\org\Source\croutine.o
LOAD Third-Party\FreeRTOS\org\Source\event_groups.o
LOAD Third-Party\FreeRTOS\org\Source\list.o
LOAD Third-Party\FreeRTOS\org\Source\portable\GCC\ARM_CM3\port.o
LOAD Third-Party\FreeRTOS\org\Source\portable\MemMang\heap_4.o
LOAD Third-Party\FreeRTOS\org\Source\queue.o
LOAD Third-Party\FreeRTOS\org\Source\stream_buffer.o
LOAD Third-Party\FreeRTOS\org\Source\tasks.o
LOAD Third-Party\FreeRTOS\org\Source\timers.o
LOAD Third-Party\SEGGER\Config\SEGGER_SYSVIEW_Config_FreeRTOS.o
LOAD Third-Party\SEGGER\OS\SEGGER_SYSVIEW_FreeRTOS.o
LOAD Third-Party\SEGGER\SEGGER\SEGGER_RTT.o
LOAD Third-Party\SEGGER\SEGGER\SEGGER_SYSVIEW.o
LOAD src\main.o
LOAD src\startup_stm32f10x_md.o
LOAD src\syscalls.o
LOAD src\system_stm32f10x.o
LOAD src\tiny_printf.o
                0x00000080                malloc_getpagesize_P = 0x80
START GROUP
LOAD c:/program files (x86)/atollic/truestudio for stm32 9.3.0/armtools/bin/../lib/gcc/arm-atollic-eabi/6.3.1/../../../../arm-atollic-eabi/lib/armv7-m\libc_nano.a
LOAD c:/program files (x86)/atollic/truestudio for stm32 9.3.0/armtools/bin/../lib/gcc/arm-atollic-eabi/6.3.1/../../../../arm-atollic-eabi/lib/armv7-m\libm.a
END GROUP
START GROUP
LOAD c:/program files (x86)/atollic/truestudio for stm32 9.3.0/armtools/bin/../lib/gcc/arm-atollic-eabi/6.3.1/armv7-m\libgcc.a
LOAD c:/program files (x86)/atollic/truestudio for stm32 9.3.0/armtools/bin/../lib/gcc/arm-atollic-eabi/6.3.1/../../../../arm-atollic-eabi/lib/armv7-m\libc_nano.a
END GROUP
START GROUP
LOAD c:/program files (x86)/atollic/truestudio for stm32 9.3.0/armtools/bin/../lib/gcc/arm-atollic-eabi/6.3.1/armv7-m\libgcc.a
LOAD c:/program files (x86)/atollic/truestudio for stm32 9.3.0/armtools/bin/../lib/gcc/arm-atollic-eabi/6.3.1/../../../../arm-atollic-eabi/lib/armv7-m\libc_nano.a
LOAD c:/program files (x86)/atollic/truestudio for stm32 9.3.0/armtools/bin/../lib/gcc/arm-atollic-eabi/6.3.1/../../../../arm-atollic-eabi/lib/armv7-m\libnosys.a
END GROUP
START GROUP
LOAD c:/program files (x86)/atollic/truestudio for stm32 9.3.0/armtools/bin/../lib/gcc/arm-atollic-eabi/6.3.1/armv7-m\libgcc.a
LOAD c:/program files (x86)/atollic/truestudio for stm32 9.3.0/armtools/bin/../lib/gcc/arm-atollic-eabi/6.3.1/../../../../arm-atollic-eabi/lib/armv7-m\libc_nano.a
LOAD c:/program files (x86)/atollic/truestudio for stm32 9.3.0/armtools/bin/../lib/gcc/arm-atollic-eabi/6.3.1/../../../../arm-atollic-eabi/lib/armv7-m\libnosys.a
END GROUP
LOAD c:/program files (x86)/atollic/truestudio for stm32 9.3.0/armtools/bin/../lib/gcc/arm-atollic-eabi/6.3.1/armv7-m/crtend.o
LOAD c:/program files (x86)/atollic/truestudio for stm32 9.3.0/armtools/bin/../lib/gcc/arm-atollic-eabi/6.3.1/armv7-m/crtn.o
                0x20005000                _estack = 0x20005000
                0x00000000                _Min_Heap_Size = 0x0
                0x00000100                _Min_Stack_Size = 0x100

.isr_vector     0x08000000      0x10c
                0x08000000                . = ALIGN (0x4)
 *(.isr_vector)
 .isr_vector    0x08000000      0x10c src\startup_stm32f10x_md.o
                0x08000000                g_pfnVectors
                0x0800010c                . = ALIGN (0x4)

.text           0x08000110     0x303c
                0x08000110                . = ALIGN (0x4)
 *(.text)
 .text          0x08000110       0x40 c:/program files (x86)/atollic/truestudio for stm32 9.3.0/armtools/bin/../lib/gcc/arm-atollic-eabi/6.3.1/armv7-m/crtbegin.o
 .text          0x08000150       0x10 c:/program files (x86)/atollic/truestudio for stm32 9.3.0/armtools/bin/../lib/gcc/arm-atollic-eabi/6.3.1/../../../../arm-atollic-eabi/lib/armv7-m\libc_nano.a(lib_a-strlen.o)
                0x08000150                strlen
 *(.text*)
 .text.NVIC_PriorityGroupConfig
                0x08000160       0x24 Libraries\STM32F10x_StdPeriph_Driver\src\misc.o
                0x08000160                NVIC_PriorityGroupConfig
 .text.GPIO_Init
                0x08000184      0x178 Libraries\STM32F10x_StdPeriph_Driver\src\stm32f10x_gpio.o
                0x08000184                GPIO_Init
 .text.RCC_GetClocksFreq
                0x080002fc      0x160 Libraries\STM32F10x_StdPeriph_Driver\src\stm32f10x_rcc.o
                0x080002fc                RCC_GetClocksFreq
 .text.RCC_APB2PeriphClockCmd
                0x0800045c       0x3c Libraries\STM32F10x_StdPeriph_Driver\src\stm32f10x_rcc.o
                0x0800045c                RCC_APB2PeriphClockCmd
 .text.USART_Init
                0x08000498      0x174 Libraries\STM32F10x_StdPeriph_Driver\src\stm32f10x_usart.o
                0x08000498                USART_Init
 .text.USART_Cmd
                0x0800060c       0x3e Libraries\STM32F10x_StdPeriph_Driver\src\stm32f10x_usart.o
                0x0800060c                USART_Cmd
 .text.USART_SendData
                0x0800064a       0x22 Libraries\STM32F10x_StdPeriph_Driver\src\stm32f10x_usart.o
                0x0800064a                USART_SendData
 .text.USART_GetFlagStatus
                0x0800066c       0x36 Libraries\STM32F10x_StdPeriph_Driver\src\stm32f10x_usart.o
                0x0800066c                USART_GetFlagStatus
 .text.vListInitialise
                0x080006a2       0x3e Third-Party\FreeRTOS\org\Source\list.o
                0x080006a2                vListInitialise
 .text.vListInitialiseItem
                0x080006e0       0x18 Third-Party\FreeRTOS\org\Source\list.o
                0x080006e0                vListInitialiseItem
 .text.vListInsertEnd
                0x080006f8       0x46 Third-Party\FreeRTOS\org\Source\list.o
                0x080006f8                vListInsertEnd
 .text.uxListRemove
                0x0800073e       0x52 Third-Party\FreeRTOS\org\Source\list.o
                0x0800073e                uxListRemove
 .text.pxPortInitialiseStack
                0x08000790       0x58 Third-Party\FreeRTOS\org\Source\portable\GCC\ARM_CM3\port.o
                0x08000790                pxPortInitialiseStack
 .text.prvTaskExitError
                0x080007e8       0x2e Third-Party\FreeRTOS\org\Source\portable\GCC\ARM_CM3\port.o
 *fill*         0x08000816        0xa 
 .text.SVC_Handler
                0x08000820       0x28 Third-Party\FreeRTOS\org\Source\portable\GCC\ARM_CM3\port.o
                0x08000820                SVC_Handler
 .text.prvPortStartFirstTask
                0x08000848       0x20 Third-Party\FreeRTOS\org\Source\portable\GCC\ARM_CM3\port.o
 .text.xPortStartScheduler
                0x08000868       0x40 Third-Party\FreeRTOS\org\Source\portable\GCC\ARM_CM3\port.o
                0x08000868                xPortStartScheduler
 .text.vPortEnterCritical
                0x080008a8       0x30 Third-Party\FreeRTOS\org\Source\portable\GCC\ARM_CM3\port.o
                0x080008a8                vPortEnterCritical
 .text.vPortExitCritical
                0x080008d8       0x30 Third-Party\FreeRTOS\org\Source\portable\GCC\ARM_CM3\port.o
                0x080008d8                vPortExitCritical
 *fill*         0x08000908        0x8 
 .text.PendSV_Handler
                0x08000910       0x48 Third-Party\FreeRTOS\org\Source\portable\GCC\ARM_CM3\port.o
                0x08000910                PendSV_Handler
 .text.SysTick_Handler
                0x08000958       0x50 Third-Party\FreeRTOS\org\Source\portable\GCC\ARM_CM3\port.o
                0x08000958                SysTick_Handler
 .text.vPortSetupTimerInterrupt
                0x080009a8       0x34 Third-Party\FreeRTOS\org\Source\portable\GCC\ARM_CM3\port.o
                0x080009a8                vPortSetupTimerInterrupt
 .text.pvPortMalloc
                0x080009dc      0x134 Third-Party\FreeRTOS\org\Source\portable\MemMang\heap_4.o
                0x080009dc                pvPortMalloc
 .text.vPortFree
                0x08000b10       0x80 Third-Party\FreeRTOS\org\Source\portable\MemMang\heap_4.o
                0x08000b10                vPortFree
 .text.prvHeapInit
                0x08000b90       0xc4 Third-Party\FreeRTOS\org\Source\portable\MemMang\heap_4.o
 .text.prvInsertBlockIntoFreeList
                0x08000c54       0xb0 Third-Party\FreeRTOS\org\Source\portable\MemMang\heap_4.o
 .text.xTaskCreate
                0x08000d04       0x82 Third-Party\FreeRTOS\org\Source\tasks.o
                0x08000d04                xTaskCreate
 .text.prvInitialiseNewTask
                0x08000d86       0xfe Third-Party\FreeRTOS\org\Source\tasks.o
 .text.prvAddNewTaskToReadyList
                0x08000e84      0x110 Third-Party\FreeRTOS\org\Source\tasks.o
 .text.vTaskStartScheduler
                0x08000f94       0x8c Third-Party\FreeRTOS\org\Source\tasks.o
                0x08000f94                vTaskStartScheduler
 .text.vTaskSuspendAll
                0x08001020       0x1c Third-Party\FreeRTOS\org\Source\tasks.o
                0x08001020                vTaskSuspendAll
 .text.xTaskResumeAll
                0x0800103c      0x124 Third-Party\FreeRTOS\org\Source\tasks.o
                0x0800103c                xTaskResumeAll
 .text.xTaskGetTickCountFromISR
                0x08001160       0x20 Third-Party\FreeRTOS\org\Source\tasks.o
                0x08001160                xTaskGetTickCountFromISR
 .text.xTaskIncrementTick
                0x08001180      0x158 Third-Party\FreeRTOS\org\Source\tasks.o
                0x08001180                xTaskIncrementTick
 .text.vTaskSwitchContext
                0x080012d8       0xa8 Third-Party\FreeRTOS\org\Source\tasks.o
                0x080012d8                vTaskSwitchContext
 .text.prvIdleTask
                0x08001380       0x30 Third-Party\FreeRTOS\org\Source\tasks.o
 .text.prvInitialiseTaskLists
                0x080013b0       0x80 Third-Party\FreeRTOS\org\Source\tasks.o
 .text.prvCheckTasksWaitingTermination
                0x08001430       0x58 Third-Party\FreeRTOS\org\Source\tasks.o
 .text.prvTaskCheckFreeStackSpace
                0x08001488       0x36 Third-Party\FreeRTOS\org\Source\tasks.o
 *fill*         0x080014be        0x2 
 .text.uxTaskGetStackHighWaterMark
                0x080014c0       0x38 Third-Party\FreeRTOS\org\Source\tasks.o
                0x080014c0                uxTaskGetStackHighWaterMark
 .text.prvDeleteTCB
                0x080014f8       0x20 Third-Party\FreeRTOS\org\Source\tasks.o
 .text.prvResetNextTaskUnblockTime
                0x08001518       0x40 Third-Party\FreeRTOS\org\Source\tasks.o
 .text._cbSendSystemDesc
                0x08001558       0x1c Third-Party\SEGGER\Config\SEGGER_SYSVIEW_Config_FreeRTOS.o
 .text.SEGGER_SYSVIEW_Conf
                0x08001574       0x28 Third-Party\SEGGER\Config\SEGGER_SYSVIEW_Config_FreeRTOS.o
                0x08001574                SEGGER_SYSVIEW_Conf
 .text._cbSendTaskList
                0x0800159c       0xb8 Third-Party\SEGGER\OS\SEGGER_SYSVIEW_FreeRTOS.o
 .text._cbGetTime
                0x08001654       0x6a Third-Party\SEGGER\OS\SEGGER_SYSVIEW_FreeRTOS.o
 *fill*         0x080016be        0x2 
 .text.SYSVIEW_AddTask
                0x080016c0       0xd0 Third-Party\SEGGER\OS\SEGGER_SYSVIEW_FreeRTOS.o
                0x080016c0                SYSVIEW_AddTask
 .text.SYSVIEW_SendTaskInfo
                0x08001790       0x42 Third-Party\SEGGER\OS\SEGGER_SYSVIEW_FreeRTOS.o
                0x08001790                SYSVIEW_SendTaskInfo
 *fill*         0x080017d2        0x2 
 .text._DoInit  0x080017d4       0xa4 Third-Party\SEGGER\SEGGER\SEGGER_RTT.o
 .text.SEGGER_RTT_ReadNoLock
                0x08001878      0x104 Third-Party\SEGGER\SEGGER\SEGGER_RTT.o
                0x08001878                SEGGER_RTT_ReadNoLock
 .text.SEGGER_RTT_WriteSkipNoLock
                0x0800197c      0x120 Third-Party\SEGGER\SEGGER\SEGGER_RTT.o
                0x0800197c                SEGGER_RTT_WriteSkipNoLock
 .text.SEGGER_RTT_ConfigUpBuffer
                0x08001a9c       0xd4 Third-Party\SEGGER\SEGGER\SEGGER_RTT.o
                0x08001a9c                SEGGER_RTT_ConfigUpBuffer
 .text.SEGGER_RTT_ConfigDownBuffer
                0x08001b70       0xd4 Third-Party\SEGGER\SEGGER\SEGGER_RTT.o
                0x08001b70                SEGGER_RTT_ConfigDownBuffer
 .text._EncodeStr
                0x08001c44       0x98 Third-Party\SEGGER\SEGGER\SEGGER_SYSVIEW.o
 .text._PreparePacket
                0x08001cdc       0x16 Third-Party\SEGGER\SEGGER\SEGGER_SYSVIEW.o
 .text._HandleIncomingPacket
                0x08001cf2       0xb4 Third-Party\SEGGER\SEGGER\SEGGER_SYSVIEW.o
 *fill*         0x08001da6        0x2 
 .text._TrySendOverflowPacket
                0x08001da8       0xe0 Third-Party\SEGGER\SEGGER\SEGGER_SYSVIEW.o
 .text._SendPacket
                0x08001e88      0x1a4 Third-Party\SEGGER\SEGGER\SEGGER_SYSVIEW.o
 .text.SEGGER_SYSVIEW_Init
                0x0800202c       0x7c Third-Party\SEGGER\SEGGER\SEGGER_SYSVIEW.o
                0x0800202c                SEGGER_SYSVIEW_Init
 .text.SEGGER_SYSVIEW_SetRAMBase
                0x080020a8       0x1c Third-Party\SEGGER\SEGGER\SEGGER_SYSVIEW.o
                0x080020a8                SEGGER_SYSVIEW_SetRAMBase
 .text.SEGGER_SYSVIEW_RecordVoid
                0x080020c4       0x3c Third-Party\SEGGER\SEGGER\SEGGER_SYSVIEW.o
                0x080020c4                SEGGER_SYSVIEW_RecordVoid
 .text.SEGGER_SYSVIEW_RecordU32
                0x08002100       0x78 Third-Party\SEGGER\SEGGER\SEGGER_SYSVIEW.o
                0x08002100                SEGGER_SYSVIEW_RecordU32
 .text.SEGGER_SYSVIEW_RecordU32x2
                0x08002178       0xb4 Third-Party\SEGGER\SEGGER\SEGGER_SYSVIEW.o
                0x08002178                SEGGER_SYSVIEW_RecordU32x2
 .text.SEGGER_SYSVIEW_Start
                0x0800222c      0x178 Third-Party\SEGGER\SEGGER\SEGGER_SYSVIEW.o
                0x0800222c                SEGGER_SYSVIEW_Start
 .text.SEGGER_SYSVIEW_Stop
                0x080023a4       0x4c Third-Party\SEGGER\SEGGER\SEGGER_SYSVIEW.o
                0x080023a4                SEGGER_SYSVIEW_Stop
 .text.SEGGER_SYSVIEW_GetSysDesc
                0x080023f0      0x134 Third-Party\SEGGER\SEGGER\SEGGER_SYSVIEW.o
                0x080023f0                SEGGER_SYSVIEW_GetSysDesc
 .text.SEGGER_SYSVIEW_SendTaskInfo
                0x08002524      0x1cc Third-Party\SEGGER\SEGGER\SEGGER_SYSVIEW.o
                0x08002524                SEGGER_SYSVIEW_SendTaskInfo
 .text.SEGGER_SYSVIEW_SendTaskList
                0x080026f0       0x28 Third-Party\SEGGER\SEGGER\SEGGER_SYSVIEW.o
                0x080026f0                SEGGER_SYSVIEW_SendTaskList
 .text.SEGGER_SYSVIEW_SendSysDesc
                0x08002718       0x48 Third-Party\SEGGER\SEGGER\SEGGER_SYSVIEW.o
                0x08002718                SEGGER_SYSVIEW_SendSysDesc
 .text.SEGGER_SYSVIEW_RecordSystime
                0x08002760       0x58 Third-Party\SEGGER\SEGGER\SEGGER_SYSVIEW.o
                0x08002760                SEGGER_SYSVIEW_RecordSystime
 .text.SEGGER_SYSVIEW_RecordEnterISR
                0x080027b8       0x84 Third-Party\SEGGER\SEGGER\SEGGER_SYSVIEW.o
                0x080027b8                SEGGER_SYSVIEW_RecordEnterISR
 .text.SEGGER_SYSVIEW_RecordExitISR
                0x0800283c       0x38 Third-Party\SEGGER\SEGGER\SEGGER_SYSVIEW.o
                0x0800283c                SEGGER_SYSVIEW_RecordExitISR
 .text.SEGGER_SYSVIEW_RecordExitISRToScheduler
                0x08002874       0x38 Third-Party\SEGGER\SEGGER\SEGGER_SYSVIEW.o
                0x08002874                SEGGER_SYSVIEW_RecordExitISRToScheduler
 .text.SEGGER_SYSVIEW_OnIdle
                0x080028ac       0x38 Third-Party\SEGGER\SEGGER\SEGGER_SYSVIEW.o
                0x080028ac                SEGGER_SYSVIEW_OnIdle
 .text.SEGGER_SYSVIEW_OnTaskCreate
                0x080028e4       0x88 Third-Party\SEGGER\SEGGER\SEGGER_SYSVIEW.o
                0x080028e4                SEGGER_SYSVIEW_OnTaskCreate
 .text.SEGGER_SYSVIEW_OnTaskStartExec
                0x0800296c       0x88 Third-Party\SEGGER\SEGGER\SEGGER_SYSVIEW.o
                0x0800296c                SEGGER_SYSVIEW_OnTaskStartExec
 .text.SEGGER_SYSVIEW_OnTaskStartReady
                0x080029f4       0x88 Third-Party\SEGGER\SEGGER\SEGGER_SYSVIEW.o
                0x080029f4                SEGGER_SYSVIEW_OnTaskStartReady
 .text.SEGGER_SYSVIEW_SendModule
                0x08002a7c      0x100 Third-Party\SEGGER\SEGGER\SEGGER_SYSVIEW.o
                0x08002a7c                SEGGER_SYSVIEW_SendModule
 .text.SEGGER_SYSVIEW_SendModuleDescription
                0x08002b7c       0x3c Third-Party\SEGGER\SEGGER\SEGGER_SYSVIEW.o
                0x08002b7c                SEGGER_SYSVIEW_SendModuleDescription
 .text.SEGGER_SYSVIEW_SendNumModules
                0x08002bb8       0x7c Third-Party\SEGGER\SEGGER\SEGGER_SYSVIEW.o
                0x08002bb8                SEGGER_SYSVIEW_SendNumModules
 .text.SEGGER_SYSVIEW_Warn
                0x08002c34       0xb8 Third-Party\SEGGER\SEGGER\SEGGER_SYSVIEW.o
                0x08002c34                SEGGER_SYSVIEW_Warn
 .text.main     0x08002cec       0x80 src\main.o
                0x08002cec                main
 .text.vTask1_handler
                0x08002d6c       0x40 src\main.o
                0x08002d6c                vTask1_handler
 .text.vTask2_handler
                0x08002dac       0x40 src\main.o
                0x08002dac                vTask2_handler
 .text.prvSetupHardware
                0x08002dec        0xc src\main.o
 .text.printmsg
                0x08002df8       0x50 src\main.o
                0x08002df8                printmsg
 .text.UART1_init
                0x08002e48       0x80 src\main.o
                0x08002e48                UART1_init
 .text.Reset_Handler
                0x08002ec8       0x50 src\startup_stm32f10x_md.o
                0x08002ec8                Reset_Handler
 *fill*         0x08002f18        0x8 
 .text.Default_Handler
                0x08002f20       0x14 src\startup_stm32f10x_md.o
                0x08002f20                EXTI2_IRQHandler
                0x08002f20                DebugMon_Handler
                0x08002f20                TIM1_CC_IRQHandler
                0x08002f20                HardFault_Handler
                0x08002f20                PVD_IRQHandler
                0x08002f20                NMI_Handler
                0x08002f20                EXTI3_IRQHandler
                0x08002f20                EXTI0_IRQHandler
                0x08002f20                I2C2_EV_IRQHandler
                0x08002f20                UsageFault_Handler
                0x08002f20                ADC1_2_IRQHandler
                0x08002f20                SPI1_IRQHandler
                0x08002f20                TAMPER_IRQHandler
                0x08002f20                DMA1_Channel4_IRQHandler
                0x08002f20                USART3_IRQHandler
                0x08002f20                RTC_IRQHandler
                0x08002f20                DMA1_Channel7_IRQHandler
                0x08002f20                CAN1_RX1_IRQHandler
                0x08002f20                TIM4_IRQHandler
                0x08002f20                I2C1_EV_IRQHandler
                0x08002f20                DMA1_Channel6_IRQHandler
                0x08002f20                TIM3_IRQHandler
                0x08002f20                RCC_IRQHandler
                0x08002f20                TIM1_TRG_COM_IRQHandler
                0x08002f20                DMA1_Channel1_IRQHandler
                0x08002f20                Default_Handler
                0x08002f20                EXTI15_10_IRQHandler
                0x08002f20                EXTI9_5_IRQHandler
                0x08002f20                SPI2_IRQHandler
                0x08002f20                MemManage_Handler
                0x08002f20                DMA1_Channel5_IRQHandler
                0x08002f20                EXTI4_IRQHandler
                0x08002f20                USB_LP_CAN1_RX0_IRQHandler
                0x08002f20                USB_HP_CAN1_TX_IRQHandler
                0x08002f20                DMA1_Channel3_IRQHandler
                0x08002f20                TIM1_UP_IRQHandler
                0x08002f20                WWDG_IRQHandler
                0x08002f20                TIM2_IRQHandler
                0x08002f20                TIM1_BRK_IRQHandler
                0x08002f20                EXTI1_IRQHandler
                0x08002f20                RTCAlarm_IRQHandler
                0x08002f20                USART2_IRQHandler
                0x08002f20                I2C2_ER_IRQHandler
                0x08002f20                DMA1_Channel2_IRQHandler
                0x08002f20                CAN1_SCE_IRQHandler
                0x08002f20                FLASH_IRQHandler
                0x08002f20                BusFault_Handler
                0x08002f20                USART1_IRQHandler
                0x08002f20                I2C1_ER_IRQHandler
                0x08002f20                USBWakeUp_IRQHandler
 .text.SystemInit
                0x08002f34       0x68 src\system_stm32f10x.o
                0x08002f34                SystemInit
 .text.SetSysClock
                0x08002f9c        0xc src\system_stm32f10x.o
 .text.SetSysClockTo72
                0x08002fa8      0x100 src\system_stm32f10x.o
 .text.__libc_init_array
                0x080030a8       0x48 c:/program files (x86)/atollic/truestudio for stm32 9.3.0/armtools/bin/../lib/gcc/arm-atollic-eabi/6.3.1/../../../../arm-atollic-eabi/lib/armv7-m\libc_nano.a(lib_a-init.o)
                0x080030a8                __libc_init_array
 .text.memcmp   0x080030f0       0x1e c:/program files (x86)/atollic/truestudio for stm32 9.3.0/armtools/bin/../lib/gcc/arm-atollic-eabi/6.3.1/../../../../arm-atollic-eabi/lib/armv7-m\libc_nano.a(lib_a-memcmp.o)
                0x080030f0                memcmp
 .text.memcpy   0x0800310e       0x16 c:/program files (x86)/atollic/truestudio for stm32 9.3.0/armtools/bin/../lib/gcc/arm-atollic-eabi/6.3.1/../../../../arm-atollic-eabi/lib/armv7-m\libc_nano.a(lib_a-memcpy-stub.o)
                0x0800310e                memcpy
 .text.memset   0x08003124       0x10 c:/program files (x86)/atollic/truestudio for stm32 9.3.0/armtools/bin/../lib/gcc/arm-atollic-eabi/6.3.1/../../../../arm-atollic-eabi/lib/armv7-m\libc_nano.a(lib_a-memset.o)
                0x08003124                memset
 *(.glue_7)
 .glue_7        0x08003134        0x0 linker stubs
 *(.glue_7t)
 .glue_7t       0x08003134        0x0 linker stubs
 *(.eh_frame)
 .eh_frame      0x08003134        0x0 c:/program files (x86)/atollic/truestudio for stm32 9.3.0/armtools/bin/../lib/gcc/arm-atollic-eabi/6.3.1/armv7-m/crtbegin.o
 *(.init)
 .init          0x08003134        0x4 c:/program files (x86)/atollic/truestudio for stm32 9.3.0/armtools/bin/../lib/gcc/arm-atollic-eabi/6.3.1/armv7-m/crti.o
                0x08003134                _init
 .init          0x08003138        0x8 c:/program files (x86)/atollic/truestudio for stm32 9.3.0/armtools/bin/../lib/gcc/arm-atollic-eabi/6.3.1/armv7-m/crtn.o
 *(.fini)
 .fini          0x08003140        0x4 c:/program files (x86)/atollic/truestudio for stm32 9.3.0/armtools/bin/../lib/gcc/arm-atollic-eabi/6.3.1/armv7-m/crti.o
                0x08003140                _fini
 .fini          0x08003144        0x8 c:/program files (x86)/atollic/truestudio for stm32 9.3.0/armtools/bin/../lib/gcc/arm-atollic-eabi/6.3.1/armv7-m/crtn.o
                0x0800314c                . = ALIGN (0x4)
                0x0800314c                _etext = .

.vfp11_veneer   0x0800314c        0x0
 .vfp11_veneer  0x0800314c        0x0 linker stubs

.v4_bx          0x0800314c        0x0
 .v4_bx         0x0800314c        0x0 linker stubs

.iplt           0x0800314c        0x0
 .iplt          0x0800314c        0x0 c:/program files (x86)/atollic/truestudio for stm32 9.3.0/armtools/bin/../lib/gcc/arm-atollic-eabi/6.3.1/armv7-m/crtbegin.o

.rodata         0x0800314c      0x11c
                0x0800314c                . = ALIGN (0x4)
 *(.rodata)
 .rodata        0x0800314c        0x5 Third-Party\FreeRTOS\org\Source\tasks.o
 *fill*         0x08003151        0x3 
 .rodata        0x08003154       0x4d Third-Party\SEGGER\Config\SEGGER_SYSVIEW_Config_FreeRTOS.o
 *fill*         0x080031a1        0x3 
 .rodata        0x080031a4       0x58 Third-Party\SEGGER\OS\SEGGER_SYSVIEW_FreeRTOS.o
 .rodata        0x080031fc       0x17 Third-Party\SEGGER\SEGGER\SEGGER_RTT.o
 *fill*         0x08003213        0x1 
 .rodata        0x08003214        0x8 Third-Party\SEGGER\SEGGER\SEGGER_SYSVIEW.o
 .rodata        0x0800321c       0x37 src\main.o
 *(.rodata*)
 *fill*         0x08003253        0x1 
 .rodata.SYSVIEW_X_OS_TraceAPI
                0x08003254        0x8 Third-Party\SEGGER\OS\SEGGER_SYSVIEW_FreeRTOS.o
                0x08003254                SYSVIEW_X_OS_TraceAPI
 .rodata._abSync
                0x0800325c        0xa Third-Party\SEGGER\SEGGER\SEGGER_SYSVIEW.o
                0x08003268                . = ALIGN (0x4)
 *fill*         0x08003266        0x2 

.rel.dyn        0x08003268        0x0
 .rel.iplt      0x08003268        0x0 c:/program files (x86)/atollic/truestudio for stm32 9.3.0/armtools/bin/../lib/gcc/arm-atollic-eabi/6.3.1/armv7-m/crtbegin.o

.ARM.extab
 *(.ARM.extab* .gnu.linkonce.armextab.*)

.ARM            0x08003268        0x0
                0x08003268                __exidx_start = .
 *(.ARM.exidx*)
                0x08003268                __exidx_end = .

.preinit_array  0x08003268        0x0
                0x08003268                PROVIDE (__preinit_array_start, .)
 *(.preinit_array*)
                0x08003268                PROVIDE (__preinit_array_end, .)

.init_array     0x08003268        0x4
                0x08003268                PROVIDE (__init_array_start, .)
 *(SORT(.init_array.*))
 *(.init_array*)
 .init_array    0x08003268        0x4 c:/program files (x86)/atollic/truestudio for stm32 9.3.0/armtools/bin/../lib/gcc/arm-atollic-eabi/6.3.1/armv7-m/crtbegin.o
                0x0800326c                PROVIDE (__init_array_end, .)

.fini_array     0x0800326c        0x4
                [!provide]                PROVIDE (__fini_array_start, .)
 *(SORT(.fini_array.*))
 *(.fini_array*)
 .fini_array    0x0800326c        0x4 c:/program files (x86)/atollic/truestudio for stm32 9.3.0/armtools/bin/../lib/gcc/arm-atollic-eabi/6.3.1/armv7-m/crtbegin.o
                [!provide]                PROVIDE (__fini_array_end, .)
                0x08003270                _sidata = LOADADDR (.data)

.data           0x20000000       0x24 load address 0x08003270
                0x20000000                . = ALIGN (0x4)
                0x20000000                _sdata = .
 *(.data)
 *(.data*)
 .data.APBAHBPrescTable
                0x20000000       0x10 Libraries\STM32F10x_StdPeriph_Driver\src\stm32f10x_rcc.o
 .data.ADCPrescTable
                0x20000010        0x4 Libraries\STM32F10x_StdPeriph_Driver\src\stm32f10x_rcc.o
 .data.uxCriticalNesting
                0x20000014        0x4 Third-Party\FreeRTOS\org\Source\portable\GCC\ARM_CM3\port.o
 .data.DWT_CYCCNT
                0x20000018        0x4 src\main.o
                0x20000018                DWT_CYCCNT
 .data.DWT_CONTROL
                0x2000001c        0x4 src\main.o
                0x2000001c                DWT_CONTROL
 .data.ACCESS_KEY
                0x20000020        0x1 src\main.o
                0x20000020                ACCESS_KEY
                0x20000024                . = ALIGN (0x4)
 *fill*         0x20000021        0x3 
                0x20000024                _edata = .

.igot.plt       0x20000024        0x0 load address 0x08003294
 .igot.plt      0x20000024        0x0 c:/program files (x86)/atollic/truestudio for stm32 9.3.0/armtools/bin/../lib/gcc/arm-atollic-eabi/6.3.1/armv7-m/crtbegin.o
                0x20000024                . = ALIGN (0x4)

.bss            0x20000024     0x43c0 load address 0x08003294
                0x20000024                _sbss = .
                0x20000024                __bss_start__ = _sbss
 *(.bss)
 .bss           0x20000024       0x1c c:/program files (x86)/atollic/truestudio for stm32 9.3.0/armtools/bin/../lib/gcc/arm-atollic-eabi/6.3.1/armv7-m/crtbegin.o
 *(.bss*)
 .bss.ucHeap    0x20000040     0x3800 Third-Party\FreeRTOS\org\Source\portable\MemMang\heap_4.o
 .bss.xStart    0x20003840        0x8 Third-Party\FreeRTOS\org\Source\portable\MemMang\heap_4.o
 .bss.pxEnd     0x20003848        0x4 Third-Party\FreeRTOS\org\Source\portable\MemMang\heap_4.o
 .bss.xFreeBytesRemaining
                0x2000384c        0x4 Third-Party\FreeRTOS\org\Source\portable\MemMang\heap_4.o
 .bss.xMinimumEverFreeBytesRemaining
                0x20003850        0x4 Third-Party\FreeRTOS\org\Source\portable\MemMang\heap_4.o
 .bss.xNumberOfSuccessfulAllocations
                0x20003854        0x4 Third-Party\FreeRTOS\org\Source\portable\MemMang\heap_4.o
 .bss.xNumberOfSuccessfulFrees
                0x20003858        0x4 Third-Party\FreeRTOS\org\Source\portable\MemMang\heap_4.o
 .bss.xBlockAllocatedBit
                0x2000385c        0x4 Third-Party\FreeRTOS\org\Source\portable\MemMang\heap_4.o
 .bss.pxCurrentTCB
                0x20003860        0x4 Third-Party\FreeRTOS\org\Source\tasks.o
                0x20003860                pxCurrentTCB
 .bss.pxReadyTasksLists
                0x20003864       0x64 Third-Party\FreeRTOS\org\Source\tasks.o
 .bss.xDelayedTaskList1
                0x200038c8       0x14 Third-Party\FreeRTOS\org\Source\tasks.o
 .bss.xDelayedTaskList2
                0x200038dc       0x14 Third-Party\FreeRTOS\org\Source\tasks.o
 .bss.pxDelayedTaskList
                0x200038f0        0x4 Third-Party\FreeRTOS\org\Source\tasks.o
 .bss.pxOverflowDelayedTaskList
                0x200038f4        0x4 Third-Party\FreeRTOS\org\Source\tasks.o
 .bss.xPendingReadyList
                0x200038f8       0x14 Third-Party\FreeRTOS\org\Source\tasks.o
 .bss.xTasksWaitingTermination
                0x2000390c       0x14 Third-Party\FreeRTOS\org\Source\tasks.o
 .bss.uxDeletedTasksWaitingCleanUp
                0x20003920        0x4 Third-Party\FreeRTOS\org\Source\tasks.o
 .bss.xSuspendedTaskList
                0x20003924       0x14 Third-Party\FreeRTOS\org\Source\tasks.o
 .bss.uxCurrentNumberOfTasks
                0x20003938        0x4 Third-Party\FreeRTOS\org\Source\tasks.o
 .bss.xTickCount
                0x2000393c        0x4 Third-Party\FreeRTOS\org\Source\tasks.o
 .bss.uxTopReadyPriority
                0x20003940        0x4 Third-Party\FreeRTOS\org\Source\tasks.o
 .bss.xSchedulerRunning
                0x20003944        0x4 Third-Party\FreeRTOS\org\Source\tasks.o
 .bss.xPendedTicks
                0x20003948        0x4 Third-Party\FreeRTOS\org\Source\tasks.o
 .bss.xYieldPending
                0x2000394c        0x4 Third-Party\FreeRTOS\org\Source\tasks.o
 .bss.xNumOfOverflows
                0x20003950        0x4 Third-Party\FreeRTOS\org\Source\tasks.o
 .bss.uxTaskNumber
                0x20003954        0x4 Third-Party\FreeRTOS\org\Source\tasks.o
 .bss.xNextTaskUnblockTime
                0x20003958        0x4 Third-Party\FreeRTOS\org\Source\tasks.o
 .bss.xIdleTaskHandle
                0x2000395c        0x4 Third-Party\FreeRTOS\org\Source\tasks.o
 .bss.uxSchedulerSuspended
                0x20003960        0x4 Third-Party\FreeRTOS\org\Source\tasks.o
 .bss._aTasks   0x20003964       0xa0 Third-Party\SEGGER\OS\SEGGER_SYSVIEW_FreeRTOS.o
 .bss._NumTasks
                0x20003a04        0x4 Third-Party\SEGGER\OS\SEGGER_SYSVIEW_FreeRTOS.o
 .bss._acUpBuffer
                0x20003a08      0x400 Third-Party\SEGGER\SEGGER\SEGGER_RTT.o
 .bss._acDownBuffer
                0x20003e08       0x10 Third-Party\SEGGER\SEGGER\SEGGER_RTT.o
 .bss._UpBuffer
                0x20003e18      0x400 Third-Party\SEGGER\SEGGER\SEGGER_SYSVIEW.o
 .bss._DownBuffer
                0x20004218        0x8 Third-Party\SEGGER\SEGGER\SEGGER_SYSVIEW.o
 .bss._SYSVIEW_Globals
                0x20004220       0x28 Third-Party\SEGGER\SEGGER\SEGGER_SYSVIEW.o
 .bss._pFirstModule
                0x20004248        0x4 Third-Party\SEGGER\SEGGER\SEGGER_SYSVIEW.o
 .bss._NumModules
                0x2000424c        0x1 Third-Party\SEGGER\SEGGER\SEGGER_SYSVIEW.o
 *fill*         0x2000424d        0x3 
 .bss._aPacket  0x20004250       0xe3 Third-Party\SEGGER\SEGGER\SEGGER_SYSVIEW.o
 *fill*         0x20004333        0x1 
 .bss.xTaskHandle1
                0x20004334        0x4 src\main.o
                0x20004334                xTaskHandle1
 .bss.xTaskHandle2
                0x20004338        0x4 src\main.o
                0x20004338                xTaskHandle2
 *(COMMON)
 COMMON         0x2000433c       0xa8 Third-Party\SEGGER\SEGGER\SEGGER_RTT.o
                0x2000433c                _SEGGER_RTT
                0x200043e4                . = ALIGN (0x4)
                0x200043e4                _ebss = .
                0x200043e4                __bss_end__ = _ebss

._user_heap_stack
                0x200043e4      0x100 load address 0x08003294
                0x200043e4                . = ALIGN (0x4)
                0x200043e4                PROVIDE (end, .)
                [!provide]                PROVIDE (_end, .)
                0x200043e4                . = (. + _Min_Heap_Size)
                0x200044e4                . = (. + _Min_Stack_Size)
 *fill*         0x200043e4      0x100 
                0x200044e4                . = ALIGN (0x4)

.memory_b1_text
 *(.mb1text)
 *(.mb1text*)
 *(.mb1rodata)
 *(.mb1rodata*)

/DISCARD/
 libc.a(*)
 libm.a(*)
 libgcc.a(*)

.ARM.attributes
                0x00000000       0x29
 *(.ARM.attributes)
 .ARM.attributes
                0x00000000       0x1d c:/program files (x86)/atollic/truestudio for stm32 9.3.0/armtools/bin/../lib/gcc/arm-atollic-eabi/6.3.1/armv7-m/crti.o
 .ARM.attributes
                0x0000001d       0x2d c:/program files (x86)/atollic/truestudio for stm32 9.3.0/armtools/bin/../lib/gcc/arm-atollic-eabi/6.3.1/armv7-m/crtbegin.o
 .ARM.attributes
                0x0000004a       0x33 Libraries\STM32F10x_StdPeriph_Driver\src\misc.o
 .ARM.attributes
                0x0000007d       0x33 Libraries\STM32F10x_StdPeriph_Driver\src\stm32f10x_gpio.o
 .ARM.attributes
                0x000000b0       0x33 Libraries\STM32F10x_StdPeriph_Driver\src\stm32f10x_rcc.o
 .ARM.attributes
                0x000000e3       0x33 Libraries\STM32F10x_StdPeriph_Driver\src\stm32f10x_usart.o
 .ARM.attributes
                0x00000116       0x33 Third-Party\FreeRTOS\org\Source\list.o
 .ARM.attributes
                0x00000149       0x33 Third-Party\FreeRTOS\org\Source\portable\GCC\ARM_CM3\port.o
 .ARM.attributes
                0x0000017c       0x33 Third-Party\FreeRTOS\org\Source\portable\MemMang\heap_4.o
 .ARM.attributes
                0x000001af       0x33 Third-Party\FreeRTOS\org\Source\tasks.o
 .ARM.attributes
                0x000001e2       0x33 Third-Party\SEGGER\Config\SEGGER_SYSVIEW_Config_FreeRTOS.o
 .ARM.attributes
                0x00000215       0x33 Third-Party\SEGGER\OS\SEGGER_SYSVIEW_FreeRTOS.o
 .ARM.attributes
                0x00000248       0x33 Third-Party\SEGGER\SEGGER\SEGGER_RTT.o
 .ARM.attributes
                0x0000027b       0x33 Third-Party\SEGGER\SEGGER\SEGGER_SYSVIEW.o
 .ARM.attributes
                0x000002ae       0x33 src\main.o
 .ARM.attributes
                0x000002e1       0x21 src\startup_stm32f10x_md.o
 .ARM.attributes
                0x00000302       0x33 src\system_stm32f10x.o
 .ARM.attributes
                0x00000335       0x2d c:/program files (x86)/atollic/truestudio for stm32 9.3.0/armtools/bin/../lib/gcc/arm-atollic-eabi/6.3.1/../../../../arm-atollic-eabi/lib/armv7-m\libc_nano.a(lib_a-init.o)
 .ARM.attributes
                0x00000362       0x2d c:/program files (x86)/atollic/truestudio for stm32 9.3.0/armtools/bin/../lib/gcc/arm-atollic-eabi/6.3.1/../../../../arm-atollic-eabi/lib/armv7-m\libc_nano.a(lib_a-memcmp.o)
 .ARM.attributes
                0x0000038f       0x2d c:/program files (x86)/atollic/truestudio for stm32 9.3.0/armtools/bin/../lib/gcc/arm-atollic-eabi/6.3.1/../../../../arm-atollic-eabi/lib/armv7-m\libc_nano.a(lib_a-memcpy-stub.o)
 .ARM.attributes
                0x000003bc       0x2d c:/program files (x86)/atollic/truestudio for stm32 9.3.0/armtools/bin/../lib/gcc/arm-atollic-eabi/6.3.1/../../../../arm-atollic-eabi/lib/armv7-m\libc_nano.a(lib_a-memset.o)
 .ARM.attributes
                0x000003e9       0x17 c:/program files (x86)/atollic/truestudio for stm32 9.3.0/armtools/bin/../lib/gcc/arm-atollic-eabi/6.3.1/../../../../arm-atollic-eabi/lib/armv7-m\libc_nano.a(lib_a-strlen.o)
 .ARM.attributes
                0x00000400       0x1d c:/program files (x86)/atollic/truestudio for stm32 9.3.0/armtools/bin/../lib/gcc/arm-atollic-eabi/6.3.1/armv7-m/crtn.o
OUTPUT(stm32_HelloWorld_v3.elf elf32-littlearm)

.debug_info     0x00000000     0xc921
 .debug_info    0x00000000      0x54d Libraries\STM32F10x_StdPeriph_Driver\src\misc.o
 .debug_info    0x0000054d      0x701 Libraries\STM32F10x_StdPeriph_Driver\src\stm32f10x_gpio.o
 .debug_info    0x00000c4e      0x8b2 Libraries\STM32F10x_StdPeriph_Driver\src\stm32f10x_rcc.o
 .debug_info    0x00001500      0x9fb Libraries\STM32F10x_StdPeriph_Driver\src\stm32f10x_usart.o
 .debug_info    0x00001efb      0xaf5 Third-Party\FreeRTOS\org\Source\list.o
 .debug_info    0x000029f0      0x314 Third-Party\FreeRTOS\org\Source\portable\GCC\ARM_CM3\port.o
 .debug_info    0x00002d04      0xc44 Third-Party\FreeRTOS\org\Source\portable\MemMang\heap_4.o
 .debug_info    0x00003948     0x1f03 Third-Party\FreeRTOS\org\Source\tasks.o
 .debug_info    0x0000584b      0x139 Third-Party\SEGGER\Config\SEGGER_SYSVIEW_Config_FreeRTOS.o
 .debug_info    0x00005984      0xbbd Third-Party\SEGGER\OS\SEGGER_SYSVIEW_FreeRTOS.o
 .debug_info    0x00006541     0x16ac Third-Party\SEGGER\SEGGER\SEGGER_RTT.o
 .debug_info    0x00007bed     0x3adc Third-Party\SEGGER\SEGGER\SEGGER_SYSVIEW.o
 .debug_info    0x0000b6c9      0xcf7 src\main.o
 .debug_info    0x0000c3c0       0xba src\startup_stm32f10x_md.o
 .debug_info    0x0000c47a      0x4a7 src\system_stm32f10x.o

.debug_abbrev   0x00000000     0x1c0c
 .debug_abbrev  0x00000000      0x172 Libraries\STM32F10x_StdPeriph_Driver\src\misc.o
 .debug_abbrev  0x00000172      0x1dd Libraries\STM32F10x_StdPeriph_Driver\src\stm32f10x_gpio.o
 .debug_abbrev  0x0000034f      0x1cf Libraries\STM32F10x_StdPeriph_Driver\src\stm32f10x_rcc.o
 .debug_abbrev  0x0000051e      0x18f Libraries\STM32F10x_StdPeriph_Driver\src\stm32f10x_usart.o
 .debug_abbrev  0x000006ad      0x1cc Third-Party\FreeRTOS\org\Source\list.o
 .debug_abbrev  0x00000879      0x1ea Third-Party\FreeRTOS\org\Source\portable\GCC\ARM_CM3\port.o
 .debug_abbrev  0x00000a63      0x241 Third-Party\FreeRTOS\org\Source\portable\MemMang\heap_4.o
 .debug_abbrev  0x00000ca4      0x340 Third-Party\FreeRTOS\org\Source\tasks.o
 .debug_abbrev  0x00000fe4       0xca Third-Party\SEGGER\Config\SEGGER_SYSVIEW_Config_FreeRTOS.o
 .debug_abbrev  0x000010ae      0x1f1 Third-Party\SEGGER\OS\SEGGER_SYSVIEW_FreeRTOS.o
 .debug_abbrev  0x0000129f      0x29d Third-Party\SEGGER\SEGGER\SEGGER_RTT.o
 .debug_abbrev  0x0000153c      0x2fb Third-Party\SEGGER\SEGGER\SEGGER_SYSVIEW.o
 .debug_abbrev  0x00001837      0x255 src\main.o
 .debug_abbrev  0x00001a8c       0x12 src\startup_stm32f10x_md.o
 .debug_abbrev  0x00001a9e      0x16e src\system_stm32f10x.o

.debug_aranges  0x00000000      0xa68
 .debug_aranges
                0x00000000       0x40 Libraries\STM32F10x_StdPeriph_Driver\src\misc.o
 .debug_aranges
                0x00000040       0xa8 Libraries\STM32F10x_StdPeriph_Driver\src\stm32f10x_gpio.o
 .debug_aranges
                0x000000e8      0x118 Libraries\STM32F10x_StdPeriph_Driver\src\stm32f10x_rcc.o
 .debug_aranges
                0x00000200      0x100 Libraries\STM32F10x_StdPeriph_Driver\src\stm32f10x_usart.o
 .debug_aranges
                0x00000300       0x40 Third-Party\FreeRTOS\org\Source\list.o
 .debug_aranges
                0x00000340       0x70 Third-Party\FreeRTOS\org\Source\portable\GCC\ARM_CM3\port.o
 .debug_aranges
                0x000003b0       0x58 Third-Party\FreeRTOS\org\Source\portable\MemMang\heap_4.o
 .debug_aranges
                0x00000408      0x1d0 Third-Party\FreeRTOS\org\Source\tasks.o
 .debug_aranges
                0x000005d8       0x28 Third-Party\SEGGER\Config\SEGGER_SYSVIEW_Config_FreeRTOS.o
 .debug_aranges
                0x00000600       0x48 Third-Party\SEGGER\OS\SEGGER_SYSVIEW_FreeRTOS.o
 .debug_aranges
                0x00000648      0x110 Third-Party\SEGGER\SEGGER\SEGGER_RTT.o
 .debug_aranges
                0x00000758      0x268 Third-Party\SEGGER\SEGGER\SEGGER_SYSVIEW.o
 .debug_aranges
                0x000009c0       0x48 src\main.o
 .debug_aranges
                0x00000a08       0x28 src\startup_stm32f10x_md.o
 .debug_aranges
                0x00000a30       0x38 src\system_stm32f10x.o

.debug_ranges   0x00000000      0x980
 .debug_ranges  0x00000000       0x30 Libraries\STM32F10x_StdPeriph_Driver\src\misc.o
 .debug_ranges  0x00000030       0x98 Libraries\STM32F10x_StdPeriph_Driver\src\stm32f10x_gpio.o
 .debug_ranges  0x000000c8      0x108 Libraries\STM32F10x_StdPeriph_Driver\src\stm32f10x_rcc.o
 .debug_ranges  0x000001d0       0xf0 Libraries\STM32F10x_StdPeriph_Driver\src\stm32f10x_usart.o
 .debug_ranges  0x000002c0       0x30 Third-Party\FreeRTOS\org\Source\list.o
 .debug_ranges  0x000002f0       0x60 Third-Party\FreeRTOS\org\Source\portable\GCC\ARM_CM3\port.o
 .debug_ranges  0x00000350       0x48 Third-Party\FreeRTOS\org\Source\portable\MemMang\heap_4.o
 .debug_ranges  0x00000398      0x1c0 Third-Party\FreeRTOS\org\Source\tasks.o
 .debug_ranges  0x00000558       0x18 Third-Party\SEGGER\Config\SEGGER_SYSVIEW_Config_FreeRTOS.o
 .debug_ranges  0x00000570       0x38 Third-Party\SEGGER\OS\SEGGER_SYSVIEW_FreeRTOS.o
 .debug_ranges  0x000005a8      0x100 Third-Party\SEGGER\SEGGER\SEGGER_RTT.o
 .debug_ranges  0x000006a8      0x258 Third-Party\SEGGER\SEGGER\SEGGER_SYSVIEW.o
 .debug_ranges  0x00000900       0x38 src\main.o
 .debug_ranges  0x00000938       0x20 src\startup_stm32f10x_md.o
 .debug_ranges  0x00000958       0x28 src\system_stm32f10x.o

.debug_line     0x00000000     0x52f6
 .debug_line    0x00000000      0x25c Libraries\STM32F10x_StdPeriph_Driver\src\misc.o
 .debug_line    0x0000025c      0x3e9 Libraries\STM32F10x_StdPeriph_Driver\src\stm32f10x_gpio.o
 .debug_line    0x00000645      0x4e4 Libraries\STM32F10x_StdPeriph_Driver\src\stm32f10x_rcc.o
 .debug_line    0x00000b29      0x4cb Libraries\STM32F10x_StdPeriph_Driver\src\stm32f10x_usart.o
 .debug_line    0x00000ff4      0x478 Third-Party\FreeRTOS\org\Source\list.o
 .debug_line    0x0000146c      0x436 Third-Party\FreeRTOS\org\Source\portable\GCC\ARM_CM3\port.o
 .debug_line    0x000018a2      0x520 Third-Party\FreeRTOS\org\Source\portable\MemMang\heap_4.o
 .debug_line    0x00001dc2      0xce5 Third-Party\FreeRTOS\org\Source\tasks.o
 .debug_line    0x00002aa7      0x276 Third-Party\SEGGER\Config\SEGGER_SYSVIEW_Config_FreeRTOS.o
 .debug_line    0x00002d1d      0x511 Third-Party\SEGGER\OS\SEGGER_SYSVIEW_FreeRTOS.o
 .debug_line    0x0000322e      0x563 Third-Party\SEGGER\SEGGER\SEGGER_RTT.o
 .debug_line    0x00003791     0x141f Third-Party\SEGGER\SEGGER\SEGGER_SYSVIEW.o
 .debug_line    0x00004bb0      0x47d src\main.o
 .debug_line    0x0000502d       0x7f src\startup_stm32f10x_md.o
 .debug_line    0x000050ac      0x24a src\system_stm32f10x.o

.debug_str      0x00000000     0x38d1
 .debug_str     0x00000000      0x41d Libraries\STM32F10x_StdPeriph_Driver\src\misc.o
                                0x471 (size before relaxing)
 .debug_str     0x0000041d      0x393 Libraries\STM32F10x_StdPeriph_Driver\src\stm32f10x_gpio.o
                                0x5cc (size before relaxing)
 .debug_str     0x000007b0      0x44d Libraries\STM32F10x_StdPeriph_Driver\src\stm32f10x_rcc.o
                                0x6cd (size before relaxing)
 .debug_str     0x00000bfd      0x43e Libraries\STM32F10x_StdPeriph_Driver\src\stm32f10x_usart.o
                                0x743 (size before relaxing)
 .debug_str     0x0000103b      0x558 Third-Party\FreeRTOS\org\Source\list.o
                                0x78c (size before relaxing)
 .debug_str     0x00001593      0x19f Third-Party\FreeRTOS\org\Source\portable\GCC\ARM_CM3\port.o
                                0x3be (size before relaxing)
 .debug_str     0x00001732      0x2e1 Third-Party\FreeRTOS\org\Source\portable\MemMang\heap_4.o
                                0x937 (size before relaxing)
 .debug_str     0x00001a13      0xb80 Third-Party\FreeRTOS\org\Source\tasks.o
                               0x1328 (size before relaxing)
 .debug_str     0x00002593       0xa9 Third-Party\SEGGER\Config\SEGGER_SYSVIEW_Config_FreeRTOS.o
                                0x2a6 (size before relaxing)
 .debug_str     0x0000263c      0x11f Third-Party\SEGGER\OS\SEGGER_SYSVIEW_FreeRTOS.o
                                0x7df (size before relaxing)
 .debug_str     0x0000275b      0x42a Third-Party\SEGGER\SEGGER\SEGGER_RTT.o
                                0xa26 (size before relaxing)
 .debug_str     0x00002b85      0xc13 Third-Party\SEGGER\SEGGER\SEGGER_SYSVIEW.o
                               0x137b (size before relaxing)
 .debug_str     0x00003798       0xbe src\main.o
                                0x941 (size before relaxing)
 .debug_str     0x00003856       0x7b src\system_stm32f10x.o
                                0x36e (size before relaxing)

.comment        0x00000000       0x7c
 .comment       0x00000000       0x7c Libraries\STM32F10x_StdPeriph_Driver\src\misc.o
                                 0x7d (size before relaxing)
 .comment       0x0000007c       0x7d Libraries\STM32F10x_StdPeriph_Driver\src\stm32f10x_gpio.o
 .comment       0x0000007c       0x7d Libraries\STM32F10x_StdPeriph_Driver\src\stm32f10x_rcc.o
 .comment       0x0000007c       0x7d Libraries\STM32F10x_StdPeriph_Driver\src\stm32f10x_usart.o
 .comment       0x0000007c       0x7d Third-Party\FreeRTOS\org\Source\list.o
 .comment       0x0000007c       0x7d Third-Party\FreeRTOS\org\Source\portable\GCC\ARM_CM3\port.o
 .comment       0x0000007c       0x7d Third-Party\FreeRTOS\org\Source\portable\MemMang\heap_4.o
 .comment       0x0000007c       0x7d Third-Party\FreeRTOS\org\Source\tasks.o
 .comment       0x0000007c       0x7d Third-Party\SEGGER\Config\SEGGER_SYSVIEW_Config_FreeRTOS.o
 .comment       0x0000007c       0x7d Third-Party\SEGGER\OS\SEGGER_SYSVIEW_FreeRTOS.o
 .comment       0x0000007c       0x7d Third-Party\SEGGER\SEGGER\SEGGER_RTT.o
 .comment       0x0000007c       0x7d Third-Party\SEGGER\SEGGER\SEGGER_SYSVIEW.o
 .comment       0x0000007c       0x7d src\main.o
 .comment       0x0000007c       0x7d src\system_stm32f10x.o

.debug_frame    0x00000000     0x2bb8
 .debug_frame   0x00000000       0xd8 Libraries\STM32F10x_StdPeriph_Driver\src\misc.o
 .debug_frame   0x000000d8      0x2d0 Libraries\STM32F10x_StdPeriph_Driver\src\stm32f10x_gpio.o
 .debug_frame   0x000003a8      0x4f4 Libraries\STM32F10x_StdPeriph_Driver\src\stm32f10x_rcc.o
 .debug_frame   0x0000089c      0x490 Libraries\STM32F10x_StdPeriph_Driver\src\stm32f10x_usart.o
 .debug_frame   0x00000d2c       0xd8 Third-Party\FreeRTOS\org\Source\list.o
 .debug_frame   0x00000e04      0x160 Third-Party\FreeRTOS\org\Source\portable\GCC\ARM_CM3\port.o
 .debug_frame   0x00000f64      0x12c Third-Party\FreeRTOS\org\Source\portable\MemMang\heap_4.o
 .debug_frame   0x00001090      0x7f8 Third-Party\FreeRTOS\org\Source\tasks.o
 .debug_frame   0x00001888       0x48 Third-Party\SEGGER\Config\SEGGER_SYSVIEW_Config_FreeRTOS.o
 .debug_frame   0x000018d0      0x108 Third-Party\SEGGER\OS\SEGGER_SYSVIEW_FreeRTOS.o
 .debug_frame   0x000019d8      0x478 Third-Party\SEGGER\SEGGER\SEGGER_RTT.o
 .debug_frame   0x00001e50      0xb60 Third-Party\SEGGER\SEGGER\SEGGER_SYSVIEW.o
 .debug_frame   0x000029b0       0xd4 src\main.o
 .debug_frame   0x00002a84       0x98 src\system_stm32f10x.o
 .debug_frame   0x00002b1c       0x2c c:/program files (x86)/atollic/truestudio for stm32 9.3.0/armtools/bin/../lib/gcc/arm-atollic-eabi/6.3.1/../../../../arm-atollic-eabi/lib/armv7-m\libc_nano.a(lib_a-init.o)
 .debug_frame   0x00002b48       0x28 c:/program files (x86)/atollic/truestudio for stm32 9.3.0/armtools/bin/../lib/gcc/arm-atollic-eabi/6.3.1/../../../../arm-atollic-eabi/lib/armv7-m\libc_nano.a(lib_a-memcmp.o)
 .debug_frame   0x00002b70       0x28 c:/program files (x86)/atollic/truestudio for stm32 9.3.0/armtools/bin/../lib/gcc/arm-atollic-eabi/6.3.1/../../../../arm-atollic-eabi/lib/armv7-m\libc_nano.a(lib_a-memcpy-stub.o)
 .debug_frame   0x00002b98       0x20 c:/program files (x86)/atollic/truestudio for stm32 9.3.0/armtools/bin/../lib/gcc/arm-atollic-eabi/6.3.1/../../../../arm-atollic-eabi/lib/armv7-m\libc_nano.a(lib_a-memset.o)

Cross Reference Table

Symbol                                            File
ACCESS_KEY                                        src\main.o
ADC1_2_IRQHandler                                 src\startup_stm32f10x_md.o
ADC_AnalogWatchdogCmd                             Libraries\STM32F10x_StdPeriph_Driver\src\stm32f10x_adc.o
ADC_AnalogWatchdogSingleChannelConfig             Libraries\STM32F10x_StdPeriph_Driver\src\stm32f10x_adc.o
ADC_AnalogWatchdogThresholdsConfig                Libraries\STM32F10x_StdPeriph_Driver\src\stm32f10x_adc.o
ADC_AutoInjectedConvCmd                           Libraries\STM32F10x_StdPeriph_Driver\src\stm32f10x_adc.o
ADC_ClearFlag                                     Libraries\STM32F10x_StdPeriph_Driver\src\stm32f10x_adc.o
ADC_ClearITPendingBit                             Libraries\STM32F10x_StdPeriph_Driver\src\stm32f10x_adc.o
ADC_Cmd                                           Libraries\STM32F10x_StdPeriph_Driver\src\stm32f10x_adc.o
ADC_DMACmd                                        Libraries\STM32F10x_StdPeriph_Driver\src\stm32f10x_adc.o
ADC_DeInit                                        Libraries\STM32F10x_StdPeriph_Driver\src\stm32f10x_adc.o
ADC_DiscModeChannelCountConfig                    Libraries\STM32F10x_StdPeriph_Driver\src\stm32f10x_adc.o
ADC_DiscModeCmd                                   Libraries\STM32F10x_StdPeriph_Driver\src\stm32f10x_adc.o
ADC_ExternalTrigConvCmd                           Libraries\STM32F10x_StdPeriph_Driver\src\stm32f10x_adc.o
ADC_ExternalTrigInjectedConvCmd                   Libraries\STM32F10x_StdPeriph_Driver\src\stm32f10x_adc.o
ADC_ExternalTrigInjectedConvConfig                Libraries\STM32F10x_StdPeriph_Driver\src\stm32f10x_adc.o
ADC_GetCalibrationStatus                          Libraries\STM32F10x_StdPeriph_Driver\src\stm32f10x_adc.o
ADC_GetConversionValue                            Libraries\STM32F10x_StdPeriph_Driver\src\stm32f10x_adc.o
ADC_GetDualModeConversionValue                    Libraries\STM32F10x_StdPeriph_Driver\src\stm32f10x_adc.o
ADC_GetFlagStatus                                 Libraries\STM32F10x_StdPeriph_Driver\src\stm32f10x_adc.o
ADC_GetITStatus                                   Libraries\STM32F10x_StdPeriph_Driver\src\stm32f10x_adc.o
ADC_GetInjectedConversionValue                    Libraries\STM32F10x_StdPeriph_Driver\src\stm32f10x_adc.o
ADC_GetResetCalibrationStatus                     Libraries\STM32F10x_StdPeriph_Driver\src\stm32f10x_adc.o
ADC_GetSoftwareStartConvStatus                    Libraries\STM32F10x_StdPeriph_Driver\src\stm32f10x_adc.o
ADC_GetSoftwareStartInjectedConvCmdStatus         Libraries\STM32F10x_StdPeriph_Driver\src\stm32f10x_adc.o
ADC_ITConfig                                      Libraries\STM32F10x_StdPeriph_Driver\src\stm32f10x_adc.o
ADC_Init                                          Libraries\STM32F10x_StdPeriph_Driver\src\stm32f10x_adc.o
ADC_InjectedChannelConfig                         Libraries\STM32F10x_StdPeriph_Driver\src\stm32f10x_adc.o
ADC_InjectedDiscModeCmd                           Libraries\STM32F10x_StdPeriph_Driver\src\stm32f10x_adc.o
ADC_InjectedSequencerLengthConfig                 Libraries\STM32F10x_StdPeriph_Driver\src\stm32f10x_adc.o
ADC_RegularChannelConfig                          Libraries\STM32F10x_StdPeriph_Driver\src\stm32f10x_adc.o
ADC_ResetCalibration                              Libraries\STM32F10x_StdPeriph_Driver\src\stm32f10x_adc.o
ADC_SetInjectedOffset                             Libraries\STM32F10x_StdPeriph_Driver\src\stm32f10x_adc.o
ADC_SoftwareStartConvCmd                          Libraries\STM32F10x_StdPeriph_Driver\src\stm32f10x_adc.o
ADC_SoftwareStartInjectedConvCmd                  Libraries\STM32F10x_StdPeriph_Driver\src\stm32f10x_adc.o
ADC_StartCalibration                              Libraries\STM32F10x_StdPeriph_Driver\src\stm32f10x_adc.o
ADC_StructInit                                    Libraries\STM32F10x_StdPeriph_Driver\src\stm32f10x_adc.o
ADC_TempSensorVrefintCmd                          Libraries\STM32F10x_StdPeriph_Driver\src\stm32f10x_adc.o
AHBPrescTable                                     src\system_stm32f10x.o
BKP_ClearFlag                                     Libraries\STM32F10x_StdPeriph_Driver\src\stm32f10x_bkp.o
BKP_ClearITPendingBit                             Libraries\STM32F10x_StdPeriph_Driver\src\stm32f10x_bkp.o
BKP_DeInit                                        Libraries\STM32F10x_StdPeriph_Driver\src\stm32f10x_bkp.o
BKP_GetFlagStatus                                 Libraries\STM32F10x_StdPeriph_Driver\src\stm32f10x_bkp.o
BKP_GetITStatus                                   Libraries\STM32F10x_StdPeriph_Driver\src\stm32f10x_bkp.o
BKP_ITConfig                                      Libraries\STM32F10x_StdPeriph_Driver\src\stm32f10x_bkp.o
BKP_RTCOutputConfig                               Libraries\STM32F10x_StdPeriph_Driver\src\stm32f10x_bkp.o
BKP_ReadBackupRegister                            Libraries\STM32F10x_StdPeriph_Driver\src\stm32f10x_bkp.o
BKP_SetRTCCalibrationValue                        Libraries\STM32F10x_StdPeriph_Driver\src\stm32f10x_bkp.o
BKP_TamperPinCmd                                  Libraries\STM32F10x_StdPeriph_Driver\src\stm32f10x_bkp.o
BKP_TamperPinLevelConfig                          Libraries\STM32F10x_StdPeriph_Driver\src\stm32f10x_bkp.o
BKP_WriteBackupRegister                           Libraries\STM32F10x_StdPeriph_Driver\src\stm32f10x_bkp.o
BusFault_Handler                                  src\startup_stm32f10x_md.o
CAN1_RX1_IRQHandler                               src\startup_stm32f10x_md.o
CAN1_SCE_IRQHandler                               src\startup_stm32f10x_md.o
CAN_CancelTransmit                                Libraries\STM32F10x_StdPeriph_Driver\src\stm32f10x_can.o
CAN_ClearFlag                                     Libraries\STM32F10x_StdPeriph_Driver\src\stm32f10x_can.o
CAN_ClearITPendingBit                             Libraries\STM32F10x_StdPeriph_Driver\src\stm32f10x_can.o
CAN_DBGFreeze                                     Libraries\STM32F10x_StdPeriph_Driver\src\stm32f10x_can.o
CAN_DeInit                                        Libraries\STM32F10x_StdPeriph_Driver\src\stm32f10x_can.o
CAN_FIFORelease                                   Libraries\STM32F10x_StdPeriph_Driver\src\stm32f10x_can.o
CAN_FilterInit                                    Libraries\STM32F10x_StdPeriph_Driver\src\stm32f10x_can.o
CAN_GetFlagStatus                                 Libraries\STM32F10x_StdPeriph_Driver\src\stm32f10x_can.o
CAN_GetITStatus                                   Libraries\STM32F10x_StdPeriph_Driver\src\stm32f10x_can.o
CAN_GetLSBTransmitErrorCounter                    Libraries\STM32F10x_StdPeriph_Driver\src\stm32f10x_can.o
CAN_GetLastErrorCode                              Libraries\STM32F10x_StdPeriph_Driver\src\stm32f10x_can.o
CAN_GetReceiveErrorCounter                        Libraries\STM32F10x_StdPeriph_Driver\src\stm32f10x_can.o
CAN_ITConfig                                      Libraries\STM32F10x_StdPeriph_Driver\src\stm32f10x_can.o
CAN_Init                                          Libraries\STM32F10x_StdPeriph_Driver\src\stm32f10x_can.o
CAN_MessagePending                                Libraries\STM32F10x_StdPeriph_Driver\src\stm32f10x_can.o
CAN_OperatingModeRequest                          Libraries\STM32F10x_StdPeriph_Driver\src\stm32f10x_can.o
CAN_Receive                                       Libraries\STM32F10x_StdPeriph_Driver\src\stm32f10x_can.o
CAN_SlaveStartBank                                Libraries\STM32F10x_StdPeriph_Driver\src\stm32f10x_can.o
CAN_Sleep                                         Libraries\STM32F10x_StdPeriph_Driver\src\stm32f10x_can.o
CAN_StructInit                                    Libraries\STM32F10x_StdPeriph_Driver\src\stm32f10x_can.o
CAN_TTComModeCmd                                  Libraries\STM32F10x_StdPeriph_Driver\src\stm32f10x_can.o
CAN_Transmit                                      Libraries\STM32F10x_StdPeriph_Driver\src\stm32f10x_can.o
CAN_TransmitStatus                                Libraries\STM32F10x_StdPeriph_Driver\src\stm32f10x_can.o
CAN_WakeUp                                        Libraries\STM32F10x_StdPeriph_Driver\src\stm32f10x_can.o
CEC_ClearFlag                                     Libraries\STM32F10x_StdPeriph_Driver\src\stm32f10x_cec.o
CEC_ClearITPendingBit                             Libraries\STM32F10x_StdPeriph_Driver\src\stm32f10x_cec.o
CEC_Cmd                                           Libraries\STM32F10x_StdPeriph_Driver\src\stm32f10x_cec.o
CEC_DeInit                                        Libraries\STM32F10x_StdPeriph_Driver\src\stm32f10x_cec.o
CEC_EndOfMessageCmd                               Libraries\STM32F10x_StdPeriph_Driver\src\stm32f10x_cec.o
CEC_GetFlagStatus                                 Libraries\STM32F10x_StdPeriph_Driver\src\stm32f10x_cec.o
CEC_GetITStatus                                   Libraries\STM32F10x_StdPeriph_Driver\src\stm32f10x_cec.o
CEC_ITConfig                                      Libraries\STM32F10x_StdPeriph_Driver\src\stm32f10x_cec.o
CEC_Init                                          Libraries\STM32F10x_StdPeriph_Driver\src\stm32f10x_cec.o
CEC_OwnAddressConfig                              Libraries\STM32F10x_StdPeriph_Driver\src\stm32f10x_cec.o
CEC_ReceiveDataByte                               Libraries\STM32F10x_StdPeriph_Driver\src\stm32f10x_cec.o
CEC_SendDataByte                                  Libraries\STM32F10x_StdPeriph_Driver\src\stm32f10x_cec.o
CEC_SetPrescaler                                  Libraries\STM32F10x_StdPeriph_Driver\src\stm32f10x_cec.o
CEC_StartOfMessage                                Libraries\STM32F10x_StdPeriph_Driver\src\stm32f10x_cec.o
CRC_CalcBlockCRC                                  Libraries\STM32F10x_StdPeriph_Driver\src\stm32f10x_crc.o
CRC_CalcCRC                                       Libraries\STM32F10x_StdPeriph_Driver\src\stm32f10x_crc.o
CRC_GetCRC                                        Libraries\STM32F10x_StdPeriph_Driver\src\stm32f10x_crc.o
CRC_GetIDRegister                                 Libraries\STM32F10x_StdPeriph_Driver\src\stm32f10x_crc.o
CRC_ResetDR                                       Libraries\STM32F10x_StdPeriph_Driver\src\stm32f10x_crc.o
CRC_SetIDRegister                                 Libraries\STM32F10x_StdPeriph_Driver\src\stm32f10x_crc.o
DAC_Cmd                                           Libraries\STM32F10x_StdPeriph_Driver\src\stm32f10x_dac.o
DAC_DMACmd                                        Libraries\STM32F10x_StdPeriph_Driver\src\stm32f10x_dac.o
DAC_DeInit                                        Libraries\STM32F10x_StdPeriph_Driver\src\stm32f10x_dac.o
DAC_DualSoftwareTriggerCmd                        Libraries\STM32F10x_StdPeriph_Driver\src\stm32f10x_dac.o
DAC_GetDataOutputValue                            Libraries\STM32F10x_StdPeriph_Driver\src\stm32f10x_dac.o
DAC_Init                                          Libraries\STM32F10x_StdPeriph_Driver\src\stm32f10x_dac.o
DAC_SetChannel1Data                               Libraries\STM32F10x_StdPeriph_Driver\src\stm32f10x_dac.o
DAC_SetChannel2Data                               Libraries\STM32F10x_StdPeriph_Driver\src\stm32f10x_dac.o
DAC_SetDualChannelData                            Libraries\STM32F10x_StdPeriph_Driver\src\stm32f10x_dac.o
DAC_SoftwareTriggerCmd                            Libraries\STM32F10x_StdPeriph_Driver\src\stm32f10x_dac.o
DAC_StructInit                                    Libraries\STM32F10x_StdPeriph_Driver\src\stm32f10x_dac.o
DAC_WaveGenerationCmd                             Libraries\STM32F10x_StdPeriph_Driver\src\stm32f10x_dac.o
DBGMCU_Config                                     Libraries\STM32F10x_StdPeriph_Driver\src\stm32f10x_dbgmcu.o
DBGMCU_GetDEVID                                   Libraries\STM32F10x_StdPeriph_Driver\src\stm32f10x_dbgmcu.o
DBGMCU_GetREVID                                   Libraries\STM32F10x_StdPeriph_Driver\src\stm32f10x_dbgmcu.o
DMA1_Channel1_IRQHandler                          src\startup_stm32f10x_md.o
DMA1_Channel2_IRQHandler                          src\startup_stm32f10x_md.o
DMA1_Channel3_IRQHandler                          src\startup_stm32f10x_md.o
DMA1_Channel4_IRQHandler                          src\startup_stm32f10x_md.o
DMA1_Channel5_IRQHandler                          src\startup_stm32f10x_md.o
DMA1_Channel6_IRQHandler                          src\startup_stm32f10x_md.o
DMA1_Channel7_IRQHandler                          src\startup_stm32f10x_md.o
DMA_ClearFlag                                     Libraries\STM32F10x_StdPeriph_Driver\src\stm32f10x_dma.o
DMA_ClearITPendingBit                             Libraries\STM32F10x_StdPeriph_Driver\src\stm32f10x_dma.o
DMA_Cmd                                           Libraries\STM32F10x_StdPeriph_Driver\src\stm32f10x_dma.o
DMA_DeInit                                        Libraries\STM32F10x_StdPeriph_Driver\src\stm32f10x_dma.o
DMA_GetCurrDataCounter                            Libraries\STM32F10x_StdPeriph_Driver\src\stm32f10x_dma.o
DMA_GetFlagStatus                                 Libraries\STM32F10x_StdPeriph_Driver\src\stm32f10x_dma.o
DMA_GetITStatus                                   Libraries\STM32F10x_StdPeriph_Driver\src\stm32f10x_dma.o
DMA_ITConfig                                      Libraries\STM32F10x_StdPeriph_Driver\src\stm32f10x_dma.o
DMA_Init                                          Libraries\STM32F10x_StdPeriph_Driver\src\stm32f10x_dma.o
DMA_SetCurrDataCounter                            Libraries\STM32F10x_StdPeriph_Driver\src\stm32f10x_dma.o
DMA_StructInit                                    Libraries\STM32F10x_StdPeriph_Driver\src\stm32f10x_dma.o
DWT_CONTROL                                       src\main.o
DWT_CYCCNT                                        src\main.o
DebugMon_Handler                                  src\startup_stm32f10x_md.o
Default_Handler                                   src\startup_stm32f10x_md.o
EXTI0_IRQHandler                                  src\startup_stm32f10x_md.o
EXTI15_10_IRQHandler                              src\startup_stm32f10x_md.o
EXTI1_IRQHandler                                  src\startup_stm32f10x_md.o
EXTI2_IRQHandler                                  src\startup_stm32f10x_md.o
EXTI3_IRQHandler                                  src\startup_stm32f10x_md.o
EXTI4_IRQHandler                                  src\startup_stm32f10x_md.o
EXTI9_5_IRQHandler                                src\startup_stm32f10x_md.o
EXTI_ClearFlag                                    Libraries\STM32F10x_StdPeriph_Driver\src\stm32f10x_exti.o
EXTI_ClearITPendingBit                            Libraries\STM32F10x_StdPeriph_Driver\src\stm32f10x_exti.o
EXTI_DeInit                                       Libraries\STM32F10x_StdPeriph_Driver\src\stm32f10x_exti.o
EXTI_GenerateSWInterrupt                          Libraries\STM32F10x_StdPeriph_Driver\src\stm32f10x_exti.o
EXTI_GetFlagStatus                                Libraries\STM32F10x_StdPeriph_Driver\src\stm32f10x_exti.o
EXTI_GetITStatus                                  Libraries\STM32F10x_StdPeriph_Driver\src\stm32f10x_exti.o
EXTI_Init                                         Libraries\STM32F10x_StdPeriph_Driver\src\stm32f10x_exti.o
EXTI_StructInit                                   Libraries\STM32F10x_StdPeriph_Driver\src\stm32f10x_exti.o
FLASH_ClearFlag                                   Libraries\STM32F10x_StdPeriph_Driver\src\stm32f10x_flash.o
FLASH_EnableWriteProtection                       Libraries\STM32F10x_StdPeriph_Driver\src\stm32f10x_flash.o
FLASH_EraseAllBank1Pages                          Libraries\STM32F10x_StdPeriph_Driver\src\stm32f10x_flash.o
FLASH_EraseAllPages                               Libraries\STM32F10x_StdPeriph_Driver\src\stm32f10x_flash.o
FLASH_EraseOptionBytes                            Libraries\STM32F10x_StdPeriph_Driver\src\stm32f10x_flash.o
FLASH_ErasePage                                   Libraries\STM32F10x_StdPeriph_Driver\src\stm32f10x_flash.o
FLASH_GetBank1Status                              Libraries\STM32F10x_StdPeriph_Driver\src\stm32f10x_flash.o
FLASH_GetFlagStatus                               Libraries\STM32F10x_StdPeriph_Driver\src\stm32f10x_flash.o
FLASH_GetPrefetchBufferStatus                     Libraries\STM32F10x_StdPeriph_Driver\src\stm32f10x_flash.o
FLASH_GetReadOutProtectionStatus                  Libraries\STM32F10x_StdPeriph_Driver\src\stm32f10x_flash.o
FLASH_GetStatus                                   Libraries\STM32F10x_StdPeriph_Driver\src\stm32f10x_flash.o
FLASH_GetUserOptionByte                           Libraries\STM32F10x_StdPeriph_Driver\src\stm32f10x_flash.o
FLASH_GetWriteProtectionOptionByte                Libraries\STM32F10x_StdPeriph_Driver\src\stm32f10x_flash.o
FLASH_HalfCycleAccessCmd                          Libraries\STM32F10x_StdPeriph_Driver\src\stm32f10x_flash.o
FLASH_IRQHandler                                  src\startup_stm32f10x_md.o
FLASH_ITConfig                                    Libraries\STM32F10x_StdPeriph_Driver\src\stm32f10x_flash.o
FLASH_Lock                                        Libraries\STM32F10x_StdPeriph_Driver\src\stm32f10x_flash.o
FLASH_LockBank1                                   Libraries\STM32F10x_StdPeriph_Driver\src\stm32f10x_flash.o
FLASH_PrefetchBufferCmd                           Libraries\STM32F10x_StdPeriph_Driver\src\stm32f10x_flash.o
FLASH_ProgramHalfWord                             Libraries\STM32F10x_StdPeriph_Driver\src\stm32f10x_flash.o
FLASH_ProgramOptionByteData                       Libraries\STM32F10x_StdPeriph_Driver\src\stm32f10x_flash.o
FLASH_ProgramWord                                 Libraries\STM32F10x_StdPeriph_Driver\src\stm32f10x_flash.o
FLASH_ReadOutProtection                           Libraries\STM32F10x_StdPeriph_Driver\src\stm32f10x_flash.o
FLASH_SetLatency                                  Libraries\STM32F10x_StdPeriph_Driver\src\stm32f10x_flash.o
FLASH_Unlock                                      Libraries\STM32F10x_StdPeriph_Driver\src\stm32f10x_flash.o
FLASH_UnlockBank1                                 Libraries\STM32F10x_StdPeriph_Driver\src\stm32f10x_flash.o
FLASH_UserOptionByteConfig                        Libraries\STM32F10x_StdPeriph_Driver\src\stm32f10x_flash.o
FLASH_WaitForLastBank1Operation                   Libraries\STM32F10x_StdPeriph_Driver\src\stm32f10x_flash.o
FLASH_WaitForLastOperation                        Libraries\STM32F10x_StdPeriph_Driver\src\stm32f10x_flash.o
FSMC_ClearFlag                                    Libraries\STM32F10x_StdPeriph_Driver\src\stm32f10x_fsmc.o
FSMC_ClearITPendingBit                            Libraries\STM32F10x_StdPeriph_Driver\src\stm32f10x_fsmc.o
FSMC_GetECC                                       Libraries\STM32F10x_StdPeriph_Driver\src\stm32f10x_fsmc.o
FSMC_GetFlagStatus                                Libraries\STM32F10x_StdPeriph_Driver\src\stm32f10x_fsmc.o
FSMC_GetITStatus                                  Libraries\STM32F10x_StdPeriph_Driver\src\stm32f10x_fsmc.o
FSMC_ITConfig                                     Libraries\STM32F10x_StdPeriph_Driver\src\stm32f10x_fsmc.o
FSMC_NANDCmd                                      Libraries\STM32F10x_StdPeriph_Driver\src\stm32f10x_fsmc.o
FSMC_NANDDeInit                                   Libraries\STM32F10x_StdPeriph_Driver\src\stm32f10x_fsmc.o
FSMC_NANDECCCmd                                   Libraries\STM32F10x_StdPeriph_Driver\src\stm32f10x_fsmc.o
FSMC_NANDInit                                     Libraries\STM32F10x_StdPeriph_Driver\src\stm32f10x_fsmc.o
FSMC_NANDStructInit                               Libraries\STM32F10x_StdPeriph_Driver\src\stm32f10x_fsmc.o
FSMC_NORSRAMCmd                                   Libraries\STM32F10x_StdPeriph_Driver\src\stm32f10x_fsmc.o
FSMC_NORSRAMDeInit                                Libraries\STM32F10x_StdPeriph_Driver\src\stm32f10x_fsmc.o
FSMC_NORSRAMInit                                  Libraries\STM32F10x_StdPeriph_Driver\src\stm32f10x_fsmc.o
FSMC_NORSRAMStructInit                            Libraries\STM32F10x_StdPeriph_Driver\src\stm32f10x_fsmc.o
FSMC_PCCARDCmd                                    Libraries\STM32F10x_StdPeriph_Driver\src\stm32f10x_fsmc.o
FSMC_PCCARDDeInit                                 Libraries\STM32F10x_StdPeriph_Driver\src\stm32f10x_fsmc.o
FSMC_PCCARDInit                                   Libraries\STM32F10x_StdPeriph_Driver\src\stm32f10x_fsmc.o
FSMC_PCCARDStructInit                             Libraries\STM32F10x_StdPeriph_Driver\src\stm32f10x_fsmc.o
GPIO_AFIODeInit                                   Libraries\STM32F10x_StdPeriph_Driver\src\stm32f10x_gpio.o
GPIO_DeInit                                       Libraries\STM32F10x_StdPeriph_Driver\src\stm32f10x_gpio.o
GPIO_ETH_MediaInterfaceConfig                     Libraries\STM32F10x_StdPeriph_Driver\src\stm32f10x_gpio.o
GPIO_EXTILineConfig                               Libraries\STM32F10x_StdPeriph_Driver\src\stm32f10x_gpio.o
GPIO_EventOutputCmd                               Libraries\STM32F10x_StdPeriph_Driver\src\stm32f10x_gpio.o
GPIO_EventOutputConfig                            Libraries\STM32F10x_StdPeriph_Driver\src\stm32f10x_gpio.o
GPIO_Init                                         Libraries\STM32F10x_StdPeriph_Driver\src\stm32f10x_gpio.o
                                                  src\main.o
GPIO_PinLockConfig                                Libraries\STM32F10x_StdPeriph_Driver\src\stm32f10x_gpio.o
GPIO_PinRemapConfig                               Libraries\STM32F10x_StdPeriph_Driver\src\stm32f10x_gpio.o
GPIO_ReadInputData                                Libraries\STM32F10x_StdPeriph_Driver\src\stm32f10x_gpio.o
GPIO_ReadInputDataBit                             Libraries\STM32F10x_StdPeriph_Driver\src\stm32f10x_gpio.o
GPIO_ReadOutputData                               Libraries\STM32F10x_StdPeriph_Driver\src\stm32f10x_gpio.o
GPIO_ReadOutputDataBit                            Libraries\STM32F10x_StdPeriph_Driver\src\stm32f10x_gpio.o
GPIO_ResetBits                                    Libraries\STM32F10x_StdPeriph_Driver\src\stm32f10x_gpio.o
GPIO_SetBits                                      Libraries\STM32F10x_StdPeriph_Driver\src\stm32f10x_gpio.o
GPIO_StructInit                                   Libraries\STM32F10x_StdPeriph_Driver\src\stm32f10x_gpio.o
GPIO_Write                                        Libraries\STM32F10x_StdPeriph_Driver\src\stm32f10x_gpio.o
GPIO_WriteBit                                     Libraries\STM32F10x_StdPeriph_Driver\src\stm32f10x_gpio.o
HardFault_Handler                                 src\startup_stm32f10x_md.o
I2C1_ER_IRQHandler                                src\startup_stm32f10x_md.o
I2C1_EV_IRQHandler                                src\startup_stm32f10x_md.o
I2C2_ER_IRQHandler                                src\startup_stm32f10x_md.o
I2C2_EV_IRQHandler                                src\startup_stm32f10x_md.o
I2C_ARPCmd                                        Libraries\STM32F10x_StdPeriph_Driver\src\stm32f10x_i2c.o
I2C_AcknowledgeConfig                             Libraries\STM32F10x_StdPeriph_Driver\src\stm32f10x_i2c.o
I2C_CalculatePEC                                  Libraries\STM32F10x_StdPeriph_Driver\src\stm32f10x_i2c.o
I2C_CheckEvent                                    Libraries\STM32F10x_StdPeriph_Driver\src\stm32f10x_i2c.o
I2C_ClearFlag                                     Libraries\STM32F10x_StdPeriph_Driver\src\stm32f10x_i2c.o
I2C_ClearITPendingBit                             Libraries\STM32F10x_StdPeriph_Driver\src\stm32f10x_i2c.o
I2C_Cmd                                           Libraries\STM32F10x_StdPeriph_Driver\src\stm32f10x_i2c.o
I2C_DMACmd                                        Libraries\STM32F10x_StdPeriph_Driver\src\stm32f10x_i2c.o
I2C_DMALastTransferCmd                            Libraries\STM32F10x_StdPeriph_Driver\src\stm32f10x_i2c.o
I2C_DeInit                                        Libraries\STM32F10x_StdPeriph_Driver\src\stm32f10x_i2c.o
I2C_DualAddressCmd                                Libraries\STM32F10x_StdPeriph_Driver\src\stm32f10x_i2c.o
I2C_FastModeDutyCycleConfig                       Libraries\STM32F10x_StdPeriph_Driver\src\stm32f10x_i2c.o
I2C_GeneralCallCmd                                Libraries\STM32F10x_StdPeriph_Driver\src\stm32f10x_i2c.o
I2C_GenerateSTART                                 Libraries\STM32F10x_StdPeriph_Driver\src\stm32f10x_i2c.o
I2C_GenerateSTOP                                  Libraries\STM32F10x_StdPeriph_Driver\src\stm32f10x_i2c.o
I2C_GetFlagStatus                                 Libraries\STM32F10x_StdPeriph_Driver\src\stm32f10x_i2c.o
I2C_GetITStatus                                   Libraries\STM32F10x_StdPeriph_Driver\src\stm32f10x_i2c.o
I2C_GetLastEvent                                  Libraries\STM32F10x_StdPeriph_Driver\src\stm32f10x_i2c.o
I2C_GetPEC                                        Libraries\STM32F10x_StdPeriph_Driver\src\stm32f10x_i2c.o
I2C_ITConfig                                      Libraries\STM32F10x_StdPeriph_Driver\src\stm32f10x_i2c.o
I2C_Init                                          Libraries\STM32F10x_StdPeriph_Driver\src\stm32f10x_i2c.o
I2C_NACKPositionConfig                            Libraries\STM32F10x_StdPeriph_Driver\src\stm32f10x_i2c.o
I2C_OwnAddress2Config                             Libraries\STM32F10x_StdPeriph_Driver\src\stm32f10x_i2c.o
I2C_PECPositionConfig                             Libraries\STM32F10x_StdPeriph_Driver\src\stm32f10x_i2c.o
I2C_ReadRegister                                  Libraries\STM32F10x_StdPeriph_Driver\src\stm32f10x_i2c.o
I2C_ReceiveData                                   Libraries\STM32F10x_StdPeriph_Driver\src\stm32f10x_i2c.o
I2C_SMBusAlertConfig                              Libraries\STM32F10x_StdPeriph_Driver\src\stm32f10x_i2c.o
I2C_Send7bitAddress                               Libraries\STM32F10x_StdPeriph_Driver\src\stm32f10x_i2c.o
I2C_SendData                                      Libraries\STM32F10x_StdPeriph_Driver\src\stm32f10x_i2c.o
I2C_SoftwareResetCmd                              Libraries\STM32F10x_StdPeriph_Driver\src\stm32f10x_i2c.o
I2C_StretchClockCmd                               Libraries\STM32F10x_StdPeriph_Driver\src\stm32f10x_i2c.o
I2C_StructInit                                    Libraries\STM32F10x_StdPeriph_Driver\src\stm32f10x_i2c.o
I2C_TransmitPEC                                   Libraries\STM32F10x_StdPeriph_Driver\src\stm32f10x_i2c.o
I2S_Cmd                                           Libraries\STM32F10x_StdPeriph_Driver\src\stm32f10x_spi.o
I2S_Init                                          Libraries\STM32F10x_StdPeriph_Driver\src\stm32f10x_spi.o
I2S_StructInit                                    Libraries\STM32F10x_StdPeriph_Driver\src\stm32f10x_spi.o
IWDG_Enable                                       Libraries\STM32F10x_StdPeriph_Driver\src\stm32f10x_iwdg.o
IWDG_GetFlagStatus                                Libraries\STM32F10x_StdPeriph_Driver\src\stm32f10x_iwdg.o
IWDG_ReloadCounter                                Libraries\STM32F10x_StdPeriph_Driver\src\stm32f10x_iwdg.o
IWDG_SetPrescaler                                 Libraries\STM32F10x_StdPeriph_Driver\src\stm32f10x_iwdg.o
IWDG_SetReload                                    Libraries\STM32F10x_StdPeriph_Driver\src\stm32f10x_iwdg.o
IWDG_WriteAccessCmd                               Libraries\STM32F10x_StdPeriph_Driver\src\stm32f10x_iwdg.o
MemManage_Handler                                 src\startup_stm32f10x_md.o
NMI_Handler                                       src\startup_stm32f10x_md.o
NVIC_Init                                         Libraries\STM32F10x_StdPeriph_Driver\src\misc.o
NVIC_PriorityGroupConfig                          Libraries\STM32F10x_StdPeriph_Driver\src\misc.o
                                                  src\main.o
NVIC_SetVectorTable                               Libraries\STM32F10x_StdPeriph_Driver\src\misc.o
NVIC_SystemLPConfig                               Libraries\STM32F10x_StdPeriph_Driver\src\misc.o
NewState                                          src\main.o
PVD_IRQHandler                                    src\startup_stm32f10x_md.o
PWR_BackupAccessCmd                               Libraries\STM32F10x_StdPeriph_Driver\src\stm32f10x_pwr.o
PWR_ClearFlag                                     Libraries\STM32F10x_StdPeriph_Driver\src\stm32f10x_pwr.o
PWR_DeInit                                        Libraries\STM32F10x_StdPeriph_Driver\src\stm32f10x_pwr.o
PWR_EnterSTANDBYMode                              Libraries\STM32F10x_StdPeriph_Driver\src\stm32f10x_pwr.o
PWR_EnterSTOPMode                                 Libraries\STM32F10x_StdPeriph_Driver\src\stm32f10x_pwr.o
PWR_GetFlagStatus                                 Libraries\STM32F10x_StdPeriph_Driver\src\stm32f10x_pwr.o
PWR_PVDCmd                                        Libraries\STM32F10x_StdPeriph_Driver\src\stm32f10x_pwr.o
PWR_PVDLevelConfig                                Libraries\STM32F10x_StdPeriph_Driver\src\stm32f10x_pwr.o
PWR_WakeUpPinCmd                                  Libraries\STM32F10x_StdPeriph_Driver\src\stm32f10x_pwr.o
PendSV_Handler                                    Third-Party\FreeRTOS\org\Source\portable\GCC\ARM_CM3\port.o
RCC_ADCCLKConfig                                  Libraries\STM32F10x_StdPeriph_Driver\src\stm32f10x_rcc.o
RCC_AHBPeriphClockCmd                             Libraries\STM32F10x_StdPeriph_Driver\src\stm32f10x_rcc.o
RCC_APB1PeriphClockCmd                            Libraries\STM32F10x_StdPeriph_Driver\src\stm32f10x_rcc.o
RCC_APB1PeriphResetCmd                            Libraries\STM32F10x_StdPeriph_Driver\src\stm32f10x_rcc.o
                                                  Libraries\STM32F10x_StdPeriph_Driver\src\stm32f10x_wwdg.o
                                                  Libraries\STM32F10x_StdPeriph_Driver\src\stm32f10x_usart.o
                                                  Libraries\STM32F10x_StdPeriph_Driver\src\stm32f10x_tim.o
                                                  Libraries\STM32F10x_StdPeriph_Driver\src\stm32f10x_spi.o
                                                  Libraries\STM32F10x_StdPeriph_Driver\src\stm32f10x_pwr.o
                                                  Libraries\STM32F10x_StdPeriph_Driver\src\stm32f10x_i2c.o
                                                  Libraries\STM32F10x_StdPeriph_Driver\src\stm32f10x_dac.o
                                                  Libraries\STM32F10x_StdPeriph_Driver\src\stm32f10x_cec.o
                                                  Libraries\STM32F10x_StdPeriph_Driver\src\stm32f10x_can.o
RCC_APB2PeriphClockCmd                            Libraries\STM32F10x_StdPeriph_Driver\src\stm32f10x_rcc.o
                                                  src\main.o
RCC_APB2PeriphResetCmd                            Libraries\STM32F10x_StdPeriph_Driver\src\stm32f10x_rcc.o
                                                  Libraries\STM32F10x_StdPeriph_Driver\src\stm32f10x_usart.o
                                                  Libraries\STM32F10x_StdPeriph_Driver\src\stm32f10x_tim.o
                                                  Libraries\STM32F10x_StdPeriph_Driver\src\stm32f10x_spi.o
                                                  Libraries\STM32F10x_StdPeriph_Driver\src\stm32f10x_gpio.o
                                                  Libraries\STM32F10x_StdPeriph_Driver\src\stm32f10x_adc.o
RCC_AdjustHSICalibrationValue                     Libraries\STM32F10x_StdPeriph_Driver\src\stm32f10x_rcc.o
RCC_BackupResetCmd                                Libraries\STM32F10x_StdPeriph_Driver\src\stm32f10x_rcc.o
                                                  Libraries\STM32F10x_StdPeriph_Driver\src\stm32f10x_bkp.o
RCC_ClearFlag                                     Libraries\STM32F10x_StdPeriph_Driver\src\stm32f10x_rcc.o
RCC_ClearITPendingBit                             Libraries\STM32F10x_StdPeriph_Driver\src\stm32f10x_rcc.o
RCC_ClockSecuritySystemCmd                        Libraries\STM32F10x_StdPeriph_Driver\src\stm32f10x_rcc.o
RCC_DeInit                                        Libraries\STM32F10x_StdPeriph_Driver\src\stm32f10x_rcc.o
RCC_GetClocksFreq                                 Libraries\STM32F10x_StdPeriph_Driver\src\stm32f10x_rcc.o
                                                  Libraries\STM32F10x_StdPeriph_Driver\src\stm32f10x_usart.o
                                                  Libraries\STM32F10x_StdPeriph_Driver\src\stm32f10x_spi.o
                                                  Libraries\STM32F10x_StdPeriph_Driver\src\stm32f10x_i2c.o
RCC_GetFlagStatus                                 Libraries\STM32F10x_StdPeriph_Driver\src\stm32f10x_rcc.o
RCC_GetITStatus                                   Libraries\STM32F10x_StdPeriph_Driver\src\stm32f10x_rcc.o
RCC_GetSYSCLKSource                               Libraries\STM32F10x_StdPeriph_Driver\src\stm32f10x_rcc.o
RCC_HCLKConfig                                    Libraries\STM32F10x_StdPeriph_Driver\src\stm32f10x_rcc.o
RCC_HSEConfig                                     Libraries\STM32F10x_StdPeriph_Driver\src\stm32f10x_rcc.o
RCC_HSICmd                                        Libraries\STM32F10x_StdPeriph_Driver\src\stm32f10x_rcc.o
RCC_IRQHandler                                    src\startup_stm32f10x_md.o
RCC_ITConfig                                      Libraries\STM32F10x_StdPeriph_Driver\src\stm32f10x_rcc.o
RCC_LSEConfig                                     Libraries\STM32F10x_StdPeriph_Driver\src\stm32f10x_rcc.o
RCC_LSICmd                                        Libraries\STM32F10x_StdPeriph_Driver\src\stm32f10x_rcc.o
RCC_MCOConfig                                     Libraries\STM32F10x_StdPeriph_Driver\src\stm32f10x_rcc.o
RCC_PCLK1Config                                   Libraries\STM32F10x_StdPeriph_Driver\src\stm32f10x_rcc.o
RCC_PCLK2Config                                   Libraries\STM32F10x_StdPeriph_Driver\src\stm32f10x_rcc.o
RCC_PLLCmd                                        Libraries\STM32F10x_StdPeriph_Driver\src\stm32f10x_rcc.o
RCC_PLLConfig                                     Libraries\STM32F10x_StdPeriph_Driver\src\stm32f10x_rcc.o
RCC_RTCCLKCmd                                     Libraries\STM32F10x_StdPeriph_Driver\src\stm32f10x_rcc.o
RCC_RTCCLKConfig                                  Libraries\STM32F10x_StdPeriph_Driver\src\stm32f10x_rcc.o
RCC_SYSCLKConfig                                  Libraries\STM32F10x_StdPeriph_Driver\src\stm32f10x_rcc.o
RCC_USBCLKConfig                                  Libraries\STM32F10x_StdPeriph_Driver\src\stm32f10x_rcc.o
RCC_WaitForHSEStartUp                             Libraries\STM32F10x_StdPeriph_Driver\src\stm32f10x_rcc.o
RTCAlarm_IRQHandler                               src\startup_stm32f10x_md.o
RTC_ClearFlag                                     Libraries\STM32F10x_StdPeriph_Driver\src\stm32f10x_rtc.o
RTC_ClearITPendingBit                             Libraries\STM32F10x_StdPeriph_Driver\src\stm32f10x_rtc.o
RTC_EnterConfigMode                               Libraries\STM32F10x_StdPeriph_Driver\src\stm32f10x_rtc.o
RTC_ExitConfigMode                                Libraries\STM32F10x_StdPeriph_Driver\src\stm32f10x_rtc.o
RTC_GetCounter                                    Libraries\STM32F10x_StdPeriph_Driver\src\stm32f10x_rtc.o
RTC_GetDivider                                    Libraries\STM32F10x_StdPeriph_Driver\src\stm32f10x_rtc.o
RTC_GetFlagStatus                                 Libraries\STM32F10x_StdPeriph_Driver\src\stm32f10x_rtc.o
RTC_GetITStatus                                   Libraries\STM32F10x_StdPeriph_Driver\src\stm32f10x_rtc.o
RTC_IRQHandler                                    src\startup_stm32f10x_md.o
RTC_ITConfig                                      Libraries\STM32F10x_StdPeriph_Driver\src\stm32f10x_rtc.o
RTC_SetAlarm                                      Libraries\STM32F10x_StdPeriph_Driver\src\stm32f10x_rtc.o
RTC_SetCounter                                    Libraries\STM32F10x_StdPeriph_Driver\src\stm32f10x_rtc.o
RTC_SetPrescaler                                  Libraries\STM32F10x_StdPeriph_Driver\src\stm32f10x_rtc.o
RTC_WaitForLastTask                               Libraries\STM32F10x_StdPeriph_Driver\src\stm32f10x_rtc.o
RTC_WaitForSynchro                                Libraries\STM32F10x_StdPeriph_Driver\src\stm32f10x_rtc.o
Reset_Handler                                     src\startup_stm32f10x_md.o
SDIO_CEATAITCmd                                   Libraries\STM32F10x_StdPeriph_Driver\src\stm32f10x_sdio.o
SDIO_ClearFlag                                    Libraries\STM32F10x_StdPeriph_Driver\src\stm32f10x_sdio.o
SDIO_ClearITPendingBit                            Libraries\STM32F10x_StdPeriph_Driver\src\stm32f10x_sdio.o
SDIO_ClockCmd                                     Libraries\STM32F10x_StdPeriph_Driver\src\stm32f10x_sdio.o
SDIO_CmdStructInit                                Libraries\STM32F10x_StdPeriph_Driver\src\stm32f10x_sdio.o
SDIO_CommandCompletionCmd                         Libraries\STM32F10x_StdPeriph_Driver\src\stm32f10x_sdio.o
SDIO_DMACmd                                       Libraries\STM32F10x_StdPeriph_Driver\src\stm32f10x_sdio.o
SDIO_DataConfig                                   Libraries\STM32F10x_StdPeriph_Driver\src\stm32f10x_sdio.o
SDIO_DataStructInit                               Libraries\STM32F10x_StdPeriph_Driver\src\stm32f10x_sdio.o
SDIO_DeInit                                       Libraries\STM32F10x_StdPeriph_Driver\src\stm32f10x_sdio.o
SDIO_GetCommandResponse                           Libraries\STM32F10x_StdPeriph_Driver\src\stm32f10x_sdio.o
SDIO_GetDataCounter                               Libraries\STM32F10x_StdPeriph_Driver\src\stm32f10x_sdio.o
SDIO_GetFIFOCount                                 Libraries\STM32F10x_StdPeriph_Driver\src\stm32f10x_sdio.o
SDIO_GetFlagStatus                                Libraries\STM32F10x_StdPeriph_Driver\src\stm32f10x_sdio.o
SDIO_GetITStatus                                  Libraries\STM32F10x_StdPeriph_Driver\src\stm32f10x_sdio.o
SDIO_GetPowerState                                Libraries\STM32F10x_StdPeriph_Driver\src\stm32f10x_sdio.o
SDIO_GetResponse                                  Libraries\STM32F10x_StdPeriph_Driver\src\stm32f10x_sdio.o
SDIO_ITConfig                                     Libraries\STM32F10x_StdPeriph_Driver\src\stm32f10x_sdio.o
SDIO_Init                                         Libraries\STM32F10x_StdPeriph_Driver\src\stm32f10x_sdio.o
SDIO_ReadData                                     Libraries\STM32F10x_StdPeriph_Driver\src\stm32f10x_sdio.o
SDIO_SendCEATACmd                                 Libraries\STM32F10x_StdPeriph_Driver\src\stm32f10x_sdio.o
SDIO_SendCommand                                  Libraries\STM32F10x_StdPeriph_Driver\src\stm32f10x_sdio.o
SDIO_SendSDIOSuspendCmd                           Libraries\STM32F10x_StdPeriph_Driver\src\stm32f10x_sdio.o
SDIO_SetPowerState                                Libraries\STM32F10x_StdPeriph_Driver\src\stm32f10x_sdio.o
SDIO_SetSDIOOperation                             Libraries\STM32F10x_StdPeriph_Driver\src\stm32f10x_sdio.o
SDIO_SetSDIOReadWaitMode                          Libraries\STM32F10x_StdPeriph_Driver\src\stm32f10x_sdio.o
SDIO_StartSDIOReadWait                            Libraries\STM32F10x_StdPeriph_Driver\src\stm32f10x_sdio.o
SDIO_StopSDIOReadWait                             Libraries\STM32F10x_StdPeriph_Driver\src\stm32f10x_sdio.o
SDIO_StructInit                                   Libraries\STM32F10x_StdPeriph_Driver\src\stm32f10x_sdio.o
SDIO_WriteData                                    Libraries\STM32F10x_StdPeriph_Driver\src\stm32f10x_sdio.o
SEGGER_RTT_AllocDownBuffer                        Third-Party\SEGGER\SEGGER\SEGGER_RTT.o
SEGGER_RTT_AllocUpBuffer                          Third-Party\SEGGER\SEGGER\SEGGER_RTT.o
SEGGER_RTT_ConfigDownBuffer                       Third-Party\SEGGER\SEGGER\SEGGER_RTT.o
                                                  Third-Party\SEGGER\SEGGER\SEGGER_SYSVIEW.o
SEGGER_RTT_ConfigUpBuffer                         Third-Party\SEGGER\SEGGER\SEGGER_RTT.o
                                                  Third-Party\SEGGER\SEGGER\SEGGER_SYSVIEW.o
SEGGER_RTT_GetKey                                 Third-Party\SEGGER\SEGGER\SEGGER_RTT.o
SEGGER_RTT_HasData                                Third-Party\SEGGER\SEGGER\SEGGER_RTT.o
SEGGER_RTT_HasDataUp                              Third-Party\SEGGER\SEGGER\SEGGER_RTT.o
SEGGER_RTT_HasKey                                 Third-Party\SEGGER\SEGGER\SEGGER_RTT.o
SEGGER_RTT_Init                                   Third-Party\SEGGER\SEGGER\SEGGER_RTT.o
SEGGER_RTT_PutChar                                Third-Party\SEGGER\SEGGER\SEGGER_RTT.o
SEGGER_RTT_PutCharSkip                            Third-Party\SEGGER\SEGGER\SEGGER_RTT.o
SEGGER_RTT_PutCharSkipNoLock                      Third-Party\SEGGER\SEGGER\SEGGER_RTT.o
SEGGER_RTT_Read                                   Third-Party\SEGGER\SEGGER\SEGGER_RTT.o
SEGGER_RTT_ReadNoLock                             Third-Party\SEGGER\SEGGER\SEGGER_RTT.o
                                                  Third-Party\SEGGER\SEGGER\SEGGER_SYSVIEW.o
SEGGER_RTT_SetFlagsDownBuffer                     Third-Party\SEGGER\SEGGER\SEGGER_RTT.o
SEGGER_RTT_SetFlagsUpBuffer                       Third-Party\SEGGER\SEGGER\SEGGER_RTT.o
SEGGER_RTT_SetNameDownBuffer                      Third-Party\SEGGER\SEGGER\SEGGER_RTT.o
SEGGER_RTT_SetNameUpBuffer                        Third-Party\SEGGER\SEGGER\SEGGER_RTT.o
SEGGER_RTT_SetTerminal                            Third-Party\SEGGER\SEGGER\SEGGER_RTT.o
SEGGER_RTT_TerminalOut                            Third-Party\SEGGER\SEGGER\SEGGER_RTT.o
SEGGER_RTT_WaitKey                                Third-Party\SEGGER\SEGGER\SEGGER_RTT.o
SEGGER_RTT_Write                                  Third-Party\SEGGER\SEGGER\SEGGER_RTT.o
SEGGER_RTT_WriteNoLock                            Third-Party\SEGGER\SEGGER\SEGGER_RTT.o
SEGGER_RTT_WriteSkipNoLock                        Third-Party\SEGGER\SEGGER\SEGGER_RTT.o
                                                  Third-Party\SEGGER\SEGGER\SEGGER_SYSVIEW.o
SEGGER_RTT_WriteString                            Third-Party\SEGGER\SEGGER\SEGGER_RTT.o
SEGGER_RTT_WriteWithOverwriteNoLock               Third-Party\SEGGER\SEGGER\SEGGER_RTT.o
SEGGER_SYSVIEW_Conf                               Third-Party\SEGGER\Config\SEGGER_SYSVIEW_Config_FreeRTOS.o
                                                  src\main.o
SEGGER_SYSVIEW_DisableEvents                      Third-Party\SEGGER\SEGGER\SEGGER_SYSVIEW.o
SEGGER_SYSVIEW_EnableEvents                       Third-Party\SEGGER\SEGGER\SEGGER_SYSVIEW.o
SEGGER_SYSVIEW_EncodeData                         Third-Party\SEGGER\SEGGER\SEGGER_SYSVIEW.o
SEGGER_SYSVIEW_EncodeId                           Third-Party\SEGGER\SEGGER\SEGGER_SYSVIEW.o
SEGGER_SYSVIEW_EncodeString                       Third-Party\SEGGER\SEGGER\SEGGER_SYSVIEW.o
SEGGER_SYSVIEW_EncodeU32                          Third-Party\SEGGER\SEGGER\SEGGER_SYSVIEW.o
SEGGER_SYSVIEW_Error                              Third-Party\SEGGER\SEGGER\SEGGER_SYSVIEW.o
SEGGER_SYSVIEW_ErrorfHost                         Third-Party\SEGGER\SEGGER\SEGGER_SYSVIEW.o
SEGGER_SYSVIEW_ErrorfTarget                       Third-Party\SEGGER\SEGGER\SEGGER_SYSVIEW.o
SEGGER_SYSVIEW_GetSysDesc                         Third-Party\SEGGER\SEGGER\SEGGER_SYSVIEW.o
SEGGER_SYSVIEW_Init                               Third-Party\SEGGER\SEGGER\SEGGER_SYSVIEW.o
                                                  Third-Party\SEGGER\Config\SEGGER_SYSVIEW_Config_FreeRTOS.o
SEGGER_SYSVIEW_IsStarted                          Third-Party\SEGGER\SEGGER\SEGGER_SYSVIEW.o
SEGGER_SYSVIEW_NameResource                       Third-Party\SEGGER\SEGGER\SEGGER_SYSVIEW.o
SEGGER_SYSVIEW_OnIdle                             Third-Party\SEGGER\SEGGER\SEGGER_SYSVIEW.o
                                                  Third-Party\FreeRTOS\org\Source\tasks.o