Archive member included to satisfy reference by file (symbol)

c:/program files (x86)/atollic/truestudio for stm32 9.3.0/armtools/bin/../lib/gcc/arm-atollic-eabi/6.3.1/../../../../arm-atollic-eabi/lib/armv7-m\libc_nano.a(lib_a-init.o)
                              src\startup_stm32f10x_md.o (__libc_init_array)
c:/program files (x86)/atollic/truestudio for stm32 9.3.0/armtools/bin/../lib/gcc/arm-atollic-eabi/6.3.1/../../../../arm-atollic-eabi/lib/armv7-m\libc_nano.a(lib_a-memcmp.o)
                              Third-Party\SEGGER\OS\SEGGER_SYSVIEW_FreeRTOS.o (memcmp)
c:/program files (x86)/atollic/truestudio for stm32 9.3.0/armtools/bin/../lib/gcc/arm-atollic-eabi/6.3.1/../../../../arm-atollic-eabi/lib/armv7-m\libc_nano.a(lib_a-memcpy-stub.o)
                              Third-Party\FreeRTOS\org\Source\queue.o (memcpy)
c:/program files (x86)/atollic/truestudio for stm32 9.3.0/armtools/bin/../lib/gcc/arm-atollic-eabi/6.3.1/../../../../arm-atollic-eabi/lib/armv7-m\libc_nano.a(lib_a-memset.o)
                              Third-Party\FreeRTOS\org\Source\stream_buffer.o (memset)
c:/program files (x86)/atollic/truestudio for stm32 9.3.0/armtools/bin/../lib/gcc/arm-atollic-eabi/6.3.1/../../../../arm-atollic-eabi/lib/armv7-m\libc_nano.a(lib_a-reent.o)
                              src\syscalls.o (errno)
c:/program files (x86)/atollic/truestudio for stm32 9.3.0/armtools/bin/../lib/gcc/arm-atollic-eabi/6.3.1/../../../../arm-atollic-eabi/lib/armv7-m\libc_nano.a(lib_a-strlen.o)
                              Third-Party\SEGGER\SEGGER\SEGGER_RTT.o (strlen)
c:/program files (x86)/atollic/truestudio for stm32 9.3.0/armtools/bin/../lib/gcc/arm-atollic-eabi/6.3.1/../../../../arm-atollic-eabi/lib/armv7-m\libc_nano.a(lib_a-impure.o)
                              c:/program files (x86)/atollic/truestudio for stm32 9.3.0/armtools/bin/../lib/gcc/arm-atollic-eabi/6.3.1/../../../../arm-atollic-eabi/lib/armv7-m\libc_nano.a(lib_a-reent.o) (_impure_ptr)
c:/program files (x86)/atollic/truestudio for stm32 9.3.0/armtools/bin/../lib/gcc/arm-atollic-eabi/6.3.1/../../../../arm-atollic-eabi/lib/armv7-m\libc_nano.a(lib_a-nano-freer.o)
                              c:/program files (x86)/atollic/truestudio for stm32 9.3.0/armtools/bin/../lib/gcc/arm-atollic-eabi/6.3.1/../../../../arm-atollic-eabi/lib/armv7-m\libc_nano.a(lib_a-reent.o) (_free_r)
c:/program files (x86)/atollic/truestudio for stm32 9.3.0/armtools/bin/../lib/gcc/arm-atollic-eabi/6.3.1/../../../../arm-atollic-eabi/lib/armv7-m\libc_nano.a(lib_a-nano-mallocr.o)
                              c:/program files (x86)/atollic/truestudio for stm32 9.3.0/armtools/bin/../lib/gcc/arm-atollic-eabi/6.3.1/../../../../arm-atollic-eabi/lib/armv7-m\libc_nano.a(lib_a-nano-freer.o) (__malloc_free_list)
c:/program files (x86)/atollic/truestudio for stm32 9.3.0/armtools/bin/../lib/gcc/arm-atollic-eabi/6.3.1/../../../../arm-atollic-eabi/lib/armv7-m\libc_nano.a(lib_a-sbrkr.o)
                              c:/program files (x86)/atollic/truestudio for stm32 9.3.0/armtools/bin/../lib/gcc/arm-atollic-eabi/6.3.1/../../../../arm-atollic-eabi/lib/armv7-m\libc_nano.a(lib_a-nano-mallocr.o) (_sbrk_r)
c:/program files (x86)/atollic/truestudio for stm32 9.3.0/armtools/bin/../lib/gcc/arm-atollic-eabi/6.3.1/../../../../arm-atollic-eabi/lib/armv7-m\libc_nano.a(lib_a-mlock.o)
                              c:/program files (x86)/atollic/truestudio for stm32 9.3.0/armtools/bin/../lib/gcc/arm-atollic-eabi/6.3.1/../../../../arm-atollic-eabi/lib/armv7-m\libc_nano.a(lib_a-nano-freer.o) (__malloc_lock)

Allocating common symbols
Common symbol       size              file

usr_msg             0xc8              src\main.o
errno               0x4               c:/program files (x86)/atollic/truestudio for stm32 9.3.0/armtools/bin/../lib/gcc/arm-atollic-eabi/6.3.1/../../../../arm-atollic-eabi/lib/armv7-m\libc_nano.a(lib_a-reent.o)
_SEGGER_RTT         0xa8              Third-Party\SEGGER\SEGGER\SEGGER_RTT.o

Discarded input sections

 .text          0x00000000        0x0 c:/program files (x86)/atollic/truestudio for stm32 9.3.0/armtools/bin/../lib/gcc/arm-atollic-eabi/6.3.1/armv7-m/crti.o
 .data          0x00000000        0x0 c:/program files (x86)/atollic/truestudio for stm32 9.3.0/armtools/bin/../lib/gcc/arm-atollic-eabi/6.3.1/armv7-m/crti.o
 .bss           0x00000000        0x0 c:/program files (x86)/atollic/truestudio for stm32 9.3.0/armtools/bin/../lib/gcc/arm-atollic-eabi/6.3.1/armv7-m/crti.o
 .data          0x00000000        0x4 c:/program files (x86)/atollic/truestudio for stm32 9.3.0/armtools/bin/../lib/gcc/arm-atollic-eabi/6.3.1/armv7-m/crtbegin.o
 .text          0x00000000        0x0 Libraries\STM32F10x_StdPeriph_Driver\src\misc.o
 .data          0x00000000        0x0 Libraries\STM32F10x_StdPeriph_Driver\src\misc.o
 .bss           0x00000000        0x0 Libraries\STM32F10x_StdPeriph_Driver\src\misc.o
 .text.NVIC_Init
                0x00000000       0xc4 Libraries\STM32F10x_StdPeriph_Driver\src\misc.o
[...]
Memory Configuration

Name             Origin             Length             Attributes
FLASH            0x08000000         0x00010000         xr
RAM              0x20000000         0x00005000         xrw
MEMORY_B1        0x60000000         0x00000000         xr
*default*        0x00000000         0xffffffff

Linker script and memory map

LOAD c:/program files (x86)/atollic/truestudio for stm32 9.3.0/armtools/bin/../lib/gcc/arm-atollic-eabi/6.3.1/armv7-m/crti.o
LOAD c:/program files (x86)/atollic/truestudio for stm32 9.3.0/armtools/bin/../lib/gcc/arm-atollic-eabi/6.3.1/armv7-m/crtbegin.o
LOAD Libraries\STM32F10x_StdPeriph_Driver\src\misc.o
LOAD Libraries\STM32F10x_StdPeriph_Driver\src\stm32f10x_adc.o
LOAD Libraries\STM32F10x_StdPeriph_Driver\src\stm32f10x_bkp.o
LOAD Libraries\STM32F10x_StdPeriph_Driver\src\stm32f10x_can.o
LOAD Libraries\STM32F10x_StdPeriph_Driver\src\stm32f10x_cec.o
LOAD Libraries\STM32F10x_StdPeriph_Driver\src\stm32f10x_crc.o
LOAD Libraries\STM32F10x_StdPeriph_Driver\src\stm32f10x_dac.o
LOAD Libraries\STM32F10x_StdPeriph_Driver\src\stm32f10x_dbgmcu.o
LOAD Libraries\STM32F10x_StdPeriph_Driver\src\stm32f10x_dma.o
LOAD Libraries\STM32F10x_StdPeriph_Driver\src\stm32f10x_exti.o
LOAD Libraries\STM32F10x_StdPeriph_Driver\src\stm32f10x_flash.o
LOAD Libraries\STM32F10x_StdPeriph_Driver\src\stm32f10x_fsmc.o
LOAD Libraries\STM32F10x_StdPeriph_Driver\src\stm32f10x_gpio.o
LOAD Libraries\STM32F10x_StdPeriph_Driver\src\stm32f10x_i2c.o
LOAD Libraries\STM32F10x_StdPeriph_Driver\src\stm32f10x_iwdg.o
LOAD Libraries\STM32F10x_StdPeriph_Driver\src\stm32f10x_pwr.o
LOAD Libraries\STM32F10x_StdPeriph_Driver\src\stm32f10x_rcc.o
LOAD Libraries\STM32F10x_StdPeriph_Driver\src\stm32f10x_rtc.o
LOAD Libraries\STM32F10x_StdPeriph_Driver\src\stm32f10x_sdio.o
LOAD Libraries\STM32F10x_StdPeriph_Driver\src\stm32f10x_spi.o
LOAD Libraries\STM32F10x_StdPeriph_Driver\src\stm32f10x_tim.o
LOAD Libraries\STM32F10x_StdPeriph_Driver\src\stm32f10x_usart.o
LOAD Libraries\STM32F10x_StdPeriph_Driver\src\stm32f10x_wwdg.o
LOAD Third-Party\FreeRTOS\org\Source\croutine.o
LOAD Third-Party\FreeRTOS\org\Source\event_groups.o
LOAD Third-Party\FreeRTOS\org\Source\list.o
LOAD Third-Party\FreeRTOS\org\Source\portable\GCC\ARM_CM3\port.o
LOAD Third-Party\FreeRTOS\org\Source\portable\MemMang\heap_4.o
LOAD Third-Party\FreeRTOS\org\Source\queue.o
LOAD Third-Party\FreeRTOS\org\Source\stream_buffer.o
LOAD Third-Party\FreeRTOS\org\Source\tasks.o
LOAD Third-Party\FreeRTOS\org\Source\timers.o
LOAD Third-Party\SEGGER\Config\SEGGER_SYSVIEW_Config_FreeRTOS.o
LOAD Third-Party\SEGGER\OS\SEGGER_SYSVIEW_FreeRTOS.o
LOAD Third-Party\SEGGER\SEGGER\SEGGER_RTT.o
LOAD Third-Party\SEGGER\SEGGER\SEGGER_SYSVIEW.o
LOAD src\main.o
LOAD src\startup_stm32f10x_md.o
LOAD src\syscalls.o
LOAD src\system_stm32f10x.o
                0x00000080                malloc_getpagesize_P = 0x80
START GROUP
LOAD c:/program files (x86)/atollic/truestudio for stm32 9.3.0/armtools/bin/../lib/gcc/arm-atollic-eabi/6.3.1/../../../../arm-atollic-eabi/lib/armv7-m\libc_nano.a
LOAD c:/program files (x86)/atollic/truestudio for stm32 9.3.0/armtools/bin/../lib/gcc/arm-atollic-eabi/6.3.1/../../../../arm-atollic-eabi/lib/armv7-m\libm.a
END GROUP
START GROUP
LOAD c:/program files (x86)/atollic/truestudio for stm32 9.3.0/armtools/bin/../lib/gcc/arm-atollic-eabi/6.3.1/armv7-m\libgcc.a
LOAD c:/program files (x86)/atollic/truestudio for stm32 9.3.0/armtools/bin/../lib/gcc/arm-atollic-eabi/6.3.1/../../../../arm-atollic-eabi/lib/armv7-m\libc_nano.a
END GROUP
START GROUP
LOAD c:/program files (x86)/atollic/truestudio for stm32 9.3.0/armtools/bin/../lib/gcc/arm-atollic-eabi/6.3.1/armv7-m\libgcc.a
LOAD c:/program files (x86)/atollic/truestudio for stm32 9.3.0/armtools/bin/../lib/gcc/arm-atollic-eabi/6.3.1/../../../../arm-atollic-eabi/lib/armv7-m\libc_nano.a
LOAD c:/program files (x86)/atollic/truestudio for stm32 9.3.0/armtools/bin/../lib/gcc/arm-atollic-eabi/6.3.1/../../../../arm-atollic-eabi/lib/armv7-m\libnosys.a
END GROUP
START GROUP
LOAD c:/program files (x86)/atollic/truestudio for stm32 9.3.0/armtools/bin/../lib/gcc/arm-atollic-eabi/6.3.1/armv7-m\libgcc.a
LOAD c:/program files (x86)/atollic/truestudio for stm32 9.3.0/armtools/bin/../lib/gcc/arm-atollic-eabi/6.3.1/../../../../arm-atollic-eabi/lib/armv7-m\libc_nano.a
LOAD c:/program files (x86)/atollic/truestudio for stm32 9.3.0/armtools/bin/../lib/gcc/arm-atollic-eabi/6.3.1/../../../../arm-atollic-eabi/lib/armv7-m\libnosys.a
END GROUP
LOAD c:/program files (x86)/atollic/truestudio for stm32 9.3.0/armtools/bin/../lib/gcc/arm-atollic-eabi/6.3.1/armv7-m/crtend.o
LOAD c:/program files (x86)/atollic/truestudio for stm32 9.3.0/armtools/bin/../lib/gcc/arm-atollic-eabi/6.3.1/armv7-m/crtn.o
                0x20005000                _estack = 0x20005000
                0x00000000                _Min_Heap_Size = 0x0
                0x00000100                _Min_Stack_Size = 0x100

.isr_vector     0x08000000      0x10c
                0x08000000                . = ALIGN (0x4)
 *(.isr_vector)
 .isr_vector    0x08000000      0x10c src\startup_stm32f10x_md.o
                0x08000000                g_pfnVectors
                0x0800010c                . = ALIGN (0x4)

.text           0x08000110     0x2fa0
                0x08000110                . = ALIGN (0x4)
 *(.text)
 .text          0x08000110       0x40 c:/program files (x86)/atollic/truestudio for stm32 9.3.0/armtools/bin/../lib/gcc/arm-atollic-eabi/6.3.1/armv7-m/crtbegin.o
 .text          0x08000150       0x10 c:/program files (x86)/atollic/truestudio for stm32 9.3.0/armtools/bin/../lib/gcc/arm-atollic-eabi/6.3.1/../../../../arm-atollic-eabi/lib/armv7-m\libc_nano.a(lib_a-strlen.o)
                0x08000150                strlen
 *(.text*)
 .text.NVIC_PriorityGroupConfig
                0x08000160       0x24 Libraries\STM32F10x_StdPeriph_Driver\src\misc.o
                0x08000160                NVIC_PriorityGroupConfig
 .text.GPIO_Init
                0x08000184      0x178 Libraries\STM32F10x_StdPeriph_Driver\src\stm32f10x_gpio.o
                0x08000184                GPIO_Init
 .text.GPIO_ReadInputDataBit
                0x080002fc       0x32 Libraries\STM32F10x_StdPeriph_Driver\src\stm32f10x_gpio.o
                0x080002fc                GPIO_ReadInputDataBit
 .text.GPIO_ToggleBit
                0x0800032e       0x22 Libraries\STM32F10x_StdPeriph_Driver\src\stm32f10x_gpio.o
                0x0800032e                GPIO_ToggleBit
 .text.RCC_GetClocksFreq
                0x08000350      0x160 Libraries\STM32F10x_StdPeriph_Driver\src\stm32f10x_rcc.o
                0x08000350                RCC_GetClocksFreq
 .text.RCC_APB2PeriphClockCmd
                0x080004b0       0x3c Libraries\STM32F10x_StdPeriph_Driver\src\stm32f10x_rcc.o
                0x080004b0                RCC_APB2PeriphClockCmd
 .text.USART_Init
                0x080004ec      0x174 Libraries\STM32F10x_StdPeriph_Driver\src\stm32f10x_usart.o
                0x080004ec                USART_Init
 .text.USART_Cmd
                0x08000660       0x3e Libraries\STM32F10x_StdPeriph_Driver\src\stm32f10x_usart.o
                0x08000660                USART_Cmd
 .text.USART_SendData
                0x0800069e       0x22 Libraries\STM32F10x_StdPeriph_Driver\src\stm32f10x_usart.o
                0x0800069e                USART_SendData
 .text.USART_GetFlagStatus
                0x080006c0       0x36 Libraries\STM32F10x_StdPeriph_Driver\src\stm32f10x_usart.o
                0x080006c0                USART_GetFlagStatus
 .text.vListInitialise
                0x080006f6       0x3e Third-Party\FreeRTOS\org\Source\list.o
                0x080006f6                vListInitialise
 .text.vListInitialiseItem
                0x08000734       0x18 Third-Party\FreeRTOS\org\Source\list.o
                0x08000734                vListInitialiseItem
 .text.vListInsertEnd
                0x0800074c       0x46 Third-Party\FreeRTOS\org\Source\list.o
                0x0800074c                vListInsertEnd
 .text.uxListRemove
                0x08000792       0x52 Third-Party\FreeRTOS\org\Source\list.o
                0x08000792                uxListRemove
 .text.pxPortInitialiseStack
                0x080007e4       0x58 Third-Party\FreeRTOS\org\Source\portable\GCC\ARM_CM3\port.o
                0x080007e4                pxPortInitialiseStack
 .text.prvTaskExitError
                0x0800083c       0x2e Third-Party\FreeRTOS\org\Source\portable\GCC\ARM_CM3\port.o
 *fill*         0x0800086a        0x6 
 .text.SVC_Handler
                0x08000870       0x28 Third-Party\FreeRTOS\org\Source\portable\GCC\ARM_CM3\port.o
                0x08000870                SVC_Handler
 .text.prvPortStartFirstTask
                0x08000898       0x20 Third-Party\FreeRTOS\org\Source\portable\GCC\ARM_CM3\port.o
 .text.xPortStartScheduler
                0x080008b8       0x40 Third-Party\FreeRTOS\org\Source\portable\GCC\ARM_CM3\port.o
                0x080008b8                xPortStartScheduler
 .text.vPortEnterCritical
                0x080008f8       0x30 Third-Party\FreeRTOS\org\Source\portable\GCC\ARM_CM3\port.o
                0x080008f8                vPortEnterCritical
 .text.vPortExitCritical
                0x08000928       0x30 Third-Party\FreeRTOS\org\Source\portable\GCC\ARM_CM3\port.o
                0x08000928                vPortExitCritical
 *fill*         0x08000958        0x8 
 .text.PendSV_Handler
                0x08000960       0x48 Third-Party\FreeRTOS\org\Source\portable\GCC\ARM_CM3\port.o
                0x08000960                PendSV_Handler
 .text.SysTick_Handler
                0x080009a8       0x50 Third-Party\FreeRTOS\org\Source\portable\GCC\ARM_CM3\port.o
                0x080009a8                SysTick_Handler
 .text.vPortSetupTimerInterrupt
                0x080009f8       0x34 Third-Party\FreeRTOS\org\Source\portable\GCC\ARM_CM3\port.o
                0x080009f8                vPortSetupTimerInterrupt
 .text.pvPortMalloc
                0x08000a2c      0x134 Third-Party\FreeRTOS\org\Source\portable\MemMang\heap_4.o
                0x08000a2c                pvPortMalloc
 .text.vPortFree
                0x08000b60       0x80 Third-Party\FreeRTOS\org\Source\portable\MemMang\heap_4.o
                0x08000b60                vPortFree
 .text.prvHeapInit
                0x08000be0       0xc4 Third-Party\FreeRTOS\org\Source\portable\MemMang\heap_4.o
 .text.prvInsertBlockIntoFreeList
                0x08000ca4       0xb0 Third-Party\FreeRTOS\org\Source\portable\MemMang\heap_4.o
 .text.xTaskCreate
                0x08000d54       0x82 Third-Party\FreeRTOS\org\Source\tasks.o
                0x08000d54                xTaskCreate
 .text.prvInitialiseNewTask
                0x08000dd6       0xfe Third-Party\FreeRTOS\org\Source\tasks.o
 .text.prvAddNewTaskToReadyList
                0x08000ed4      0x110 Third-Party\FreeRTOS\org\Source\tasks.o
 .text.vTaskDelete
                0x08000fe4      0x130 Third-Party\FreeRTOS\org\Source\tasks.o
                0x08000fe4                vTaskDelete
 .text.vTaskStartScheduler
                0x08001114       0x8c Third-Party\FreeRTOS\org\Source\tasks.o
                0x08001114                vTaskStartScheduler
 .text.vTaskSuspendAll
                0x080011a0       0x1c Third-Party\FreeRTOS\org\Source\tasks.o
                0x080011a0                vTaskSuspendAll
 .text.xTaskResumeAll
                0x080011bc      0x124 Third-Party\FreeRTOS\org\Source\tasks.o
                0x080011bc                xTaskResumeAll
 .text.xTaskGetTickCount
                0x080012e0       0x1c Third-Party\FreeRTOS\org\Source\tasks.o
                0x080012e0                xTaskGetTickCount
 .text.xTaskIncrementTick
                0x080012fc      0x158 Third-Party\FreeRTOS\org\Source\tasks.o
                0x080012fc                xTaskIncrementTick
 .text.vTaskSwitchContext
                0x08001454       0xa8 Third-Party\FreeRTOS\org\Source\tasks.o
                0x08001454                vTaskSwitchContext
 .text.prvIdleTask
                0x080014fc       0x30 Third-Party\FreeRTOS\org\Source\tasks.o
 .text.prvInitialiseTaskLists
                0x0800152c       0x80 Third-Party\FreeRTOS\org\Source\tasks.o
 .text.prvCheckTasksWaitingTermination
                0x080015ac       0x58 Third-Party\FreeRTOS\org\Source\tasks.o
 .text.prvDeleteTCB
                0x08001604       0x20 Third-Party\FreeRTOS\org\Source\tasks.o
 .text.prvResetNextTaskUnblockTime
                0x08001624       0x40 Third-Party\FreeRTOS\org\Source\tasks.o
 .text.SYSVIEW_AddTask
                0x08001664       0xd0 Third-Party\SEGGER\OS\SEGGER_SYSVIEW_FreeRTOS.o
                0x08001664                SYSVIEW_AddTask
 .text.SYSVIEW_DeleteTask
                0x08001734      0x178 Third-Party\SEGGER\OS\SEGGER_SYSVIEW_FreeRTOS.o
                0x08001734                SYSVIEW_DeleteTask
 .text.SYSVIEW_SendTaskInfo
                0x080018ac       0x42 Third-Party\SEGGER\OS\SEGGER_SYSVIEW_FreeRTOS.o
                0x080018ac                SYSVIEW_SendTaskInfo
 *fill*         0x080018ee        0x2 
 .text._DoInit  0x080018f0       0xa4 Third-Party\SEGGER\SEGGER\SEGGER_RTT.o
 .text.SEGGER_RTT_ReadNoLock
                0x08001994      0x104 Third-Party\SEGGER\SEGGER\SEGGER_RTT.o
                0x08001994                SEGGER_RTT_ReadNoLock
 .text.SEGGER_RTT_WriteSkipNoLock
                0x08001a98      0x120 Third-Party\SEGGER\SEGGER\SEGGER_RTT.o
                0x08001a98                SEGGER_RTT_WriteSkipNoLock
 .text._EncodeStr
                0x08001bb8       0x98 Third-Party\SEGGER\SEGGER\SEGGER_SYSVIEW.o
 .text._PreparePacket
                0x08001c50       0x16 Third-Party\SEGGER\SEGGER\SEGGER_SYSVIEW.o
 .text._HandleIncomingPacket
                0x08001c66       0xb4 Third-Party\SEGGER\SEGGER\SEGGER_SYSVIEW.o
 *fill*         0x08001d1a        0x2 
 .text._TrySendOverflowPacket
                0x08001d1c       0xe0 Third-Party\SEGGER\SEGGER\SEGGER_SYSVIEW.o
 .text._SendPacket
                0x08001dfc      0x1a4 Third-Party\SEGGER\SEGGER\SEGGER_SYSVIEW.o
 .text.SEGGER_SYSVIEW_RecordVoid
                0x08001fa0       0x3c Third-Party\SEGGER\SEGGER\SEGGER_SYSVIEW.o
                0x08001fa0                SEGGER_SYSVIEW_RecordVoid
 .text.SEGGER_SYSVIEW_RecordU32
                0x08001fdc       0x78 Third-Party\SEGGER\SEGGER\SEGGER_SYSVIEW.o
                0x08001fdc                SEGGER_SYSVIEW_RecordU32
 .text.SEGGER_SYSVIEW_RecordU32x2
                0x08002054       0xb4 Third-Party\SEGGER\SEGGER\SEGGER_SYSVIEW.o
                0x08002054                SEGGER_SYSVIEW_RecordU32x2
 .text.SEGGER_SYSVIEW_Start
                0x08002108      0x178 Third-Party\SEGGER\SEGGER\SEGGER_SYSVIEW.o
                0x08002108                SEGGER_SYSVIEW_Start
 .text.SEGGER_SYSVIEW_Stop
                0x08002280       0x4c Third-Party\SEGGER\SEGGER\SEGGER_SYSVIEW.o
                0x08002280                SEGGER_SYSVIEW_Stop
 .text.SEGGER_SYSVIEW_GetSysDesc
                0x080022cc      0x134 Third-Party\SEGGER\SEGGER\SEGGER_SYSVIEW.o
                0x080022cc                SEGGER_SYSVIEW_GetSysDesc
 .text.SEGGER_SYSVIEW_SendTaskInfo
                0x08002400      0x1cc Third-Party\SEGGER\SEGGER\SEGGER_SYSVIEW.o
                0x08002400                SEGGER_SYSVIEW_SendTaskInfo
 .text.SEGGER_SYSVIEW_SendTaskList
                0x080025cc       0x28 Third-Party\SEGGER\SEGGER\SEGGER_SYSVIEW.o
                0x080025cc                SEGGER_SYSVIEW_SendTaskList
 .text.SEGGER_SYSVIEW_RecordSystime
                0x080025f4       0x58 Third-Party\SEGGER\SEGGER\SEGGER_SYSVIEW.o
                0x080025f4                SEGGER_SYSVIEW_RecordSystime
 .text.SEGGER_SYSVIEW_RecordEnterISR
                0x0800264c       0x84 Third-Party\SEGGER\SEGGER\SEGGER_SYSVIEW.o
                0x0800264c                SEGGER_SYSVIEW_RecordEnterISR
 .text.SEGGER_SYSVIEW_RecordExitISR
                0x080026d0       0x38 Third-Party\SEGGER\SEGGER\SEGGER_SYSVIEW.o
                0x080026d0                SEGGER_SYSVIEW_RecordExitISR
 .text.SEGGER_SYSVIEW_RecordExitISRToScheduler
                0x08002708       0x38 Third-Party\SEGGER\SEGGER\SEGGER_SYSVIEW.o
                0x08002708                SEGGER_SYSVIEW_RecordExitISRToScheduler
 .text.SEGGER_SYSVIEW_OnIdle
                0x08002740       0x38 Third-Party\SEGGER\SEGGER\SEGGER_SYSVIEW.o
                0x08002740                SEGGER_SYSVIEW_OnIdle
 .text.SEGGER_SYSVIEW_OnTaskCreate
                0x08002778       0x88 Third-Party\SEGGER\SEGGER\SEGGER_SYSVIEW.o
                0x08002778                SEGGER_SYSVIEW_OnTaskCreate
 .text.SEGGER_SYSVIEW_OnTaskStartExec
                0x08002800       0x88 Third-Party\SEGGER\SEGGER\SEGGER_SYSVIEW.o
                0x08002800                SEGGER_SYSVIEW_OnTaskStartExec
 .text.SEGGER_SYSVIEW_OnTaskStartReady
                0x08002888       0x88 Third-Party\SEGGER\SEGGER\SEGGER_SYSVIEW.o
                0x08002888                SEGGER_SYSVIEW_OnTaskStartReady
 .text.SEGGER_SYSVIEW_ShrinkId
                0x08002910       0x20 Third-Party\SEGGER\SEGGER\SEGGER_SYSVIEW.o
                0x08002910                SEGGER_SYSVIEW_ShrinkId
 .text.SEGGER_SYSVIEW_SendModule
                0x08002930      0x100 Third-Party\SEGGER\SEGGER\SEGGER_SYSVIEW.o
                0x08002930                SEGGER_SYSVIEW_SendModule
 .text.SEGGER_SYSVIEW_SendModuleDescription
                0x08002a30       0x3c Third-Party\SEGGER\SEGGER\SEGGER_SYSVIEW.o
                0x08002a30                SEGGER_SYSVIEW_SendModuleDescription
 .text.SEGGER_SYSVIEW_SendNumModules
                0x08002a6c       0x7c Third-Party\SEGGER\SEGGER\SEGGER_SYSVIEW.o
                0x08002a6c                SEGGER_SYSVIEW_SendNumModules
 .text.SEGGER_SYSVIEW_Warn
                0x08002ae8       0xb8 Third-Party\SEGGER\SEGGER\SEGGER_SYSVIEW.o
                0x08002ae8                SEGGER_SYSVIEW_Warn
 .text.main     0x08002ba0       0x68 src\main.o
                0x08002ba0                main
 .text.vTask1_Handler
                0x08002c08       0x44 src\main.o
                0x08002c08                vTask1_Handler
 .text.vTask2_Handler
                0x08002c4c       0x84 src\main.o
                0x08002c4c                vTask2_Handler
 .text.prvSetupHardware
                0x08002cd0       0x10 src\main.o
 .text.printmsg
                0x08002ce0       0x50 src\main.o
                0x08002ce0                printmsg
 .text.prvUARTSetup
                0x08002d30       0x80 src\main.o
                0x08002d30                prvUARTSetup
 .text.prvGPIOSetup
                0x08002db0       0x54 src\main.o
                0x08002db0                prvGPIOSetup
 .text.RTOS_Delay
                0x08002e04       0x40 src\main.o
                0x08002e04                RTOS_Delay
 .text.Reset_Handler
                0x08002e44       0x50 src\startup_stm32f10x_md.o
                0x08002e44                Reset_Handler
 .text.Default_Handler
                0x08002e94        0x2 src\startup_stm32f10x_md.o
                0x08002e94                EXTI2_IRQHandler
                0x08002e94                DebugMon_Handler
                0x08002e94                TIM1_CC_IRQHandler
                0x08002e94                HardFault_Handler
                0x08002e94                PVD_IRQHandler
                0x08002e94                NMI_Handler
                0x08002e94                EXTI3_IRQHandler
                0x08002e94                EXTI0_IRQHandler
                0x08002e94                I2C2_EV_IRQHandler
                0x08002e94                UsageFault_Handler
                0x08002e94                ADC1_2_IRQHandler
                0x08002e94                SPI1_IRQHandler
                0x08002e94                TAMPER_IRQHandler
                0x08002e94                DMA1_Channel4_IRQHandler
                0x08002e94                USART3_IRQHandler
                0x08002e94                RTC_IRQHandler
                0x08002e94                DMA1_Channel7_IRQHandler
                0x08002e94                CAN1_RX1_IRQHandler
                0x08002e94                TIM4_IRQHandler
                0x08002e94                I2C1_EV_IRQHandler
                0x08002e94                DMA1_Channel6_IRQHandler
                0x08002e94                TIM3_IRQHandler
                0x08002e94                RCC_IRQHandler
                0x08002e94                TIM1_TRG_COM_IRQHandler
                0x08002e94                DMA1_Channel1_IRQHandler
                0x08002e94                Default_Handler
                0x08002e94                EXTI15_10_IRQHandler
                0x08002e94                EXTI9_5_IRQHandler
                0x08002e94                SPI2_IRQHandler
                0x08002e94                MemManage_Handler
                0x08002e94                DMA1_Channel5_IRQHandler
                0x08002e94                EXTI4_IRQHandler
                0x08002e94                USB_LP_CAN1_RX0_IRQHandler
                0x08002e94                USB_HP_CAN1_TX_IRQHandler
                0x08002e94                DMA1_Channel3_IRQHandler
                0x08002e94                TIM1_UP_IRQHandler
                0x08002e94                WWDG_IRQHandler
                0x08002e94                TIM2_IRQHandler
                0x08002e94                TIM1_BRK_IRQHandler
                0x08002e94                EXTI1_IRQHandler
                0x08002e94                RTCAlarm_IRQHandler
                0x08002e94                USART2_IRQHandler
                0x08002e94                I2C2_ER_IRQHandler
                0x08002e94                DMA1_Channel2_IRQHandler
                0x08002e94                CAN1_SCE_IRQHandler
                0x08002e94                FLASH_IRQHandler
                0x08002e94                BusFault_Handler
                0x08002e94                USART1_IRQHandler
                0x08002e94                I2C1_ER_IRQHandler
                0x08002e94                USBWakeUp_IRQHandler
 *fill*         0x08002e96        0x2 
 .text.SystemInit
                0x08002e98       0x68 src\system_stm32f10x.o
                0x08002e98                SystemInit
 .text.SetSysClock
                0x08002f00        0xc src\system_stm32f10x.o
 .text.SetSysClockTo72
                0x08002f0c      0x100 src\system_stm32f10x.o
 .text.__libc_init_array
                0x0800300c       0x48 c:/program files (x86)/atollic/truestudio for stm32 9.3.0/armtools/bin/../lib/gcc/arm-atollic-eabi/6.3.1/../../../../arm-atollic-eabi/lib/armv7-m\libc_nano.a(lib_a-init.o)
                0x0800300c                __libc_init_array
 .text.memcmp   0x08003054       0x1e c:/program files (x86)/atollic/truestudio for stm32 9.3.0/armtools/bin/../lib/gcc/arm-atollic-eabi/6.3.1/../../../../arm-atollic-eabi/lib/armv7-m\libc_nano.a(lib_a-memcmp.o)
                0x08003054                memcmp
 .text.memcpy   0x08003072       0x16 c:/program files (x86)/atollic/truestudio for stm32 9.3.0/armtools/bin/../lib/gcc/arm-atollic-eabi/6.3.1/../../../../arm-atollic-eabi/lib/armv7-m\libc_nano.a(lib_a-memcpy-stub.o)
                0x08003072                memcpy
 .text.memset   0x08003088       0x10 c:/program files (x86)/atollic/truestudio for stm32 9.3.0/armtools/bin/../lib/gcc/arm-atollic-eabi/6.3.1/../../../../arm-atollic-eabi/lib/armv7-m\libc_nano.a(lib_a-memset.o)
                0x08003088                memset
 *(.glue_7)
 .glue_7        0x08003098        0x0 linker stubs
 *(.glue_7t)
 .glue_7t       0x08003098        0x0 linker stubs
 *(.eh_frame)
 .eh_frame      0x08003098        0x0 c:/program files (x86)/atollic/truestudio for stm32 9.3.0/armtools/bin/../lib/gcc/arm-atollic-eabi/6.3.1/armv7-m/crtbegin.o
 *(.init)
 .init          0x08003098        0x4 c:/program files (x86)/atollic/truestudio for stm32 9.3.0/armtools/bin/../lib/gcc/arm-atollic-eabi/6.3.1/armv7-m/crti.o
                0x08003098                _init
 .init          0x0800309c        0x8 c:/program files (x86)/atollic/truestudio for stm32 9.3.0/armtools/bin/../lib/gcc/arm-atollic-eabi/6.3.1/armv7-m/crtn.o
 *(.fini)
 .fini          0x080030a4        0x4 c:/program files (x86)/atollic/truestudio for stm32 9.3.0/armtools/bin/../lib/gcc/arm-atollic-eabi/6.3.1/armv7-m/crti.o
                0x080030a4                _fini
 .fini          0x080030a8        0x8 c:/program files (x86)/atollic/truestudio for stm32 9.3.0/armtools/bin/../lib/gcc/arm-atollic-eabi/6.3.1/armv7-m/crtn.o
                0x080030b0                . = ALIGN (0x4)
                0x080030b0                _etext = .

.vfp11_veneer   0x080030b0        0x0
 .vfp11_veneer  0x080030b0        0x0 linker stubs

.v4_bx          0x080030b0        0x0
 .v4_bx         0x080030b0        0x0 linker stubs

.iplt           0x080030b0        0x0
 .iplt          0x080030b0        0x0 c:/program files (x86)/atollic/truestudio for stm32 9.3.0/armtools/bin/../lib/gcc/arm-atollic-eabi/6.3.1/armv7-m/crtbegin.o

.rodata         0x080030b0       0xf4
                0x080030b0                . = ALIGN (0x4)
 *(.rodata)
 .rodata        0x080030b0        0x5 Third-Party\FreeRTOS\org\Source\tasks.o
 *fill*         0x080030b5        0x3 
 .rodata        0x080030b8       0x58 Third-Party\SEGGER\OS\SEGGER_SYSVIEW_FreeRTOS.o
 .rodata        0x08003110       0x17 Third-Party\SEGGER\SEGGER\SEGGER_RTT.o
 *fill*         0x08003127        0x1 
 .rodata        0x08003128       0x70 src\main.o
 *(.rodata*)
 .rodata._abSync
                0x08003198        0xa Third-Party\SEGGER\SEGGER\SEGGER_SYSVIEW.o
                0x080031a4                . = ALIGN (0x4)
 *fill*         0x080031a2        0x2 

.rel.dyn        0x080031a4        0x0
 .rel.iplt      0x080031a4        0x0 c:/program files (x86)/atollic/truestudio for stm32 9.3.0/armtools/bin/../lib/gcc/arm-atollic-eabi/6.3.1/armv7-m/crtbegin.o

.ARM.extab
 *(.ARM.extab* .gnu.linkonce.armextab.*)

.ARM            0x080031a4        0x0
                0x080031a4                __exidx_start = .
 *(.ARM.exidx*)
                0x080031a4                __exidx_end = .

.preinit_array  0x080031a4        0x0
                0x080031a4                PROVIDE (__preinit_array_start, .)
 *(.preinit_array*)
                0x080031a4                PROVIDE (__preinit_array_end, .)

.init_array     0x080031a4        0x4
                0x080031a4                PROVIDE (__init_array_start, .)
 *(SORT(.init_array.*))
 *(.init_array*)
 .init_array    0x080031a4        0x4 c:/program files (x86)/atollic/truestudio for stm32 9.3.0/armtools/bin/../lib/gcc/arm-atollic-eabi/6.3.1/armv7-m/crtbegin.o
                0x080031a8                PROVIDE (__init_array_end, .)

.fini_array     0x080031a8        0x4
                [!provide]                PROVIDE (__fini_array_start, .)
 *(SORT(.fini_array.*))
 *(.fini_array*)
 .fini_array    0x080031a8        0x4 c:/program files (x86)/atollic/truestudio for stm32 9.3.0/armtools/bin/../lib/gcc/arm-atollic-eabi/6.3.1/armv7-m/crtbegin.o
                [!provide]                PROVIDE (__fini_array_end, .)
                0x080031ac                _sidata = LOADADDR (.data)

.data           0x20000000       0x18 load address 0x080031ac
                0x20000000                . = ALIGN (0x4)
                0x20000000                _sdata = .
 *(.data)
 *(.data*)
 .data.APBAHBPrescTable
                0x20000000       0x10 Libraries\STM32F10x_StdPeriph_Driver\src\stm32f10x_rcc.o
 .data.ADCPrescTable
                0x20000010        0x4 Libraries\STM32F10x_StdPeriph_Driver\src\stm32f10x_rcc.o
 .data.uxCriticalNesting
                0x20000014        0x4 Third-Party\FreeRTOS\org\Source\portable\GCC\ARM_CM3\port.o
                0x20000018                . = ALIGN (0x4)
                0x20000018                _edata = .

.igot.plt       0x20000018        0x0 load address 0x080031c4
 .igot.plt      0x20000018        0x0 c:/program files (x86)/atollic/truestudio for stm32 9.3.0/armtools/bin/../lib/gcc/arm-atollic-eabi/6.3.1/armv7-m/crtbegin.o
                0x20000018                . = ALIGN (0x4)

.bss            0x20000018     0x4080 load address 0x080031c4
                0x20000018                _sbss = .
                0x20000018                __bss_start__ = _sbss
 *(.bss)
 .bss           0x20000018       0x1c c:/program files (x86)/atollic/truestudio for stm32 9.3.0/armtools/bin/../lib/gcc/arm-atollic-eabi/6.3.1/armv7-m/crtbegin.o
 *(.bss*)
 .bss.ucHeap    0x20000034     0x3800 Third-Party\FreeRTOS\org\Source\portable\MemMang\heap_4.o
 .bss.xStart    0x20003834        0x8 Third-Party\FreeRTOS\org\Source\portable\MemMang\heap_4.o
 .bss.pxEnd     0x2000383c        0x4 Third-Party\FreeRTOS\org\Source\portable\MemMang\heap_4.o
 .bss.xFreeBytesRemaining
                0x20003840        0x4 Third-Party\FreeRTOS\org\Source\portable\MemMang\heap_4.o
 .bss.xMinimumEverFreeBytesRemaining
                0x20003844        0x4 Third-Party\FreeRTOS\org\Source\portable\MemMang\heap_4.o
 .bss.xNumberOfSuccessfulAllocations
                0x20003848        0x4 Third-Party\FreeRTOS\org\Source\portable\MemMang\heap_4.o
 .bss.xNumberOfSuccessfulFrees
                0x2000384c        0x4 Third-Party\FreeRTOS\org\Source\portable\MemMang\heap_4.o
 .bss.xBlockAllocatedBit
                0x20003850        0x4 Third-Party\FreeRTOS\org\Source\portable\MemMang\heap_4.o
 .bss.pxCurrentTCB
                0x20003854        0x4 Third-Party\FreeRTOS\org\Source\tasks.o
                0x20003854                pxCurrentTCB
 .bss.pxReadyTasksLists
                0x20003858       0x64 Third-Party\FreeRTOS\org\Source\tasks.o
 .bss.xDelayedTaskList1
                0x200038bc       0x14 Third-Party\FreeRTOS\org\Source\tasks.o
 .bss.xDelayedTaskList2
                0x200038d0       0x14 Third-Party\FreeRTOS\org\Source\tasks.o
 .bss.pxDelayedTaskList
                0x200038e4        0x4 Third-Party\FreeRTOS\org\Source\tasks.o
 .bss.pxOverflowDelayedTaskList
                0x200038e8        0x4 Third-Party\FreeRTOS\org\Source\tasks.o
 .bss.xPendingReadyList
                0x200038ec       0x14 Third-Party\FreeRTOS\org\Source\tasks.o
 .bss.xTasksWaitingTermination
                0x20003900       0x14 Third-Party\FreeRTOS\org\Source\tasks.o
 .bss.uxDeletedTasksWaitingCleanUp
                0x20003914        0x4 Third-Party\FreeRTOS\org\Source\tasks.o
 .bss.xSuspendedTaskList
                0x20003918       0x14 Third-Party\FreeRTOS\org\Source\tasks.o
 .bss.uxCurrentNumberOfTasks
                0x2000392c        0x4 Third-Party\FreeRTOS\org\Source\tasks.o
 .bss.xTickCount
                0x20003930        0x4 Third-Party\FreeRTOS\org\Source\tasks.o
 .bss.uxTopReadyPriority
                0x20003934        0x4 Third-Party\FreeRTOS\org\Source\tasks.o
 .bss.xSchedulerRunning
                0x20003938        0x4 Third-Party\FreeRTOS\org\Source\tasks.o
 .bss.xPendedTicks
                0x2000393c        0x4 Third-Party\FreeRTOS\org\Source\tasks.o
 .bss.xYieldPending
                0x20003940        0x4 Third-Party\FreeRTOS\org\Source\tasks.o
 .bss.xNumOfOverflows
                0x20003944        0x4 Third-Party\FreeRTOS\org\Source\tasks.o
 .bss.uxTaskNumber
                0x20003948        0x4 Third-Party\FreeRTOS\org\Source\tasks.o
 .bss.xNextTaskUnblockTime
                0x2000394c        0x4 Third-Party\FreeRTOS\org\Source\tasks.o
 .bss.xIdleTaskHandle
                0x20003950        0x4 Third-Party\FreeRTOS\org\Source\tasks.o
 .bss.uxSchedulerSuspended
                0x20003954        0x4 Third-Party\FreeRTOS\org\Source\tasks.o
 .bss._aTasks   0x20003958       0xa0 Third-Party\SEGGER\OS\SEGGER_SYSVIEW_FreeRTOS.o
 .bss._NumTasks
                0x200039f8        0x4 Third-Party\SEGGER\OS\SEGGER_SYSVIEW_FreeRTOS.o
 .bss._acUpBuffer
                0x200039fc      0x400 Third-Party\SEGGER\SEGGER\SEGGER_RTT.o
 .bss._acDownBuffer
                0x20003dfc       0x10 Third-Party\SEGGER\SEGGER\SEGGER_RTT.o
 .bss._SYSVIEW_Globals
                0x20003e0c       0x28 Third-Party\SEGGER\SEGGER\SEGGER_SYSVIEW.o
 .bss._pFirstModule
                0x20003e34        0x4 Third-Party\SEGGER\SEGGER\SEGGER_SYSVIEW.o
 .bss._NumModules
                0x20003e38        0x1 Third-Party\SEGGER\SEGGER\SEGGER_SYSVIEW.o
 *fill*         0x20003e39        0x3 
 .bss._aPacket  0x20003e3c       0xe3 Third-Party\SEGGER\SEGGER\SEGGER_SYSVIEW.o
 *fill*         0x20003f1f        0x1 
 .bss.xTaskHandle1
                0x20003f20        0x4 src\main.o
                0x20003f20                xTaskHandle1
 .bss.xTaskHandle2
                0x20003f24        0x4 src\main.o
                0x20003f24                xTaskHandle2
 *(COMMON)
 COMMON         0x20003f28       0xa8 Third-Party\SEGGER\SEGGER\SEGGER_RTT.o
                0x20003f28                _SEGGER_RTT
 COMMON         0x20003fd0       0xc8 src\main.o
                0x20003fd0                usr_msg
                0x20004098                . = ALIGN (0x4)
                0x20004098                _ebss = .
                0x20004098                __bss_end__ = _ebss

._user_heap_stack
                0x20004098      0x100 load address 0x080031c4
                0x20004098                . = ALIGN (0x4)
                0x20004098                PROVIDE (end, .)
                [!provide]                PROVIDE (_end, .)
                0x20004098                . = (. + _Min_Heap_Size)
                0x20004198                . = (. + _Min_Stack_Size)
 *fill*         0x20004098      0x100 
                0x20004198                . = ALIGN (0x4)

.memory_b1_text
 *(.mb1text)
 *(.mb1text*)
 *(.mb1rodata)
 *(.mb1rodata*)

/DISCARD/
 libc.a(*)
 libm.a(*)
 libgcc.a(*)

.ARM.attributes
                0x00000000       0x29
 *(.ARM.attributes)
 .ARM.attributes
                0x00000000       0x1d c:/program files (x86)/atollic/truestudio for stm32 9.3.0/armtools/bin/../lib/gcc/arm-atollic-eabi/6.3.1/armv7-m/crti.o
 .ARM.attributes
                0x0000001d       0x2d c:/program files (x86)/atollic/truestudio for stm32 9.3.0/armtools/bin/../lib/gcc/arm-atollic-eabi/6.3.1/armv7-m/crtbegin.o
 .ARM.attributes
                0x0000004a       0x33 Libraries\STM32F10x_StdPeriph_Driver\src\misc.o
 .ARM.attributes
                0x0000007d       0x33 Libraries\STM32F10x_StdPeriph_Driver\src\stm32f10x_gpio.o
 .ARM.attributes
                0x000000b0       0x33 Libraries\STM32F10x_StdPeriph_Driver\src\stm32f10x_rcc.o
 .ARM.attributes
                0x000000e3       0x33 Libraries\STM32F10x_StdPeriph_Driver\src\stm32f10x_usart.o
 .ARM.attributes
                0x00000116       0x33 Third-Party\FreeRTOS\org\Source\list.o
 .ARM.attributes
                0x00000149       0x33 Third-Party\FreeRTOS\org\Source\portable\GCC\ARM_CM3\port.o
 .ARM.attributes
                0x0000017c       0x33 Third-Party\FreeRTOS\org\Source\portable\MemMang\heap_4.o
 .ARM.attributes
                0x000001af       0x33 Third-Party\FreeRTOS\org\Source\tasks.o
 .ARM.attributes
                0x000001e2       0x33 Third-Party\SEGGER\OS\SEGGER_SYSVIEW_FreeRTOS.o
 .ARM.attributes
                0x00000215       0x33 Third-Party\SEGGER\SEGGER\SEGGER_RTT.o
 .ARM.attributes
                0x00000248       0x33 Third-Party\SEGGER\SEGGER\SEGGER_SYSVIEW.o
 .ARM.attributes
                0x0000027b       0x33 src\main.o
 .ARM.attributes
                0x000002ae       0x21 src\startup_stm32f10x_md.o
 .ARM.attributes
                0x000002cf       0x33 src\system_stm32f10x.o
 .ARM.attributes
                0x00000302       0x2d c:/program files (x86)/atollic/truestudio for stm32 9.3.0/armtools/bin/../lib/gcc/arm-atollic-eabi/6.3.1/../../../../arm-atollic-eabi/lib/armv7-m\libc_nano.a(lib_a-init.o)
 .ARM.attributes
                0x0000032f       0x2d c:/program files (x86)/atollic/truestudio for stm32 9.3.0/armtools/bin/../lib/gcc/arm-atollic-eabi/6.3.1/../../../../arm-atollic-eabi/lib/armv7-m\libc_nano.a(lib_a-memcmp.o)
 .ARM.attributes
                0x0000035c       0x2d c:/program files (x86)/atollic/truestudio for stm32 9.3.0/armtools/bin/../lib/gcc/arm-atollic-eabi/6.3.1/../../../../arm-atollic-eabi/lib/armv7-m\libc_nano.a(lib_a-memcpy-stub.o)
 .ARM.attributes
                0x00000389       0x2d c:/program files (x86)/atollic/truestudio for stm32 9.3.0/armtools/bin/../lib/gcc/arm-atollic-eabi/6.3.1/../../../../arm-atollic-eabi/lib/armv7-m\libc_nano.a(lib_a-memset.o)
 .ARM.attributes
                0x000003b6       0x17 c:/program files (x86)/atollic/truestudio for stm32 9.3.0/armtools/bin/../lib/gcc/arm-atollic-eabi/6.3.1/../../../../arm-atollic-eabi/lib/armv7-m\libc_nano.a(lib_a-strlen.o)
 .ARM.attributes
                0x000003cd       0x1d c:/program files (x86)/atollic/truestudio for stm32 9.3.0/armtools/bin/../lib/gcc/arm-atollic-eabi/6.3.1/armv7-m/crtn.o
OUTPUT(STM32_FreeRTOS_Tasks_Delete.elf elf32-littlearm)

.debug_info     0x00000000     0xc86e
 .debug_info    0x00000000      0x54d Libraries\STM32F10x_StdPeriph_Driver\src\misc.o
 .debug_info    0x0000054d      0x736 Libraries\STM32F10x_StdPeriph_Driver\src\stm32f10x_gpio.o
 .debug_info    0x00000c83      0x8b2 Libraries\STM32F10x_StdPeriph_Driver\src\stm32f10x_rcc.o
 .debug_info    0x00001535      0x9fb Libraries\STM32F10x_StdPeriph_Driver\src\stm32f10x_usart.o
 .debug_info    0x00001f30      0xaf5 Third-Party\FreeRTOS\org\Source\list.o
 .debug_info    0x00002a25      0x314 Third-Party\FreeRTOS\org\Source\portable\GCC\ARM_CM3\port.o
 .debug_info    0x00002d39      0xc44 Third-Party\FreeRTOS\org\Source\portable\MemMang\heap_4.o
 .debug_info    0x0000397d     0x1f03 Third-Party\FreeRTOS\org\Source\tasks.o
 .debug_info    0x00005880      0xbbd Third-Party\SEGGER\OS\SEGGER_SYSVIEW_FreeRTOS.o
 .debug_info    0x0000643d     0x16ac Third-Party\SEGGER\SEGGER\SEGGER_RTT.o
 .debug_info    0x00007ae9     0x3adc Third-Party\SEGGER\SEGGER\SEGGER_SYSVIEW.o
 .debug_info    0x0000b5c5      0xd40 src\main.o
 .debug_info    0x0000c305       0xc2 src\startup_stm32f10x_md.o
 .debug_info    0x0000c3c7      0x4a7 src\system_stm32f10x.o

.debug_abbrev   0x00000000     0x1b42
 .debug_abbrev  0x00000000      0x172 Libraries\STM32F10x_StdPeriph_Driver\src\misc.o
 .debug_abbrev  0x00000172      0x1dd Libraries\STM32F10x_StdPeriph_Driver\src\stm32f10x_gpio.o
 .debug_abbrev  0x0000034f      0x1cf Libraries\STM32F10x_StdPeriph_Driver\src\stm32f10x_rcc.o
 .debug_abbrev  0x0000051e      0x18f Libraries\STM32F10x_StdPeriph_Driver\src\stm32f10x_usart.o
 .debug_abbrev  0x000006ad      0x1cc Third-Party\FreeRTOS\org\Source\list.o
 .debug_abbrev  0x00000879      0x1ea Third-Party\FreeRTOS\org\Source\portable\GCC\ARM_CM3\port.o
 .debug_abbrev  0x00000a63      0x241 Third-Party\FreeRTOS\org\Source\portable\MemMang\heap_4.o
 .debug_abbrev  0x00000ca4      0x340 Third-Party\FreeRTOS\org\Source\tasks.o
 .debug_abbrev  0x00000fe4      0x1f1 Third-Party\SEGGER\OS\SEGGER_SYSVIEW_FreeRTOS.o
 .debug_abbrev  0x000011d5      0x29d Third-Party\SEGGER\SEGGER\SEGGER_RTT.o
 .debug_abbrev  0x00001472      0x2fb Third-Party\SEGGER\SEGGER\SEGGER_SYSVIEW.o
 .debug_abbrev  0x0000176d      0x255 src\main.o
 .debug_abbrev  0x000019c2       0x12 src\startup_stm32f10x_md.o
 .debug_abbrev  0x000019d4      0x16e src\system_stm32f10x.o

.debug_aranges  0x00000000      0xa58
 .debug_aranges
                0x00000000       0x40 Libraries\STM32F10x_StdPeriph_Driver\src\misc.o
 .debug_aranges
                0x00000040       0xb0 Libraries\STM32F10x_StdPeriph_Driver\src\stm32f10x_gpio.o
 .debug_aranges
                0x000000f0      0x118 Libraries\STM32F10x_StdPeriph_Driver\src\stm32f10x_rcc.o
 .debug_aranges
                0x00000208      0x100 Libraries\STM32F10x_StdPeriph_Driver\src\stm32f10x_usart.o
 .debug_aranges
                0x00000308       0x40 Third-Party\FreeRTOS\org\Source\list.o
 .debug_aranges
                0x00000348       0x70 Third-Party\FreeRTOS\org\Source\portable\GCC\ARM_CM3\port.o
 .debug_aranges
                0x000003b8       0x58 Third-Party\FreeRTOS\org\Source\portable\MemMang\heap_4.o
 .debug_aranges
                0x00000410      0x1d0 Third-Party\FreeRTOS\org\Source\tasks.o
 .debug_aranges
                0x000005e0       0x48 Third-Party\SEGGER\OS\SEGGER_SYSVIEW_FreeRTOS.o
 .debug_aranges
                0x00000628      0x110 Third-Party\SEGGER\SEGGER\SEGGER_RTT.o
 .debug_aranges
                0x00000738      0x268 Third-Party\SEGGER\SEGGER\SEGGER_SYSVIEW.o
 .debug_aranges
                0x000009a0       0x58 src\main.o
 .debug_aranges
                0x000009f8       0x28 src\startup_stm32f10x_md.o
 .debug_aranges
                0x00000a20       0x38 src\system_stm32f10x.o

.debug_ranges   0x00000000      0x980
 .debug_ranges  0x00000000       0x30 Libraries\STM32F10x_StdPeriph_Driver\src\misc.o
 .debug_ranges  0x00000030       0xa0 Libraries\STM32F10x_StdPeriph_Driver\src\stm32f10x_gpio.o
 .debug_ranges  0x000000d0      0x108 Libraries\STM32F10x_StdPeriph_Driver\src\stm32f10x_rcc.o
 .debug_ranges  0x000001d8       0xf0 Libraries\STM32F10x_StdPeriph_Driver\src\stm32f10x_usart.o
 .debug_ranges  0x000002c8       0x30 Third-Party\FreeRTOS\org\Source\list.o
 .debug_ranges  0x000002f8       0x60 Third-Party\FreeRTOS\org\Source\portable\GCC\ARM_CM3\port.o
 .debug_ranges  0x00000358       0x48 Third-Party\FreeRTOS\org\Source\portable\MemMang\heap_4.o
 .debug_ranges  0x000003a0      0x1c0 Third-Party\FreeRTOS\org\Source\tasks.o
 .debug_ranges  0x00000560       0x38 Third-Party\SEGGER\OS\SEGGER_SYSVIEW_FreeRTOS.o
 .debug_ranges  0x00000598      0x100 Third-Party\SEGGER\SEGGER\SEGGER_RTT.o
 .debug_ranges  0x00000698      0x258 Third-Party\SEGGER\SEGGER\SEGGER_SYSVIEW.o
 .debug_ranges  0x000008f0       0x48 src\main.o
 .debug_ranges  0x00000938       0x20 src\startup_stm32f10x_md.o
 .debug_ranges  0x00000958       0x28 src\system_stm32f10x.o

.debug_line     0x00000000     0x5139
 .debug_line    0x00000000      0x25c Libraries\STM32F10x_StdPeriph_Driver\src\misc.o
 .debug_line    0x0000025c      0x3fb Libraries\STM32F10x_StdPeriph_Driver\src\stm32f10x_gpio.o
 .debug_line    0x00000657      0x4e4 Libraries\STM32F10x_StdPeriph_Driver\src\stm32f10x_rcc.o
 .debug_line    0x00000b3b      0x4cb Libraries\STM32F10x_StdPeriph_Driver\src\stm32f10x_usart.o
 .debug_line    0x00001006      0x488 Third-Party\FreeRTOS\org\Source\list.o
 .debug_line    0x0000148e      0x446 Third-Party\FreeRTOS\org\Source\portable\GCC\ARM_CM3\port.o
 .debug_line    0x000018d4      0x530 Third-Party\FreeRTOS\org\Source\portable\MemMang\heap_4.o
 .debug_line    0x00001e04      0xcf5 Third-Party\FreeRTOS\org\Source\tasks.o
 .debug_line    0x00002af9      0x529 Third-Party\SEGGER\OS\SEGGER_SYSVIEW_FreeRTOS.o
 .debug_line    0x00003022      0x563 Third-Party\SEGGER\SEGGER\SEGGER_RTT.o
 .debug_line    0x00003585     0x141f Third-Party\SEGGER\SEGGER\SEGGER_SYSVIEW.o
 .debug_line    0x000049a4      0x4cf src\main.o
 .debug_line    0x00004e73       0x7c src\startup_stm32f10x_md.o
 .debug_line    0x00004eef      0x24a src\system_stm32f10x.o

.debug_str      0x00000000     0x38d9
 .debug_str     0x00000000      0x425 Libraries\STM32F10x_StdPeriph_Driver\src\misc.o
                                0x479 (size before relaxing)
 .debug_str     0x00000425      0x3a2 Libraries\STM32F10x_StdPeriph_Driver\src\stm32f10x_gpio.o
                                0x5e3 (size before relaxing)
 .debug_str     0x000007c7      0x44d Libraries\STM32F10x_StdPeriph_Driver\src\stm32f10x_rcc.o
                                0x6d5 (size before relaxing)
 .debug_str     0x00000c14      0x43e Libraries\STM32F10x_StdPeriph_Driver\src\stm32f10x_usart.o
                                0x74b (size before relaxing)
 .debug_str     0x00001052      0x558 Third-Party\FreeRTOS\org\Source\list.o
                                0x794 (size before relaxing)
 .debug_str     0x000015aa      0x19f Third-Party\FreeRTOS\org\Source\portable\GCC\ARM_CM3\port.o
                                0x3c6 (size before relaxing)
 .debug_str     0x00001749      0x2e1 Third-Party\FreeRTOS\org\Source\portable\MemMang\heap_4.o
                                0x93f (size before relaxing)
 .debug_str     0x00001a2a      0xb80 Third-Party\FreeRTOS\org\Source\tasks.o
                               0x1330 (size before relaxing)
 .debug_str     0x000025aa      0x164 Third-Party\SEGGER\OS\SEGGER_SYSVIEW_FreeRTOS.o
                                0x7e7 (size before relaxing)
 .debug_str     0x0000270e      0x42a Third-Party\SEGGER\SEGGER\SEGGER_RTT.o
                                0xa2e (size before relaxing)
 .debug_str     0x00002b38      0xc13 Third-Party\SEGGER\SEGGER\SEGGER_SYSVIEW.o
                               0x1383 (size before relaxing)
 .debug_str     0x0000374b      0x113 src\main.o
                                0x984 (size before relaxing)
 .debug_str     0x0000385e       0x7b src\system_stm32f10x.o
                                0x376 (size before relaxing)

.comment        0x00000000       0x7c
 .comment       0x00000000       0x7c Libraries\STM32F10x_StdPeriph_Driver\src\misc.o
                                 0x7d (size before relaxing)
 .comment       0x0000007c       0x7d Libraries\STM32F10x_StdPeriph_Driver\src\stm32f10x_gpio.o
 .comment       0x0000007c       0x7d Libraries\STM32F10x_StdPeriph_Driver\src\stm32f10x_rcc.o
 .comment       0x0000007c       0x7d Libraries\STM32F10x_StdPeriph_Driver\src\stm32f10x_usart.o
 .comment       0x0000007c       0x7d Third-Party\FreeRTOS\org\Source\list.o
 .comment       0x0000007c       0x7d Third-Party\FreeRTOS\org\Source\portable\GCC\ARM_CM3\port.o
 .comment       0x0000007c       0x7d Third-Party\FreeRTOS\org\Source\portable\MemMang\heap_4.o
 .comment       0x0000007c       0x7d Third-Party\FreeRTOS\org\Source\tasks.o
 .comment       0x0000007c       0x7d Third-Party\SEGGER\OS\SEGGER_SYSVIEW_FreeRTOS.o
 .comment       0x0000007c       0x7d Third-Party\SEGGER\SEGGER\SEGGER_RTT.o
 .comment       0x0000007c       0x7d Third-Party\SEGGER\SEGGER\SEGGER_SYSVIEW.o
 .comment       0x0000007c       0x7d src\main.o
 .comment       0x0000007c       0x7d src\system_stm32f10x.o

.debug_frame    0x00000000     0x2be8
 .debug_frame   0x00000000       0xd8 Libraries\STM32F10x_StdPeriph_Driver\src\misc.o
 .debug_frame   0x000000d8      0x2f8 Libraries\STM32F10x_StdPeriph_Driver\src\stm32f10x_gpio.o
 .debug_frame   0x000003d0      0x4f4 Libraries\STM32F10x_StdPeriph_Driver\src\stm32f10x_rcc.o
 .debug_frame   0x000008c4      0x490 Libraries\STM32F10x_StdPeriph_Driver\src\stm32f10x_usart.o
 .debug_frame   0x00000d54       0xd8 Third-Party\FreeRTOS\org\Source\list.o
 .debug_frame   0x00000e2c      0x160 Third-Party\FreeRTOS\org\Source\portable\GCC\ARM_CM3\port.o
 .debug_frame   0x00000f8c      0x12c Third-Party\FreeRTOS\org\Source\portable\MemMang\heap_4.o
 .debug_frame   0x000010b8      0x7f8 Third-Party\FreeRTOS\org\Source\tasks.o
 .debug_frame   0x000018b0      0x108 Third-Party\SEGGER\OS\SEGGER_SYSVIEW_FreeRTOS.o
 .debug_frame   0x000019b8      0x478 Third-Party\SEGGER\SEGGER\SEGGER_RTT.o
 .debug_frame   0x00001e30      0xb60 Third-Party\SEGGER\SEGGER\SEGGER_SYSVIEW.o
 .debug_frame   0x00002990      0x124 src\main.o
 .debug_frame   0x00002ab4       0x98 src\system_stm32f10x.o
 .debug_frame   0x00002b4c       0x2c c:/program files (x86)/atollic/truestudio for stm32 9.3.0/armtools/bin/../lib/gcc/arm-atollic-eabi/6.3.1/../../../../arm-atollic-eabi/lib/armv7-m\libc_nano.a(lib_a-init.o)
 .debug_frame   0x00002b78       0x28 c:/program files (x86)/atollic/truestudio for stm32 9.3.0/armtools/bin/../lib/gcc/arm-atollic-eabi/6.3.1/../../../../arm-atollic-eabi/lib/armv7-m\libc_nano.a(lib_a-memcmp.o)
 .debug_frame   0x00002ba0       0x28 c:/program files (x86)/atollic/truestudio for stm32 9.3.0/armtools/bin/../lib/gcc/arm-atollic-eabi/6.3.1/../../../../arm-atollic-eabi/lib/armv7-m\libc_nano.a(lib_a-memcpy-stub.o)
 .debug_frame   0x00002bc8       0x20 c:/program files (x86)/atollic/truestudio for stm32 9.3.0/armtools/bin/../lib/gcc/arm-atollic-eabi/6.3.1/../../../../arm-atollic-eabi/lib/armv7-m\libc_nano.a(lib_a-memset.o)

Cross Reference Table

Symbol                                            File
ADC1_2_IRQHandler                                 src\startup_stm32f10x_md.o
ADC_AnalogWatchdogCmd                             Libraries\STM32F10x_StdPeriph_Driver\src\stm32f10x_adc.o
ADC_AnalogWatchdogSingleChannelConfig             Libraries\STM32F10x_StdPeriph_Driver\src\stm32f10x_adc.o
ADC_AnalogWatchdogThresholdsConfig                Libraries\STM32F10x_StdPeriph_Driver\src\stm32f10x_adc.o
ADC_AutoInjectedConvCmd                           Libraries\STM32F10x_StdPeriph_Driver\src\stm32f10x_adc.o
ADC_ClearFlag                                     Libraries\STM32F10x_StdPeriph_Driver\src\stm32f10x_adc.o
ADC_ClearITPendingBit                             Libraries\STM32F10x_StdPeriph_Driver\src\stm32f10x_adc.o
ADC_Cmd                                           Libraries\STM32F10x_StdPeriph_Driver\src\stm32f10x_adc.o
ADC_DMACmd                                        Libraries\STM32F10x_StdPeriph_Driver\src\stm32f10x_adc.o
ADC_DeInit                                        Libraries\STM32F10x_StdPeriph_Driver\src\stm32f10x_adc.o
ADC_DiscModeChannelCountConfig                    Libraries\STM32F10x_StdPeriph_Driver\src\stm32f10x_adc.o
ADC_DiscModeCmd                                   Libraries\STM32F10x_StdPeriph_Driver\src\stm32f10x_adc.o
ADC_ExternalTrigConvCmd                           Libraries\STM32F10x_StdPeriph_Driver\src\stm32f10x_adc.o
ADC_ExternalTrigInjectedConvCmd                   Libraries\STM32F10x_StdPeriph_Driver\src\stm32f10x_adc.o
ADC_ExternalTrigInjectedConvConfig                Libraries\STM32F10x_StdPeriph_Driver\src\stm32f10x_adc.o
ADC_GetCalibrationStatus                          Libraries\STM32F10x_StdPeriph_Driver\src\stm32f10x_adc.o
ADC_GetConversionValue                            Libraries\STM32F10x_StdPeriph_Driver\src\stm32f10x_adc.o
ADC_GetDualModeConversionValue                    Libraries\STM32F10x_StdPeriph_Driver\src\stm32f10x_adc.o
ADC_GetFlagStatus                                 Libraries\STM32F10x_StdPeriph_Driver\src\stm32f10x_adc.o
ADC_GetITStatus                                   Libraries\STM32F10x_StdPeriph_Driver\src\stm32f10x_adc.o
ADC_GetInjectedConversionValue                    Libraries\STM32F10x_StdPeriph_Driver\src\stm32f10x_adc.o
ADC_GetResetCalibrationStatus                     Libraries\STM32F10x_StdPeriph_Driver\src\stm32f10x_adc.o
ADC_GetSoftwareStartConvStatus                    Libraries\STM32F10x_StdPeriph_Driver\src\stm32f10x_adc.o
ADC_GetSoftwareStartInjectedConvCmdStatus         Libraries\STM32F10x_StdPeriph_Driver\src\stm32f10x_adc.o
ADC_ITConfig                                      Libraries\STM32F10x_StdPeriph_Driver\src\stm32f10x_adc.o
ADC_Init                                          Libraries\STM32F10x_StdPeriph_Driver\src\stm32f10x_adc.o
ADC_InjectedChannelConfig                         Libraries\STM32F10x_StdPeriph_Driver\src\stm32f10x_adc.o
ADC_InjectedDiscModeCmd                           Libraries\STM32F10x_StdPeriph_Driver\src\stm32f10x_adc.o
ADC_InjectedSequencerLengthConfig                 Libraries\STM32F10x_StdPeriph_Driver\src\stm32f10x_adc.o
ADC_RegularChannelConfig                          Libraries\STM32F10x_StdPeriph_Driver\src\stm32f10x_adc.o
ADC_ResetCalibration                              Libraries\STM32F10x_StdPeriph_Driver\src\stm32f10x_adc.o
ADC_SetInjectedOffset                             Libraries\STM32F10x_StdPeriph_Driver\src\stm32f10x_adc.o
ADC_SoftwareStartConvCmd                          Libraries\STM32F10x_StdPeriph_Driver\src\stm32f10x_adc.o
ADC_SoftwareStartInjectedConvCmd                  Libraries\STM32F10x_StdPeriph_Driver\src\stm32f10x_adc.o
ADC_StartCalibration                              Libraries\STM32F10x_StdPeriph_Driver\src\stm32f10x_adc.o
ADC_StructInit                                    Libraries\STM32F10x_StdPeriph_Driver\src\stm32f10x_adc.o
ADC_TempSensorVrefintCmd                          Libraries\STM32F10x_StdPeriph_Driver\src\stm32f10x_adc.o
AHBPrescTable                                     src\system_stm32f10x.o
BKP_ClearFlag                                     Libraries\STM32F10x_StdPeriph_Driver\src\stm32f10x_bkp.o
BKP_ClearITPendingBit                             Libraries\STM32F10x_StdPeriph_Driver\src\stm32f10x_bkp.o
BKP_DeInit                                        Libraries\STM32F10x_StdPeriph_Driver\src\stm32f10x_bkp.o
BKP_GetFlagStatus                                 Libraries\STM32F10x_StdPeriph_Driver\src\stm32f10x_bkp.o
BKP_GetITStatus                                   Libraries\STM32F10x_StdPeriph_Driver\src\stm32f10x_bkp.o
BKP_ITConfig                                      Libraries\STM32F10x_StdPeriph_Driver\src\stm32f10x_bkp.o
BKP_RTCOutputConfig                               Libraries\STM32F10x_StdPeriph_Driver\src\stm32f10x_bkp.o
BKP_ReadBackupRegister                            Libraries\STM32F10x_StdPeriph_Driver\src\stm32f10x_bkp.o
BKP_SetRTCCalibrationValue                        Libraries\STM32F10x_StdPeriph_Driver\src\stm32f10x_bkp.o
BKP_TamperPinCmd                                  Libraries\STM32F10x_StdPeriph_Driver\src\stm32f10x_bkp.o
BKP_TamperPinLevelConfig                          Libraries\STM32F10x_StdPeriph_Driver\src\stm32f10x_bkp.o
BKP_WriteBackupRegister                           Libraries\STM32F10x_StdPeriph_Driver\src\stm32f10x_bkp.o
BusFault_Handler                                  src\startup_stm32f10x_md.o
CAN1_RX1_IRQHandler                               src\startup_stm32f10x_md.o
CAN1_SCE_IRQHandler                               src\startup_stm32f10x_md.o
CAN_CancelTransmit                                Libraries\STM32F10x_StdPeriph_Driver\src\stm32f10x_can.o
CAN_ClearFlag                                     Libraries\STM32F10x_StdPeriph_Driver\src\stm32f10x_can.o
CAN_ClearITPendingBit                             Libraries\STM32F10x_StdPeriph_Driver\src\stm32f10x_can.o
CAN_DBGFreeze                                     Libraries\STM32F10x_StdPeriph_Driver\src\stm32f10x_can.o
CAN_DeInit                                        Libraries\STM32F10x_StdPeriph_Driver\src\stm32f10x_can.o
CAN_FIFORelease                                   Libraries\STM32F10x_StdPeriph_Driver\src\stm32f10x_can.o
CAN_FilterInit                                    Libraries\STM32F10x_StdPeriph_Driver\src\stm32f10x_can.o
CAN_GetFlagStatus                                 Libraries\STM32F10x_StdPeriph_Driver\src\stm32f10x_can.o
CAN_GetITStatus                                   Libraries\STM32F10x_StdPeriph_Driver\src\stm32f10x_can.o
CAN_GetLSBTransmitErrorCounter                    Libraries\STM32F10x_StdPeriph_Driver\src\stm32f10x_can.o
CAN_GetLastErrorCode                              Libraries\STM32F10x_StdPeriph_Driver\src\stm32f10x_can.o
CAN_GetReceiveErrorCounter                        Libraries\STM32F10x_StdPeriph_Driver\src\stm32f10x_can.o
CAN_ITConfig                                      Libraries\STM32F10x_StdPeriph_Driver\src\stm32f10x_can.o
CAN_Init                                          Libraries\STM32F10x_StdPeriph_Driver\src\stm32f10x_can.o
CAN_MessagePending                                Libraries\STM32F10x_StdPeriph_Driver\src\stm32f10x_can.o
CAN_OperatingModeRequest                          Libraries\STM32F10x_StdPeriph_Driver\src\stm32f10x_can.o
CAN_Receive                                       Libraries\STM32F10x_StdPeriph_Driver\src\stm32f10x_can.o
CAN_SlaveStartBank                                Libraries\STM32F10x_StdPeriph_Driver\src\stm32f10x_can.o
CAN_Sleep                                         Libraries\STM32F10x_StdPeriph_Driver\src\stm32f10x_can.o
CAN_StructInit                                    Libraries\STM32F10x_StdPeriph_Driver\src\stm32f10x_can.o
CAN_TTComModeCmd                                  Libraries\STM32F10x_StdPeriph_Driver\src\stm32f10x_can.o
CAN_Transmit                                      Libraries\STM32F10x_StdPeriph_Driver\src\stm32f10x_can.o
CAN_TransmitStatus                                Libraries\STM32F10x_StdPeriph_Driver\src\stm32f10x_can.o
CAN_WakeUp                                        Libraries\STM32F10x_StdPeriph_Driver\src\stm32f10x_can.o
CEC_ClearFlag                                     Libraries\STM32F10x_StdPeriph_Driver\src\stm32f10x_cec.o
CEC_ClearITPendingBit                             Libraries\STM32F10x_StdPeriph_Driver\src\stm32f10x_cec.o
CEC_Cmd                                           Libraries\STM32F10x_StdPeriph_Driver\src\stm32f10x_cec.o
CEC_DeInit                                        Libraries\STM32F10x_StdPeriph_Driver\src\stm32f10x_cec.o
CEC_EndOfMessageCmd                               Libraries\STM32F10x_StdPeriph_Driver\src\stm32f10x_cec.o
CEC_GetFlagStatus                                 Libraries\STM32F10x_StdPeriph_Driver\src\stm32f10x_cec.o
CEC_GetITStatus                                   Libraries\STM32F10x_StdPeriph_Driver\src\stm32f10x_cec.o
CEC_ITConfig                                      Libraries\STM32F10x_StdPeriph_Driver\src\stm32f10x_cec.o
CEC_Init                                          Libraries\STM32F10x_StdPeriph_Driver\src\stm32f10x_cec.o
CEC_OwnAddressConfig                              Libraries\STM32F10x_StdPeriph_Driver\src\stm32f10x_cec.o
CEC_ReceiveDataByte                               Libraries\STM32F10x_StdPeriph_Driver\src\stm32f10x_cec.o
CEC_SendDataByte                                  Libraries\STM32F10x_StdPeriph_Driver\src\stm32f10x_cec.o
CEC_SetPrescaler                                  Libraries\STM32F10x_StdPeriph_Driver\src\stm32f10x_cec.o
CEC_StartOfMessage                                Libraries\STM32F10x_StdPeriph_Driver\src\stm32f10x_cec.o
CRC_CalcBlockCRC                                  Libraries\STM32F10x_StdPeriph_Driver\src\stm32f10x_crc.o
CRC_CalcCRC                                       Libraries\STM32F10x_StdPeriph_Driver\src\stm32f10x_crc.o
CRC_GetCRC                                        Libraries\STM32F10x_StdPeriph_Driver\src\stm32f10x_crc.o
CRC_GetIDRegister                                 Libraries\STM32F10x_StdPeriph_Driver\src\stm32f10x_crc.o
CRC_ResetDR                                       Libraries\STM32F10x_StdPeriph_Driver\src\stm32f10x_crc.o
CRC_SetIDRegister                                 Libraries\STM32F10x_StdPeriph_Driver\src\stm32f10x_crc.o
DAC_Cmd                                           Libraries\STM32F10x_StdPeriph_Driver\src\stm32f10x_dac.o
DAC_DMACmd                                        Libraries\STM32F10x_StdPeriph_Driver\src\stm32f10x_dac.o
DAC_DeInit                                        Libraries\STM32F10x_StdPeriph_Driver\src\stm32f10x_dac.o
DAC_DualSoftwareTriggerCmd                        Libraries\STM32F10x_StdPeriph_Driver\src\stm32f10x_dac.o
DAC_GetDataOutputValue                            Libraries\STM32F10x_StdPeriph_Driver\src\stm32f10x_dac.o
DAC_Init                                          Libraries\STM32F10x_StdPeriph_Driver\src\stm32f10x_dac.o
DAC_SetChannel1Data                               Libraries\STM32F10x_StdPeriph_Driver\src\stm32f10x_dac.o
DAC_SetChannel2Data                               Libraries\STM32F10x_StdPeriph_Driver\src\stm32f10x_dac.o
DAC_SetDualChannelData                            Libraries\STM32F10x_StdPeriph_Driver\src\stm32f10x_dac.o
DAC_SoftwareTriggerCmd                            Libraries\STM32F10x_StdPeriph_Driver\src\stm32f10x_dac.o
DAC_StructInit                                    Libraries\STM32F10x_StdPeriph_Driver\src\stm32f10x_dac.o
DAC_WaveGenerationCmd                             Libraries\STM32F10x_StdPeriph_Driver\src\stm32f10x_dac.o
DBGMCU_Config                                     Libraries\STM32F10x_StdPeriph_Driver\src\stm32f10x_dbgmcu.o
DBGMCU_GetDEVID                                   Libraries\STM32F10x_StdPeriph_Driver\src\stm32f10x_dbgmcu.o
DBGMCU_GetREVID                                   Libraries\STM32F10x_StdPeriph_Driver\src\stm32f10x_dbgmcu.o
DMA1_Channel1_IRQHandler                          src\startup_stm32f10x_md.o
DMA1_Channel2_IRQHandler                          src\startup_stm32f10x_md.o
DMA1_Channel3_IRQHandler                          src\startup_stm32f10x_md.o
DMA1_Channel4_IRQHandler                          src\startup_stm32f10x_md.o
DMA1_Channel5_IRQHandler                          src\startup_stm32f10x_md.o
DMA1_Channel6_IRQHandler                          src\startup_stm32f10x_md.o
DMA1_Channel7_IRQHandler                          src\startup_stm32f10x_md.o
DMA_ClearFlag                                     Libraries\STM32F10x_StdPeriph_Driver\src\stm32f10x_dma.o
DMA_ClearITPendingBit                             Libraries\STM32F10x_StdPeriph_Driver\src\stm32f10x_dma.o
DMA_Cmd                                           Libraries\STM32F10x_StdPeriph_Driver\src\stm32f10x_dma.o
DMA_DeInit                                        Libraries\STM32F10x_StdPeriph_Driver\src\stm32f10x_dma.o
DMA_GetCurrDataCounter                            Libraries\STM32F10x_StdPeriph_Driver\src\stm32f10x_dma.o
DMA_GetFlagStatus                                 Libraries\STM32F10x_StdPeriph_Driver\src\stm32f10x_dma.o
DMA_GetITStatus                                   Libraries\STM32F10x_StdPeriph_Driver\src\stm32f10x_dma.o
DMA_ITConfig                                      Libraries\STM32F10x_StdPeriph_Driver\src\stm32f10x_dma.o
DMA_Init                                          Libraries\STM32F10x_StdPeriph_Driver\src\stm32f10x_dma.o
DMA_SetCurrDataCounter                            Libraries\STM32F10x_StdPeriph_Driver\src\stm32f10x_dma.o
DMA_StructInit                                    Libraries\STM32F10x_StdPeriph_Driver\src\stm32f10x_dma.o
DebugMon_Handler                                  src\startup_stm32f10x_md.o
Default_Handler                                   src\startup_stm32f10x_md.o
EXTI0_IRQHandler                                  src\startup_stm32f10x_md.o
EXTI15_10_IRQHandler                              src\startup_stm32f10x_md.o
EXTI1_IRQHandler                                  src\startup_stm32f10x_md.o
EXTI2_IRQHandler                                  src\startup_stm32f10x_md.o
EXTI3_IRQHandler                                  src\startup_stm32f10x_md.o
EXTI4_IRQHandler                                  src\startup_stm32f10x_md.o
EXTI9_5_IRQHandler                                src\startup_stm32f10x_md.o
EXTI_ClearFlag                                    Libraries\STM32F10x_StdPeriph_Driver\src\stm32f10x_exti.o
EXTI_ClearITPendingBit                            Libraries\STM32F10x_StdPeriph_Driver\src\stm32f10x_exti.o
EXTI_DeInit                                       Libraries\STM32F10x_StdPeriph_Driver\src\stm32f10x_exti.o
EXTI_GenerateSWInterrupt                          Libraries\STM32F10x_StdPeriph_Driver\src\stm32f10x_exti.o
EXTI_GetFlagStatus                                Libraries\STM32F10x_StdPeriph_Driver\src\stm32f10x_exti.o
EXTI_GetITStatus                                  Libraries\STM32F10x_StdPeriph_Driver\src\stm32f10x_exti.o
EXTI_Init                                         Libraries\STM32F10x_StdPeriph_Driver\src\stm32f10x_exti.o
EXTI_StructInit                                   Libraries\STM32F10x_StdPeriph_Driver\src\stm32f10x_exti.o
FLASH_ClearFlag                                   Libraries\STM32F10x_StdPeriph_Driver\src\stm32f10x_flash.o
FLASH_EnableWriteProtection                       Libraries\STM32F10x_StdPeriph_Driver\src\stm32f10x_flash.o
FLASH_EraseAllBank1Pages                          Libraries\STM32F10x_StdPeriph_Driver\src\stm32f10x_flash.o
FLASH_EraseAllPages                               Libraries\STM32F10x_StdPeriph_Driver\src\stm32f10x_flash.o
FLASH_EraseOptionBytes                            Libraries\STM32F10x_StdPeriph_Driver\src\stm32f10x_flash.o
FLASH_ErasePage                                   Libraries\STM32F10x_StdPeriph_Driver\src\stm32f10x_flash.o
FLASH_GetBank1Status                              Libraries\STM32F10x_StdPeriph_Driver\src\stm32f10x_flash.o
FLASH_GetFlagStatus                               Libraries\STM32F10x_StdPeriph_Driver\src\stm32f10x_flash.o
FLASH_GetPrefetchBufferStatus                     Libraries\STM32F10x_StdPeriph_Driver\src\stm32f10x_flash.o
FLASH_GetReadOutProtectionStatus                  Libraries\STM32F10x_StdPeriph_Driver\src\stm32f10x_flash.o
FLASH_GetStatus                                   Libraries\STM32F10x_StdPeriph_Driver\src\stm32f10x_flash.o
FLASH_GetUserOptionByte                           Libraries\STM32F10x_StdPeriph_Driver\src\stm32f10x_flash.o
FLASH_GetWriteProtectionOptionByte                Libraries\STM32F10x_StdPeriph_Driver\src\stm32f10x_flash.o
FLASH_HalfCycleAccessCmd                          Libraries\STM32F10x_StdPeriph_Driver\src\stm32f10x_flash.o
FLASH_IRQHandler                                  src\startup_stm32f10x_md.o
FLASH_ITConfig                                    Libraries\STM32F10x_StdPeriph_Driver\src\stm32f10x_flash.o
FLASH_Lock                                        Libraries\STM32F10x_StdPeriph_Driver\src\stm32f10x_flash.o
FLASH_LockBank1                                   Libraries\STM32F10x_StdPeriph_Driver\src\stm32f10x_flash.o
FLASH_PrefetchBufferCmd                           Libraries\STM32F10x_StdPeriph_Driver\src\stm32f10x_flash.o
FLASH_ProgramHalfWord                             Libraries\STM32F10x_StdPeriph_Driver\src\stm32f10x_flash.o
FLASH_ProgramOptionByteData                       Libraries\STM32F10x_StdPeriph_Driver\src\stm32f10x_flash.o
FLASH_ProgramWord                                 Libraries\STM32F10x_StdPeriph_Driver\src\stm32f10x_flash.o
FLASH_ReadOutProtection                           Libraries\STM32F10x_StdPeriph_Driver\src\stm32f10x_flash.o
FLASH_SetLatency                                  Libraries\STM32F10x_StdPeriph_Driver\src\stm32f10x_flash.o
FLASH_Unlock                                      Libraries\STM32F10x_StdPeriph_Driver\src\stm32f10x_flash.o
FLASH_UnlockBank1                                 Libraries\STM32F10x_StdPeriph_Driver\src\stm32f10x_flash.o
FLASH_UserOptionByteConfig                        Libraries\STM32F10x_StdPeriph_Driver\src\stm32f10x_flash.o
FLASH_WaitForLastBank1Operation                   Libraries\STM32F10x_StdPeriph_Driver\src\stm32f10x_flash.o
FLASH_WaitForLastOperation                        Libraries\STM32F10x_StdPeriph_Driver\src\stm32f10x_flash.o
FSMC_ClearFlag                                    Libraries\STM32F10x_StdPeriph_Driver\src\stm32f10x_fsmc.o
FSMC_ClearITPendingBit                            Libraries\STM32F10x_StdPeriph_Driver\src\stm32f10x_fsmc.o
FSMC_GetECC                                       Libraries\STM32F10x_StdPeriph_Driver\src\stm32f10x_fsmc.o
FSMC_GetFlagStatus                                Libraries\STM32F10x_StdPeriph_Driver\src\stm32f10x_fsmc.o
FSMC_GetITStatus                                  Libraries\STM32F10x_StdPeriph_Driver\src\stm32f10x_fsmc.o
FSMC_ITConfig                                     Libraries\STM32F10x_StdPeriph_Driver\src\stm32f10x_fsmc.o
FSMC_NANDCmd                                      Libraries\STM32F10x_StdPeriph_Driver\src\stm32f10x_fsmc.o
FSMC_NANDDeInit                                   Libraries\STM32F10x_StdPeriph_Driver\src\stm32f10x_fsmc.o
FSMC_NANDECCCmd                                   Libraries\STM32F10x_StdPeriph_Driver\src\stm32f10x_fsmc.o
FSMC_NANDInit                                     Libraries\STM32F10x_StdPeriph_Driver\src\stm32f10x_fsmc.o
FSMC_NANDStructInit                               Libraries\STM32F10x_StdPeriph_Driver\src\stm32f10x_fsmc.o
FSMC_NORSRAMCmd                                   Libraries\STM32F10x_StdPeriph_Driver\src\stm32f10x_fsmc.o
FSMC_NORSRAMDeInit                                Libraries\STM32F10x_StdPeriph_Driver\src\stm32f10x_fsmc.o
FSMC_NORSRAMInit                                  Libraries\STM32F10x_StdPeriph_Driver\src\stm32f10x_fsmc.o
FSMC_NORSRAMStructInit                            Libraries\STM32F10x_StdPeriph_Driver\src\stm32f10x_fsmc.o
FSMC_PCCARDCmd                                    Libraries\STM32F10x_StdPeriph_Driver\src\stm32f10x_fsmc.o
FSMC_PCCARDDeInit                                 Libraries\STM32F10x_StdPeriph_Driver\src\stm32f10x_fsmc.o
FSMC_PCCARDInit                                   Libraries\STM32F10x_StdPeriph_Driver\src\stm32f10x_fsmc.o
FSMC_PCCARDStructInit                             Libraries\STM32F10x_StdPeriph_Driver\src\stm32f10x_fsmc.o
GPIO_AFIODeInit                                   Libraries\STM32F10x_StdPeriph_Driver\src\stm32f10x_gpio.o
GPIO_DeInit                                       Libraries\STM32F10x_StdPeriph_Driver\src\stm32f10x_gpio.o
GPIO_ETH_MediaInterfaceConfig                     Libraries\STM32F10x_StdPeriph_Driver\src\stm32f10x_gpio.o
GPIO_EXTILineConfig                               Libraries\STM32F10x_StdPeriph_Driver\src\stm32f10x_gpio.o
GPIO_EventOutputCmd                               Libraries\STM32F10x_StdPeriph_Driver\src\stm32f10x_gpio.o
GPIO_EventOutputConfig                            Libraries\STM32F10x_StdPeriph_Driver\src\stm32f10x_gpio.o
GPIO_Init                                         Libraries\STM32F10x_StdPeriph_Driver\src\stm32f10x_gpio.o
                                                  src\main.o
GPIO_PinLockConfig                                Libraries\STM32F10x_StdPeriph_Driver\src\stm32f10x_gpio.o
GPIO_PinRemapConfig                               Libraries\STM32F10x_StdPeriph_Driver\src\stm32f10x_gpio.o
GPIO_ReadInputData                                Libraries\STM32F10x_StdPeriph_Driver\src\stm32f10x_gpio.o
GPIO_ReadInputDataBit                             Libraries\STM32F10x_StdPeriph_Driver\src\stm32f10x_gpio.o
                                                  src\main.o
GPIO_ReadOutputData                               Libraries\STM32F10x_StdPeriph_Driver\src\stm32f10x_gpio.o
GPIO_ReadOutputDataBit                            Libraries\STM32F10x_StdPeriph_Driver\src\stm32f10x_gpio.o
GPIO_ResetBits                                    Libraries\STM32F10x_StdPeriph_Driver\src\stm32f10x_gpio.o
GPIO_SetBits                                      Libraries\STM32F10x_StdPeriph_Driver\src\stm32f10x_gpio.o
GPIO_StructInit                                   Libraries\STM32F10x_StdPeriph_Driver\src\stm32f10x_gpio.o
GPIO_ToggleBit                                    Libraries\STM32F10x_StdPeriph_Driver\src\stm32f10x_gpio.o
                                                  src\main.o
GPIO_Write                                        Libraries\STM32F10x_StdPeriph_Driver\src\stm32f10x_gpio.o
GPIO_WriteBit                                     Libraries\STM32F10x_StdPeriph_Driver\src\stm32f10x_gpio.o
HardFault_Handler                                 src\startup_stm32f10x_md.o
I2C1_ER_IRQHandler                                src\startup_stm32f10x_md.o
I2C1_EV_IRQHandler                                src\startup_stm32f10x_md.o
I2C2_ER_IRQHandler                                src\startup_stm32f10x_md.o
I2C2_EV_IRQHandler                                src\startup_stm32f10x_md.o
I2C_ARPCmd                                        Libraries\STM32F10x_StdPeriph_Driver\src\stm32f10x_i2c.o
I2C_AcknowledgeConfig                             Libraries\STM32F10x_StdPeriph_Driver\src\stm32f10x_i2c.o
I2C_CalculatePEC                                  Libraries\STM32F10x_StdPeriph_Driver\src\stm32f10x_i2c.o
I2C_CheckEvent                                    Libraries\STM32F10x_StdPeriph_Driver\src\stm32f10x_i2c.o
I2C_ClearFlag                                     Libraries\STM32F10x_StdPeriph_Driver\src\stm32f10x_i2c.o
I2C_ClearITPendingBit                             Libraries\STM32F10x_StdPeriph_Driver\src\stm32f10x_i2c.o
I2C_Cmd                                           Libraries\STM32F10x_StdPeriph_Driver\src\stm32f10x_i2c.o
I2C_DMACmd                                        Libraries\STM32F10x_StdPeriph_Driver\src\stm32f10x_i2c.o
I2C_DMALastTransferCmd                            Libraries\STM32F10x_StdPeriph_Driver\src\stm32f10x_i2c.o
I2C_DeInit                                        Libraries\STM32F10x_StdPeriph_Driver\src\stm32f10x_i2c.o
I2C_DualAddressCmd                                Libraries\STM32F10x_StdPeriph_Driver\src\stm32f10x_i2c.o
I2C_FastModeDutyCycleConfig                       Libraries\STM32F10x_StdPeriph_Driver\src\stm32f10x_i2c.o
I2C_GeneralCallCmd                                Libraries\STM32F10x_StdPeriph_Driver\src\stm32f10x_i2c.o
I2C_GenerateSTART                                 Libraries\STM32F10x_StdPeriph_Driver\src\stm32f10x_i2c.o
I2C_GenerateSTOP                                  Libraries\STM32F10x_StdPeriph_Driver\src\stm32f10x_i2c.o
I2C_GetFlagStatus                                 Libraries\STM32F10x_StdPeriph_Driver\src\stm32f10x_i2c.o
I2C_GetITStatus                                   Libraries\STM32F10x_StdPeriph_Driver\src\stm32f10x_i2c.o
I2C_GetLastEvent                                  Libraries\STM32F10x_StdPeriph_Driver\src\stm32f10x_i2c.o
I2C_GetPEC                                        Libraries\STM32F10x_StdPeriph_Driver\src\stm32f10x_i2c.o
I2C_ITConfig                                      Libraries\STM32F10x_StdPeriph_Driver\src\stm32f10x_i2c.o
I2C_Init                                          Libraries\STM32F10x_StdPeriph_Driver\src\stm32f10x_i2c.o
I2C_NACKPositionConfig                            Libraries\STM32F10x_StdPeriph_Driver\src\stm32f10x_i2c.o
I2C_OwnAddress2Config                             Libraries\STM32F10x_StdPeriph_Driver\src\stm32f10x_i2c.o
I2C_PECPositionConfig                             Libraries\STM32F10x_StdPeriph_Driver\src\stm32f10x_i2c.o
I2C_ReadRegister                                  Libraries\STM32F10x_StdPeriph_Driver\src\stm32f10x_i2c.o
I2C_ReceiveData                                   Libraries\STM32F10x_StdPeriph_Driver\src\stm32f10x_i2c.o
I2C_SMBusAlertConfig                              Libraries\STM32F10x_StdPeriph_Driver\src\stm32f10x_i2c.o
I2C_Send7bitAddress                               Libraries\STM32F10x_StdPeriph_Driver\src\stm32f10x_i2c.o
I2C_SendData                                      Libraries\STM32F10x_StdPeriph_Driver\src\stm32f10x_i2c.o
I2C_SoftwareResetCmd                              Libraries\STM32F10x_StdPeriph_Driver\src\stm32f10x_i2c.o
I2C_StretchClockCmd                               Libraries\STM32F10x_StdPeriph_Driver\src\stm32f10x_i2c.o
I2C_StructInit                                    Libraries\STM32F10x_StdPeriph_Driver\src\stm32f10x_i2c.o
I2C_TransmitPEC                                   Libraries\STM32F10x_StdPeriph_Driver\src\stm32f10x_i2c.o
I2S_Cmd                                           Libraries\STM32F10x_StdPeriph_Driver\src\stm32f10x_spi.o
I2S_Init                                          Libraries\STM32F10x_StdPeriph_Driver\src\stm32f10x_spi.o
I2S_StructInit                                    Libraries\STM32F10x_StdPeriph_Driver\src\stm32f10x_spi.o
IWDG_Enable                                       Libraries\STM32F10x_StdPeriph_Driver\src\stm32f10x_iwdg.o
IWDG_GetFlagStatus                                Libraries\STM32F10x_StdPeriph_Driver\src\stm32f10x_iwdg.o
IWDG_ReloadCounter                                Libraries\STM32F10x_StdPeriph_Driver\src\stm32f10x_iwdg.o
IWDG_SetPrescaler                                 Libraries\STM32F10x_StdPeriph_Driver\src\stm32f10x_iwdg.o
IWDG_SetReload                                    Libraries\STM32F10x_StdPeriph_Driver\src\stm32f10x_iwdg.o
IWDG_WriteAccessCmd                               Libraries\STM32F10x_StdPeriph_Driver\src\stm32f10x_iwdg.o
MemManage_Handler                                 src\startup_stm32f10x_md.o
NMI_Handler                                       src\startup_stm32f10x_md.o
NVIC_Init                                         Libraries\STM32F10x_StdPeriph_Driver\src\misc.o
NVIC_PriorityGroupConfig                          Libraries\STM32F10x_StdPeriph_Driver\src\misc.o
                                                  src\main.o
NVIC_SetVectorTable                               Libraries\STM32F10x_StdPeriph_Driver\src\misc.o
NVIC_SystemLPConfig                               Libraries\STM32F10x_StdPeriph_Driver\src\misc.o
PVD_IRQHandler                                    src\startup_stm32f10x_md.o
PWR_BackupAccessCmd                               Libraries\STM32F10x_StdPeriph_Driver\src\stm32f10x_pwr.o
PWR_ClearFlag                                     Libraries\STM32F10x_StdPeriph_Driver\src\stm32f10x_pwr.o
PWR_DeInit                                        Libraries\STM32F10x_StdPeriph_Driver\src\stm32f10x_pwr.o
PWR_EnterSTANDBYMode                              Libraries\STM32F10x_StdPeriph_Driver\src\stm32f10x_pwr.o
PWR_EnterSTOPMode                                 Libraries\STM32F10x_StdPeriph_Driver\src\stm32f10x_pwr.o
PWR_GetFlagStatus                                 Libraries\STM32F10x_StdPeriph_Driver\src\stm32f10x_pwr.o
PWR_PVDCmd                                        Libraries\STM32F10x_StdPeriph_Driver\src\stm32f10x_pwr.o
PWR_PVDLevelConfig                                Libraries\STM32F10x_StdPeriph_Driver\src\stm32f10x_pwr.o
PWR_WakeUpPinCmd                                  Libraries\STM32F10x_StdPeriph_Driver\src\stm32f10x_pwr.o
PendSV_Handler                                    Third-Party\FreeRTOS\org\Source\portable\GCC\ARM_CM3\port.o
RCC_ADCCLKConfig                                  Libraries\STM32F10x_StdPeriph_Driver\src\stm32f10x_rcc.o
RCC_AHBPeriphClockCmd                             Libraries\STM32F10x_StdPeriph_Driver\src\stm32f10x_rcc.o
RCC_APB1PeriphClockCmd                            Libraries\STM32F10x_StdPeriph_Driver\src\stm32f10x_rcc.o
RCC_APB1PeriphResetCmd                            Libraries\STM32F10x_StdPeriph_Driver\src\stm32f10x_rcc.o
                                                  Libraries\STM32F10x_StdPeriph_Driver\src\stm32f10x_wwdg.o
                                                  Libraries\STM32F10x_StdPeriph_Driver\src\stm32f10x_usart.o
                                                  Libraries\STM32F10x_StdPeriph_Driver\src\stm32f10x_tim.o
                                                  Libraries\STM32F10x_StdPeriph_Driver\src\stm32f10x_spi.o
                                                  Libraries\STM32F10x_StdPeriph_Driver\src\stm32f10x_pwr.o
                                                  Libraries\STM32F10x_StdPeriph_Driver\src\stm32f10x_i2c.o
                                                  Libraries\STM32F10x_StdPeriph_Driver\src\stm32f10x_dac.o
                                                  Libraries\STM32F10x_StdPeriph_Driver\src\stm32f10x_cec.o
                                                  Libraries\STM32F10x_StdPeriph_Driver\src\stm32f10x_can.o
RCC_APB2PeriphClockCmd                            Libraries\STM32F10x_StdPeriph_Driver\src\stm32f10x_rcc.o
                                                  src\main.o
RCC_APB2PeriphResetCmd                            Libraries\STM32F10x_StdPeriph_Driver\src\stm32f10x_rcc.o
                                                  Libraries\STM32F10x_StdPeriph_Driver\src\stm32f10x_usart.o
                                                  Libraries\STM32F10x_StdPeriph_Driver\src\stm32f10x_tim.o
                                                  Libraries\STM32F10x_StdPeriph_Driver\src\stm32f10x_spi.o
                                                  Libraries\STM32F10x_StdPeriph_Driver\src\stm32f10x_gpio.o
                                                  Libraries\STM32F10x_StdPeriph_Driver\src\stm32f10x_adc.o
RCC_AdjustHSICalibrationValue                     Libraries\STM32F10x_StdPeriph_Driver\src\stm32f10x_rcc.o
RCC_BackupResetCmd                                Libraries\STM32F10x_StdPeriph_Driver\src\stm32f10x_rcc.o
                                                  Libraries\STM32F10x_StdPeriph_Driver\src\stm32f10x_bkp.o
RCC_ClearFlag                                     Libraries\STM32F10x_StdPeriph_Driver\src\stm32f10x_rcc.o
RCC_ClearITPendingBit                             Libraries\STM32F10x_StdPeriph_Driver\src\stm32f10x_rcc.o
RCC_ClockSecuritySystemCmd                        Libraries\STM32F10x_StdPeriph_Driver\src\stm32f10x_rcc.o
RCC_DeInit                                        Libraries\STM32F10x_StdPeriph_Driver\src\stm32f10x_rcc.o
RCC_GetClocksFreq                                 Libraries\STM32F10x_StdPeriph_Driver\src\stm32f10x_rcc.o
                                                  Libraries\STM32F10x_StdPeriph_Driver\src\stm32f10x_usart.o
                                                  Libraries\STM32F10x_StdPeriph_Driver\src\stm32f10x_spi.o
                                                  Libraries\STM32F10x_StdPeriph_Driver\src\stm32f10x_i2c.o
RCC_GetFlagStatus                                 Libraries\STM32F10x_StdPeriph_Driver\src\stm32f10x_rcc.o
RCC_GetITStatus                                   Libraries\STM32F10x_StdPeriph_Driver\src\stm32f10x_rcc.o
RCC_GetSYSCLKSource                               Libraries\STM32F10x_StdPeriph_Driver\src\stm32f10x_rcc.o
RCC_HCLKConfig                                    Libraries\STM32F10x_StdPeriph_Driver\src\stm32f10x_rcc.o
RCC_HSEConfig                                     Libraries\STM32F10x_StdPeriph_Driver\src\stm32f10x_rcc.o
RCC_HSICmd                                        Libraries\STM32F10x_StdPeriph_Driver\src\stm32f10x_rcc.o
RCC_IRQHandler                                    src\startup_stm32f10x_md.o
RCC_ITConfig                                      Libraries\STM32F10x_StdPeriph_Driver\src\stm32f10x_rcc.o
RCC_LSEConfig                                     Libraries\STM32F10x_StdPeriph_Driver\src\stm32f10x_rcc.o
RCC_LSICmd                                        Libraries\STM32F10x_StdPeriph_Driver\src\stm32f10x_rcc.o
RCC_MCOConfig                                     Libraries\STM32F10x_StdPeriph_Driver\src\stm32f10x_rcc.o
RCC_PCLK1Config                                   Libraries\STM32F10x_StdPeriph_Driver\src\stm32f10x_rcc.o
RCC_PCLK2Config                                   Libraries\STM32F10x_StdPeriph_Driver\src\stm32f10x_rcc.o
RCC_PLLCmd                                        Libraries\STM32F10x_StdPeriph_Driver\src\stm32f10x_rcc.o
RCC_PLLConfig                                     Libraries\STM32F10x_StdPeriph_Driver\src\stm32f10x_rcc.o
RCC_RTCCLKCmd                                     Libraries\STM32F10x_StdPeriph_Driver\src\stm32f10x_rcc.o
RCC_RTCCLKConfig                                  Libraries\STM32F10x_StdPeriph_Driver\src\stm32f10x_rcc.o
RCC_SYSCLKConfig                                  Libraries\STM32F10x_StdPeriph_Driver\src\stm32f10x_rcc.o
RCC_USBCLKConfig                                  Libraries\STM32F10x_StdPeriph_Driver\src\stm32f10x_rcc.o
RCC_WaitForHSEStartUp                             Libraries\STM32F10x_StdPeriph_Driver\src\stm32f10x_rcc.o
RTCAlarm_IRQHandler                               src\startup_stm32f10x_md.o
RTC_ClearFlag                                     Libraries\STM32F10x_StdPeriph_Driver\src\stm32f10x_rtc.o
RTC_ClearITPendingBit                             Libraries\STM32F10x_StdPeriph_Driver\src\stm32f10x_rtc.o
RTC_EnterConfigMode                               Libraries\STM32F10x_StdPeriph_Driver\src\stm32f10x_rtc.o
RTC_ExitConfigMode                                Libraries\STM32F10x_StdPeriph_Driver\src\stm32f10x_rtc.o
RTC_GetCounter                                    Libraries\STM32F10x_StdPeriph_Driver\src\stm32f10x_rtc.o
RTC_GetDivider                                    Libraries\STM32F10x_StdPeriph_Driver\src\stm32f10x_rtc.o
RTC_GetFlagStatus                                 Libraries\STM32F10x_StdPeriph_Driver\src\stm32f10x_rtc.o
RTC_GetITStatus                                   Libraries\STM32F10x_StdPeriph_Driver\src\stm32f10x_rtc.o
RTC_IRQHandler                                    src\startup_stm32f10x_md.o
RTC_ITConfig                                      Libraries\STM32F10x_StdPeriph_Driver\src\stm32f10x_rtc.o
RTC_SetAlarm                                      Libraries\STM32F10x_StdPeriph_Driver\src\stm32f10x_rtc.o
RTC_SetCounter                                    Libraries\STM32F10x_StdPeriph_Driver\src\stm32f10x_rtc.o
RTC_SetPrescaler                                  Libraries\STM32F10x_StdPeriph_Driver\src\stm32f10x_rtc.o
RTC_WaitForLastTask                               Libraries\STM32F10x_StdPeriph_Driver\src\stm32f10x_rtc.o
RTC_WaitForSynchro                                Libraries\STM32F10x_StdPeriph_Driver\src\stm32f10x_rtc.o
RTOS_Delay                                        src\main.o
Reset_Handler                                     src\startup_stm32f10x_md.o
SDIO_CEATAITCmd                                   Libraries\STM32F10x_StdPeriph_Driver\src\stm32f10x_sdio.o
SDIO_ClearFlag                                    Libraries\STM32F10x_StdPeriph_Driver\src\stm32f10x_sdio.o
SDIO_ClearITPendingBit                            Libraries\STM32F10x_StdPeriph_Driver\src\stm32f10x_sdio.o
SDIO_ClockCmd                                     Libraries\STM32F10x_StdPeriph_Driver\src\stm32f10x_sdio.o
SDIO_CmdStructInit                                Libraries\STM32F10x_StdPeriph_Driver\src\stm32f10x_sdio.o
SDIO_CommandCompletionCmd                         Libraries\STM32F10x_StdPeriph_Driver\src\stm32f10x_sdio.o
SDIO_DMACmd                                       Libraries\STM32F10x_StdPeriph_Driver\src\stm32f10x_sdio.o
SDIO_DataConfig                                   Libraries\STM32F10x_StdPeriph_Driver\src\stm32f10x_sdio.o
SDIO_DataStructInit                               Libraries\STM32F10x_StdPeriph_Driver\src\stm32f10x_sdio.o
SDIO_DeInit                                       Libraries\STM32F10x_StdPeriph_Driver\src\stm32f10x_sdio.o
SDIO_GetCommandResponse                           Libraries\STM32F10x_StdPeriph_Driver\src\stm32f10x_sdio.o
SDIO_GetDataCounter                               Libraries\STM32F10x_StdPeriph_Driver\src\stm32f10x_sdio.o
SDIO_GetFIFOCount                                 Libraries\STM32F10x_StdPeriph_Driver\src\stm32f10x_sdio.o
SDIO_GetFlagStatus                                Libraries\STM32F10x_StdPeriph_Driver\src\stm32f10x_sdio.o
SDIO_GetITStatus                                  Libraries\STM32F10x_StdPeriph_Driver\src\stm32f10x_sdio.o
SDIO_GetPowerState                                Libraries\STM32F10x_StdPeriph_Driver\src\stm32f10x_sdio.o
SDIO_GetResponse                                  Libraries\STM32F10x_StdPeriph_Driver\src\stm32f10x_sdio.o
SDIO_ITConfig                                     Libraries\STM32F10x_StdPeriph_Driver\src\stm32f10x_sdio.o
SDIO_Init                                         Libraries\STM32F10x_StdPeriph_Driver\src\stm32f10x_sdio.o
SDIO_ReadData                                     Libraries\STM32F10x_StdPeriph_Driver\src\stm32f10x_sdio.o
SDIO_SendCEATACmd                                 Libraries\STM32F10x_StdPeriph_Driver\src\stm32f10x_sdio.o
SDIO_SendCommand                                  Libraries\STM32F10x_StdPeriph_Driver\src\stm32f10x_sdio.o
SDIO_SendSDIOSuspendCmd                           Libraries\STM32F10x_StdPeriph_Driver\src\stm32f10x_sdio.o
SDIO_SetPowerState                                Libraries\STM32F10x_StdPeriph_Driver\src\stm32f10x_sdio.o
SDIO_SetSDIOOperation                             Libraries\STM32F10x_StdPeriph_Driver\src\stm32f10x_sdio.o
SDIO_SetSDIOReadWaitMode                          Libraries\STM32F10x_StdPeriph_Driver\src\stm32f10x_sdio.o
SDIO_StartSDIOReadWait                            Libraries\STM32F10x_StdPeriph_Driver\src\stm32f10x_sdio.o
SDIO_StopSDIOReadWait                             Libraries\STM32F10x_StdPeriph_Driver\src\stm32f10x_sdio.o
SDIO_StructInit                                   Libraries\STM32F10x_StdPeriph_Driver\src\stm32f10x_sdio.o
SDIO_WriteData                                    Libraries\STM32F10x_StdPeriph_Driver\src\stm32f10x_sdio.o
SEGGER_RTT_AllocDownBuffer                        Third-Party\SEGGER\SEGGER\SEGGER_RTT.o
SEGGER_RTT_AllocUpBuffer                          Third-Party\SEGGER\SEGGER\SEGGER_RTT.o
SEGGER_RTT_ConfigDownBuffer                       Third-Party\SEGGER\SEGGER\SEGGER_RTT.o
                                                  Third-Party\SEGGER\SEGGER\SEGGER_SYSVIEW.o
SEGGER_RTT_ConfigUpBuffer                         Third-Party\SEGGER\SEGGER\SEGGER_RTT.o
                                                  Third-Party\SEGGER\SEGGER\SEGGER_SYSVIEW.o
SEGGER_RTT_GetKey                                 Third-Party\SEGGER\SEGGER\SEGGER_RTT.o
SEGGER_RTT_HasData                                Third-Party\SEGGER\SEGGER\SEGGER_RTT.o
SEGGER_RTT_HasDataUp                              Third-Party\SEGGER\SEGGER\SEGGER_RTT.o
SEGGER_RTT_HasKey                                 Third-Party\SEGGER\SEGGER\SEGGER_RTT.o
SEGGER_RTT_Init                                   Third-Party\SEGGER\SEGGER\SEGGER_RTT.o
SEGGER_RTT_PutChar                                Third-Party\SEGGER\SEGGER\SEGGER_RTT.o
SEGGER_RTT_PutCharSkip                            Third-Party\SEGGER\SEGGER\SEGGER_RTT.o
SEGGER_RTT_PutCharSkipNoLock                      Third-Party\SEGGER\SEGGER\SEGGER_RTT.o
SEGGER_RTT_Read                                   Third-Party\SEGGER\SEGGER\SEGGER_RTT.o
SEGGER_RTT_ReadNoLock                             Third-Party\SEGGER\SEGGER\SEGGER_RTT.o
                                                  Third-Party\SEGGER\SEGGER\SEGGER_SYSVIEW.o
SEGGER_RTT_SetFlagsDownBuffer                     Third-Party\SEGGER\SEGGER\SEGGER_RTT.o
SEGGER_RTT_SetFlagsUpBuffer                       Third-Party\SEGGER\SEGGER\SEGGER_RTT.o
SEGGER_RTT_SetNameDownBuffer                      Third-Party\SEGGER\SEGGER\SEGGER_RTT.o
SEGGER_RTT_SetNameUpBuffer                        Third-Party\SEGGER\SEGGER\SEGGER_RTT.o
SEGGER_RTT_SetTerminal                            Third-Party\SEGGER\SEGGER\SEGGER_RTT.o
SEGGER_RTT_TerminalOut                            Third-Party\SEGGER\SEGGER\SEGGER_RTT.o
SEGGER_RTT_WaitKey                                Third-Party\SEGGER\SEGGER\SEGGER_RTT.o
SEGGER_RTT_Write                                  Third-Party\SEGGER\SEGGER\SEGGER_RTT.o
SEGGER_RTT_WriteNoLock                            Third-Party\SEGGER\SEGGER\SEGGER_RTT.o
SEGGER_RTT_WriteSkipNoLock                        Third-Party\SEGGER\SEGGER\SEGGER_RTT.o
                                                  Third-Party\SEGGER\SEGGER\SEGGER_SYSVIEW.o
SEGGER_RTT_WriteString                            Third-Party\SEGGER\SEGGER\SEGGER_RTT.o
SEGGER_RTT_WriteWithOverwriteNoLock               Third-Party\SEGGER\SEGGER\SEGGER_RTT.o
SEGGER_SYSVIEW_Conf                               Third-Party\SEGGER\Config\SEGGER_SYSVIEW_Config_FreeRTOS.o
SEGGER_SYSVIEW_DisableEvents                      Third-Party\SEGGER\SEGGER\SEGGER_SYSVIEW.o
SEGGER_SYSVIEW_EnableEvents                       Third-Party\SEGGER\SEGGER\SEGGER_SYSVIEW.o
SEGGER_SYSVIEW_EncodeData                         Third-Party\SEGGER\SEGGER\SEGGER_SYSVIEW.o
SEGGER_SYSVIEW_EncodeId                           Third-Party\SEGGER\SEGGER\SEGGER_SYSVIEW.o
SEGGER_SYSVIEW_EncodeString                       Third-Party\SEGGER\SEGGER\SEGGER_SYSVIEW.o
SEGGER_SYSVIEW_EncodeU32                          Third-Party\SEGGER\SEGGER\SEGGER_SYSVIEW.o
SEGGER_SYSVIEW_Error                              Third-Party\SEGGER\SEGGER\SEGGER_SYSVIEW.o
SEGGER_SYSVIEW_ErrorfHost                         Third-Party\SEGGER\SEGGER\SEGGER_SYSVIEW.o
SEGGER_SYSVIEW_ErrorfTarget                       Third-Party\SEGGER\SEGGER\SEGGER_SYSVIEW.o
SEGGER_SYSVIEW_GetSysDesc                         Third-Party\SEGGER\SEGGER\SEGGER_SYSVIEW.o
SEGGER_SYSVIEW_Init                               Third-Party\SEGGER\SEGGER\SEGGER_SYSVIEW.o
                                                  Third-Party\SEGGER\Config\SEGGER_SYSVIEW_Config_FreeRTOS.o
SEGGER_SYSVIEW_IsStarted                          Third-Party\SEGGER\SEGGER\SEGGER_SYSVIEW.o
SEGGER_SYSVIEW_NameResource                       Third-Party\SEGGER\SEGGER\SEGGER_SYSVIEW.o
SEGGER_SYSVIEW_OnIdle                             Third-Party\SEGGER\SEGGER\SEGGER_SYSVIEW.o
                                                  Third-Party\FreeRTOS\org\Source\tasks.o
SEGGER_SYSVIEW_OnTaskCreate                       Third-Party\SEGGER\SEGGER\SEGGER_SYSVIEW.o
                                                  Third-Party\FreeRTOS\org\Source\tasks.o
SEGGER_SYSVIEW_OnTaskStartExec                    Third-Party\SEGGER\SEGGER\SEGGER_SYSVIEW.o
                                                  Third-Party\FreeRTOS\org\Source\tasks.o
SEGGER_SYSVIEW_OnTaskStartReady                   Third-Party\SEGGER\SEGGER\SEGGER_SYSVIEW.o
                                                  Third-Party\FreeRTOS\org\Source\tasks.o
SEGGER_SYSVIEW_OnTaskStopExec                     Third-Party\SEGGER\SEGGER\SEGGER_SYSVIEW.o
SEGGER_SYSVIEW_OnTaskStopReady                    Third-Party\SEGGER\SEGGER\SEGGER_SYSVIEW.o
                                                  Third-Party\FreeRTOS\org\Source\tasks.o
SEGGER_SYSVIEW_OnTaskTerminate                    Third-Party\SEGGER\SEGGER\SEGGER_SYSVIEW.o
SEGGER_SYSVIEW_OnUserStart                        Third-Party\SEGGER\SEGGER\SEGGER_SYSVIEW.o
SEGGER_SYSVIEW_OnUserStop                         Third-Party\SEGGER\SEGGER\SEGGER_SYSVIEW.o
SEGGER_SYSVIEW_Print                              Third-Party\SEGGER\SEGGER\SEGGER_SYSVIEW.o
SEGGER_SYSVIEW_PrintfHost                         Third-Party\SEGGER\SEGGER\SEGGER_SYSVIEW.o
SEGGER_SYSVIEW_PrintfHostEx                       Third-Party\SEGGER\SEGGER\SEGGER_SYSVIEW.o
SEGGER_SYSVIEW_PrintfTarget                       Third-Party\SEGGER\SEGGER\SEGGER_SYSVIEW.o
SEGGER_SYSVIEW_PrintfTargetEx                     Third-Party\SEGGER\SEGGER\SEGGER_SYSVIEW.o
SEGGER_SYSVIEW_RecordEndCall                      Third-Party\SEGGER\SEGGER\SEGGER_SYSVIEW.o
SEGGER_SYSVIEW_RecordEndCallU32                   Third-Party\SEGGER\SEGGER\SEGGER_SYSVIEW.o
SEGGER_SYSVIEW_RecordEnterISR                     Third-Party\SEGGER\SEGGER\SEGGER_SYSVIEW.o
                                                  Third-Party\FreeRTOS\org\Source\portable\GCC\ARM_CM3\port.o
SEGGER_SYSVIEW_RecordEnterTimer                   Third-Party\SEGGER\SEGGER\SEGGER_SYSVIEW.o
SEGGER_SYSVIEW_RecordExitISR                      Third-Party\SEGGER\SEGGER\SEGGER_SYSVIEW.o
                                                  Third-Party\FreeRTOS\org\Source\portable\GCC\ARM_CM3\port.o
SEGGER_SYSVIEW_RecordExitISRToScheduler           Third-Party\SEGGER\SEGGER\SEGGER_SYSVIEW.o
                                                  Third-Party\FreeRTOS\org\Source\portable\GCC\ARM_CM3\port.o
SEGGER_SYSVIEW_RecordExitTimer                    Third-Party\SEGGER\SEGGER\SEGGER_SYSVIEW.o
SEGGER_SYSVIEW_RecordModuleDescription            Third-Party\SEGGER\SEGGER\SEGGER_SYSVIEW.o