Archive member included to satisfy reference by file (symbol)

c:/program files (x86)/atollic/truestudio for stm32 9.3.0/armtools/bin/../lib/gcc/arm-atollic-eabi/6.3.1/../../../../arm-atollic-eabi/lib/armv7-m\libc_nano.a(lib_a-init.o)
                              src\startup_stm32f10x_md.o (__libc_init_array)
c:/program files (x86)/atollic/truestudio for stm32 9.3.0/armtools/bin/../lib/gcc/arm-atollic-eabi/6.3.1/../../../../arm-atollic-eabi/lib/armv7-m\libc_nano.a(lib_a-memcmp.o)
                              Third-Party\SEGGER\OS\SEGGER_SYSVIEW_FreeRTOS.o (memcmp)
c:/program files (x86)/atollic/truestudio for stm32 9.3.0/armtools/bin/../lib/gcc/arm-atollic-eabi/6.3.1/../../../../arm-atollic-eabi/lib/armv7-m\libc_nano.a(lib_a-memcpy-stub.o)
                              Third-Party\FreeRTOS\org\Source\queue.o (memcpy)
c:/program files (x86)/atollic/truestudio for stm32 9.3.0/armtools/bin/../lib/gcc/arm-atollic-eabi/6.3.1/../../../../arm-atollic-eabi/lib/armv7-m\libc_nano.a(lib_a-memset.o)
                              Third-Party\FreeRTOS\org\Source\stream_buffer.o (memset)
c:/program files (x86)/atollic/truestudio for stm32 9.3.0/armtools/bin/../lib/gcc/arm-atollic-eabi/6.3.1/../../../../arm-atollic-eabi/lib/armv7-m\libc_nano.a(lib_a-reent.o)
                              src\syscalls.o (errno)
c:/program files (x86)/atollic/truestudio for stm32 9.3.0/armtools/bin/../lib/gcc/arm-atollic-eabi/6.3.1/../../../../arm-atollic-eabi/lib/armv7-m\libc_nano.a(lib_a-sprintf.o)
                              src\main.o (sprintf)
c:/program files (x86)/atollic/truestudio for stm32 9.3.0/armtools/bin/../lib/gcc/arm-atollic-eabi/6.3.1/../../../../arm-atollic-eabi/lib/armv7-m\libc_nano.a(lib_a-strlen.o)
                              Third-Party\SEGGER\SEGGER\SEGGER_RTT.o (strlen)
c:/program files (x86)/atollic/truestudio for stm32 9.3.0/armtools/bin/../lib/gcc/arm-atollic-eabi/6.3.1/../../../../arm-atollic-eabi/lib/armv7-m\libc_nano.a(lib_a-impure.o)
                              c:/program files (x86)/atollic/truestudio for stm32 9.3.0/armtools/bin/../lib/gcc/arm-atollic-eabi/6.3.1/../../../../arm-atollic-eabi/lib/armv7-m\libc_nano.a(lib_a-reent.o) (_impure_ptr)
c:/program files (x86)/atollic/truestudio for stm32 9.3.0/armtools/bin/../lib/gcc/arm-atollic-eabi/6.3.1/../../../../arm-atollic-eabi/lib/armv7-m\libc_nano.a(lib_a-nano-freer.o)
                              c:/program files (x86)/atollic/truestudio for stm32 9.3.0/armtools/bin/../lib/gcc/arm-atollic-eabi/6.3.1/../../../../arm-atollic-eabi/lib/armv7-m\libc_nano.a(lib_a-reent.o) (_free_r)
c:/program files (x86)/atollic/truestudio for stm32 9.3.0/armtools/bin/../lib/gcc/arm-atollic-eabi/6.3.1/../../../../arm-atollic-eabi/lib/armv7-m\libc_nano.a(lib_a-nano-mallocr.o)
                              c:/program files (x86)/atollic/truestudio for stm32 9.3.0/armtools/bin/../lib/gcc/arm-atollic-eabi/6.3.1/../../../../arm-atollic-eabi/lib/armv7-m\libc_nano.a(lib_a-nano-freer.o) (__malloc_free_list)
c:/program files (x86)/atollic/truestudio for stm32 9.3.0/armtools/bin/../lib/gcc/arm-atollic-eabi/6.3.1/../../../../arm-atollic-eabi/lib/armv7-m\libc_nano.a(lib_a-nano-svfprintf.o)
                              c:/program files (x86)/atollic/truestudio for stm32 9.3.0/armtools/bin/../lib/gcc/arm-atollic-eabi/6.3.1/../../../../arm-atollic-eabi/lib/armv7-m\libc_nano.a(lib_a-sprintf.o) (_svfprintf_r)
c:/program files (x86)/atollic/truestudio for stm32 9.3.0/armtools/bin/../lib/gcc/arm-atollic-eabi/6.3.1/../../../../arm-atollic-eabi/lib/armv7-m\libc_nano.a(lib_a-nano-vfprintf_i.o)
                              c:/program files (x86)/atollic/truestudio for stm32 9.3.0/armtools/bin/../lib/gcc/arm-atollic-eabi/6.3.1/../../../../arm-atollic-eabi/lib/armv7-m\libc_nano.a(lib_a-nano-svfprintf.o) (_printf_i)
c:/program files (x86)/atollic/truestudio for stm32 9.3.0/armtools/bin/../lib/gcc/arm-atollic-eabi/6.3.1/../../../../arm-atollic-eabi/lib/armv7-m\libc_nano.a(lib_a-sbrkr.o)
                              c:/program files (x86)/atollic/truestudio for stm32 9.3.0/armtools/bin/../lib/gcc/arm-atollic-eabi/6.3.1/../../../../arm-atollic-eabi/lib/armv7-m\libc_nano.a(lib_a-nano-mallocr.o) (_sbrk_r)
c:/program files (x86)/atollic/truestudio for stm32 9.3.0/armtools/bin/../lib/gcc/arm-atollic-eabi/6.3.1/../../../../arm-atollic-eabi/lib/armv7-m\libc_nano.a(lib_a-memchr-stub.o)
                              c:/program files (x86)/atollic/truestudio for stm32 9.3.0/armtools/bin/../lib/gcc/arm-atollic-eabi/6.3.1/../../../../arm-atollic-eabi/lib/armv7-m\libc_nano.a(lib_a-nano-svfprintf.o) (memchr)
c:/program files (x86)/atollic/truestudio for stm32 9.3.0/armtools/bin/../lib/gcc/arm-atollic-eabi/6.3.1/../../../../arm-atollic-eabi/lib/armv7-m\libc_nano.a(lib_a-memmove.o)
                              c:/program files (x86)/atollic/truestudio for stm32 9.3.0/armtools/bin/../lib/gcc/arm-atollic-eabi/6.3.1/../../../../arm-atollic-eabi/lib/armv7-m\libc_nano.a(lib_a-nano-svfprintf.o) (memmove)
[...]
Memory Configuration

Name             Origin             Length             Attributes
FLASH            0x08000000         0x00010000         xr
RAM              0x20000000         0x00005000         xrw
MEMORY_B1        0x60000000         0x00000000         xr
*default*        0x00000000         0xffffffff

Linker script and memory map

LOAD c:/program files (x86)/atollic/truestudio for stm32 9.3.0/armtools/bin/../lib/gcc/arm-atollic-eabi/6.3.1/armv7-m/crti.o
LOAD c:/program files (x86)/atollic/truestudio for stm32 9.3.0/armtools/bin/../lib/gcc/arm-atollic-eabi/6.3.1/armv7-m/crtbegin.o
LOAD Libraries\STM32F10x_StdPeriph_Driver\src\misc.o
LOAD Libraries\STM32F10x_StdPeriph_Driver\src\stm32f10x_adc.o
LOAD Libraries\STM32F10x_StdPeriph_Driver\src\stm32f10x_bkp.o
LOAD Libraries\STM32F10x_StdPeriph_Driver\src\stm32f10x_can.o
LOAD Libraries\STM32F10x_StdPeriph_Driver\src\stm32f10x_cec.o
LOAD Libraries\STM32F10x_StdPeriph_Driver\src\stm32f10x_crc.o
LOAD Libraries\STM32F10x_StdPeriph_Driver\src\stm32f10x_dac.o
LOAD Libraries\STM32F10x_StdPeriph_Driver\src\stm32f10x_dbgmcu.o
LOAD Libraries\STM32F10x_StdPeriph_Driver\src\stm32f10x_dma.o
LOAD Libraries\STM32F10x_StdPeriph_Driver\src\stm32f10x_exti.o
LOAD Libraries\STM32F10x_StdPeriph_Driver\src\stm32f10x_flash.o
LOAD Libraries\STM32F10x_StdPeriph_Driver\src\stm32f10x_fsmc.o
LOAD Libraries\STM32F10x_StdPeriph_Driver\src\stm32f10x_gpio.o
LOAD Libraries\STM32F10x_StdPeriph_Driver\src\stm32f10x_i2c.o
LOAD Libraries\STM32F10x_StdPeriph_Driver\src\stm32f10x_iwdg.o
LOAD Libraries\STM32F10x_StdPeriph_Driver\src\stm32f10x_pwr.o
LOAD Libraries\STM32F10x_StdPeriph_Driver\src\stm32f10x_rcc.o
LOAD Libraries\STM32F10x_StdPeriph_Driver\src\stm32f10x_rtc.o
LOAD Libraries\STM32F10x_StdPeriph_Driver\src\stm32f10x_sdio.o
LOAD Libraries\STM32F10x_StdPeriph_Driver\src\stm32f10x_spi.o
LOAD Libraries\STM32F10x_StdPeriph_Driver\src\stm32f10x_tim.o
LOAD Libraries\STM32F10x_StdPeriph_Driver\src\stm32f10x_usart.o
LOAD Libraries\STM32F10x_StdPeriph_Driver\src\stm32f10x_wwdg.o
LOAD Third-Party\FreeRTOS\org\Source\croutine.o
LOAD Third-Party\FreeRTOS\org\Source\event_groups.o
LOAD Third-Party\FreeRTOS\org\Source\list.o
LOAD Third-Party\FreeRTOS\org\Source\portable\GCC\ARM_CM3\port.o
LOAD Third-Party\FreeRTOS\org\Source\portable\MemMang\heap_4.o
LOAD Third-Party\FreeRTOS\org\Source\queue.o
LOAD Third-Party\FreeRTOS\org\Source\stream_buffer.o
LOAD Third-Party\FreeRTOS\org\Source\tasks.o
LOAD Third-Party\FreeRTOS\org\Source\timers.o
LOAD Third-Party\SEGGER\Config\SEGGER_SYSVIEW_Config_FreeRTOS.o
LOAD Third-Party\SEGGER\OS\SEGGER_SYSVIEW_FreeRTOS.o
LOAD Third-Party\SEGGER\SEGGER\SEGGER_RTT.o
LOAD Third-Party\SEGGER\SEGGER\SEGGER_SYSVIEW.o
LOAD src\main.o
LOAD src\startup_stm32f10x_md.o
LOAD src\syscalls.o
LOAD src\system_stm32f10x.o
                0x00000080                malloc_getpagesize_P = 0x80
START GROUP
LOAD c:/program files (x86)/atollic/truestudio for stm32 9.3.0/armtools/bin/../lib/gcc/arm-atollic-eabi/6.3.1/../../../../arm-atollic-eabi/lib/armv7-m\libc_nano.a
LOAD c:/program files (x86)/atollic/truestudio for stm32 9.3.0/armtools/bin/../lib/gcc/arm-atollic-eabi/6.3.1/../../../../arm-atollic-eabi/lib/armv7-m\libm.a
END GROUP
START GROUP
LOAD c:/program files (x86)/atollic/truestudio for stm32 9.3.0/armtools/bin/../lib/gcc/arm-atollic-eabi/6.3.1/armv7-m\libgcc.a
LOAD c:/program files (x86)/atollic/truestudio for stm32 9.3.0/armtools/bin/../lib/gcc/arm-atollic-eabi/6.3.1/../../../../arm-atollic-eabi/lib/armv7-m\libc_nano.a
END GROUP
START GROUP
LOAD c:/program files (x86)/atollic/truestudio for stm32 9.3.0/armtools/bin/../lib/gcc/arm-atollic-eabi/6.3.1/armv7-m\libgcc.a
LOAD c:/program files (x86)/atollic/truestudio for stm32 9.3.0/armtools/bin/../lib/gcc/arm-atollic-eabi/6.3.1/../../../../arm-atollic-eabi/lib/armv7-m\libc_nano.a
LOAD c:/program files (x86)/atollic/truestudio for stm32 9.3.0/armtools/bin/../lib/gcc/arm-atollic-eabi/6.3.1/../../../../arm-atollic-eabi/lib/armv7-m\libnosys.a
END GROUP
START GROUP
LOAD c:/program files (x86)/atollic/truestudio for stm32 9.3.0/armtools/bin/../lib/gcc/arm-atollic-eabi/6.3.1/armv7-m\libgcc.a
LOAD c:/program files (x86)/atollic/truestudio for stm32 9.3.0/armtools/bin/../lib/gcc/arm-atollic-eabi/6.3.1/../../../../arm-atollic-eabi/lib/armv7-m\libc_nano.a
LOAD c:/program files (x86)/atollic/truestudio for stm32 9.3.0/armtools/bin/../lib/gcc/arm-atollic-eabi/6.3.1/../../../../arm-atollic-eabi/lib/armv7-m\libnosys.a
END GROUP
LOAD c:/program files (x86)/atollic/truestudio for stm32 9.3.0/armtools/bin/../lib/gcc/arm-atollic-eabi/6.3.1/armv7-m/crtend.o
LOAD c:/program files (x86)/atollic/truestudio for stm32 9.3.0/armtools/bin/../lib/gcc/arm-atollic-eabi/6.3.1/armv7-m/crtn.o
                0x20005000                _estack = 0x20005000
                0x00000000                _Min_Heap_Size = 0x0
                0x00000100                _Min_Stack_Size = 0x100

.isr_vector     0x08000000      0x10c
                0x08000000                . = ALIGN (0x4)
 *(.isr_vector)
 .isr_vector    0x08000000      0x10c src\startup_stm32f10x_md.o
                0x08000000                g_pfnVectors
                0x0800010c                . = ALIGN (0x4)

.text           0x08000110     0x56b4
                0x08000110                . = ALIGN (0x4)
 *(.text)
 .text          0x08000110       0x40 c:/program files (x86)/atollic/truestudio for stm32 9.3.0/armtools/bin/../lib/gcc/arm-atollic-eabi/6.3.1/armv7-m/crtbegin.o
 .text          0x08000150       0x10 c:/program files (x86)/atollic/truestudio for stm32 9.3.0/armtools/bin/../lib/gcc/arm-atollic-eabi/6.3.1/../../../../arm-atollic-eabi/lib/armv7-m\libc_nano.a(lib_a-strlen.o)
                0x08000150                strlen
 *(.text*)
 .text.NVIC_PriorityGroupConfig
                0x08000160       0x24 Libraries\STM32F10x_StdPeriph_Driver\src\misc.o
                0x08000160                NVIC_PriorityGroupConfig
 .text.GPIO_Init
                0x08000184      0x178 Libraries\STM32F10x_StdPeriph_Driver\src\stm32f10x_gpio.o
                0x08000184                GPIO_Init
 .text.GPIO_ReadOutputDataBit
                0x080002fc       0x32 Libraries\STM32F10x_StdPeriph_Driver\src\stm32f10x_gpio.o
                0x080002fc                GPIO_ReadOutputDataBit
 .text.GPIO_WriteBit
                0x0800032e       0x2e Libraries\STM32F10x_StdPeriph_Driver\src\stm32f10x_gpio.o
                0x0800032e                GPIO_WriteBit
 .text.GPIO_ToggleBit
                0x0800035c       0x22 Libraries\STM32F10x_StdPeriph_Driver\src\stm32f10x_gpio.o
                0x0800035c                GPIO_ToggleBit
 *fill*         0x0800037e        0x2 
 .text.RCC_GetClocksFreq
                0x08000380      0x160 Libraries\STM32F10x_StdPeriph_Driver\src\stm32f10x_rcc.o
                0x08000380                RCC_GetClocksFreq
 .text.RCC_APB2PeriphClockCmd
                0x080004e0       0x3c Libraries\STM32F10x_StdPeriph_Driver\src\stm32f10x_rcc.o
                0x080004e0                RCC_APB2PeriphClockCmd
 .text.USART_Init
                0x0800051c      0x174 Libraries\STM32F10x_StdPeriph_Driver\src\stm32f10x_usart.o
                0x0800051c                USART_Init
 .text.USART_Cmd
                0x08000690       0x3e Libraries\STM32F10x_StdPeriph_Driver\src\stm32f10x_usart.o
                0x08000690                USART_Cmd
 .text.USART_ITConfig
                0x080006ce       0x8e Libraries\STM32F10x_StdPeriph_Driver\src\stm32f10x_usart.o
                0x080006ce                USART_ITConfig
 .text.USART_SendData
                0x0800075c       0x22 Libraries\STM32F10x_StdPeriph_Driver\src\stm32f10x_usart.o
                0x0800075c                USART_SendData
 .text.USART_ReceiveData
                0x0800077e       0x1e Libraries\STM32F10x_StdPeriph_Driver\src\stm32f10x_usart.o
                0x0800077e                USART_ReceiveData
 .text.USART_GetFlagStatus
                0x0800079c       0x36 Libraries\STM32F10x_StdPeriph_Driver\src\stm32f10x_usart.o
                0x0800079c                USART_GetFlagStatus
 .text.vListInitialise
                0x080007d2       0x3e Third-Party\FreeRTOS\org\Source\list.o
                0x080007d2                vListInitialise
 .text.vListInitialiseItem
                0x08000810       0x18 Third-Party\FreeRTOS\org\Source\list.o
                0x08000810                vListInitialiseItem
 .text.vListInsertEnd
                0x08000828       0x46 Third-Party\FreeRTOS\org\Source\list.o
                0x08000828                vListInsertEnd
 .text.vListInsert
                0x0800086e       0x70 Third-Party\FreeRTOS\org\Source\list.o
                0x0800086e                vListInsert
 .text.uxListRemove
                0x080008de       0x52 Third-Party\FreeRTOS\org\Source\list.o
                0x080008de                uxListRemove
 .text.pxPortInitialiseStack
                0x08000930       0x58 Third-Party\FreeRTOS\org\Source\portable\GCC\ARM_CM3\port.o
                0x08000930                pxPortInitialiseStack
 .text.prvTaskExitError
                0x08000988       0x2e Third-Party\FreeRTOS\org\Source\portable\GCC\ARM_CM3\port.o
 *fill*         0x080009b6        0xa 
 .text.SVC_Handler
                0x080009c0       0x28 Third-Party\FreeRTOS\org\Source\portable\GCC\ARM_CM3\port.o
                0x080009c0                SVC_Handler
 .text.prvPortStartFirstTask
                0x080009e8       0x20 Third-Party\FreeRTOS\org\Source\portable\GCC\ARM_CM3\port.o
 .text.xPortStartScheduler
                0x08000a08       0x40 Third-Party\FreeRTOS\org\Source\portable\GCC\ARM_CM3\port.o
                0x08000a08                xPortStartScheduler
 .text.vPortEnterCritical
                0x08000a48       0x30 Third-Party\FreeRTOS\org\Source\portable\GCC\ARM_CM3\port.o
                0x08000a48                vPortEnterCritical
 .text.vPortExitCritical
                0x08000a78       0x30 Third-Party\FreeRTOS\org\Source\portable\GCC\ARM_CM3\port.o
                0x08000a78                vPortExitCritical
 *fill*         0x08000aa8        0x8 
 .text.PendSV_Handler
                0x08000ab0       0x48 Third-Party\FreeRTOS\org\Source\portable\GCC\ARM_CM3\port.o
                0x08000ab0                PendSV_Handler
 .text.SysTick_Handler
                0x08000af8       0x50 Third-Party\FreeRTOS\org\Source\portable\GCC\ARM_CM3\port.o
                0x08000af8                SysTick_Handler
 .text.vPortSetupTimerInterrupt
                0x08000b48       0x34 Third-Party\FreeRTOS\org\Source\portable\GCC\ARM_CM3\port.o
                0x08000b48                vPortSetupTimerInterrupt
 .text.pvPortMalloc
                0x08000b7c      0x134 Third-Party\FreeRTOS\org\Source\portable\MemMang\heap_4.o
                0x08000b7c                pvPortMalloc
 .text.vPortFree
                0x08000cb0       0x80 Third-Party\FreeRTOS\org\Source\portable\MemMang\heap_4.o
                0x08000cb0                vPortFree
 .text.prvHeapInit
                0x08000d30       0xc4 Third-Party\FreeRTOS\org\Source\portable\MemMang\heap_4.o
 .text.prvInsertBlockIntoFreeList
                0x08000df4       0xb0 Third-Party\FreeRTOS\org\Source\portable\MemMang\heap_4.o
 .text.xQueueGenericReset
                0x08000ea4       0xb4 Third-Party\FreeRTOS\org\Source\queue.o
                0x08000ea4                xQueueGenericReset
 .text.xQueueGenericCreate
                0x08000f58       0x50 Third-Party\FreeRTOS\org\Source\queue.o
                0x08000f58                xQueueGenericCreate
 .text.prvInitialiseNewQueue
                0x08000fa8       0x4a Third-Party\FreeRTOS\org\Source\queue.o
 *fill*         0x08000ff2        0x2 
 .text.xQueueGenericSend
                0x08000ff4      0x1a4 Third-Party\FreeRTOS\org\Source\queue.o
                0x08000ff4                xQueueGenericSend
 .text.xQueueGenericSendFromISR
                0x08001198       0xe0 Third-Party\FreeRTOS\org\Source\queue.o
                0x08001198                xQueueGenericSendFromISR
 .text.xQueueReceive
                0x08001278      0x1b4 Third-Party\FreeRTOS\org\Source\queue.o
                0x08001278                xQueueReceive
 .text.prvCopyDataToQueue
                0x0800142c       0xd4 Third-Party\FreeRTOS\org\Source\queue.o
 .text.prvCopyDataFromQueue
                0x08001500       0x4c Third-Party\FreeRTOS\org\Source\queue.o
 .text.prvUnlockQueue
                0x0800154c       0xa4 Third-Party\FreeRTOS\org\Source\queue.o
 .text.prvIsQueueEmpty
                0x080015f0       0x2c Third-Party\FreeRTOS\org\Source\queue.o
 .text.prvIsQueueFull
                0x0800161c       0x30 Third-Party\FreeRTOS\org\Source\queue.o
 .text.vQueueWaitForMessageRestricted
                0x0800164c       0x68 Third-Party\FreeRTOS\org\Source\queue.o
                0x0800164c                vQueueWaitForMessageRestricted
 .text.xTaskCreate
                0x080016b4       0x82 Third-Party\FreeRTOS\org\Source\tasks.o
                0x080016b4                xTaskCreate
 .text.prvInitialiseNewTask
                0x08001736       0xfe Third-Party\FreeRTOS\org\Source\tasks.o
 .text.prvAddNewTaskToReadyList
                0x08001834      0x110 Third-Party\FreeRTOS\org\Source\tasks.o
 .text.vTaskDelete
                0x08001944      0x130 Third-Party\FreeRTOS\org\Source\tasks.o
                0x08001944                vTaskDelete
 .text.vTaskStartScheduler
                0x08001a74       0x98 Third-Party\FreeRTOS\org\Source\tasks.o
                0x08001a74                vTaskStartScheduler
 .text.vTaskSuspendAll
                0x08001b0c       0x1c Third-Party\FreeRTOS\org\Source\tasks.o
                0x08001b0c                vTaskSuspendAll
 .text.xTaskResumeAll
                0x08001b28      0x124 Third-Party\FreeRTOS\org\Source\tasks.o
                0x08001b28                xTaskResumeAll
 .text.xTaskGetTickCount
                0x08001c4c       0x1c Third-Party\FreeRTOS\org\Source\tasks.o
                0x08001c4c                xTaskGetTickCount
 .text.xTaskIncrementTick
                0x08001c68      0x158 Third-Party\FreeRTOS\org\Source\tasks.o
                0x08001c68                xTaskIncrementTick
 .text.vTaskSwitchContext
                0x08001dc0       0xa8 Third-Party\FreeRTOS\org\Source\tasks.o
                0x08001dc0                vTaskSwitchContext
 .text.vTaskPlaceOnEventList
                0x08001e68       0x2c Third-Party\FreeRTOS\org\Source\tasks.o
                0x08001e68                vTaskPlaceOnEventList
 .text.vTaskPlaceOnEventListRestricted
                0x08001e94       0x40 Third-Party\FreeRTOS\org\Source\tasks.o
                0x08001e94                vTaskPlaceOnEventListRestricted
 .text.xTaskRemoveFromEventList
                0x08001ed4       0xb0 Third-Party\FreeRTOS\org\Source\tasks.o
                0x08001ed4                xTaskRemoveFromEventList
 .text.vTaskInternalSetTimeOutState
                0x08001f84       0x2c Third-Party\FreeRTOS\org\Source\tasks.o
                0x08001f84                vTaskInternalSetTimeOutState
 .text.xTaskCheckForTimeOut
                0x08001fb0       0x8c Third-Party\FreeRTOS\org\Source\tasks.o
                0x08001fb0                xTaskCheckForTimeOut
 .text.vTaskMissedYield
                0x0800203c       0x18 Third-Party\FreeRTOS\org\Source\tasks.o
                0x0800203c                vTaskMissedYield
 .text.prvIdleTask
                0x08002054       0x34 Third-Party\FreeRTOS\org\Source\tasks.o
 .text.prvInitialiseTaskLists
                0x08002088       0x80 Third-Party\FreeRTOS\org\Source\tasks.o
 .text.prvCheckTasksWaitingTermination
                0x08002108       0x58 Third-Party\FreeRTOS\org\Source\tasks.o
 .text.prvDeleteTCB
                0x08002160       0x20 Third-Party\FreeRTOS\org\Source\tasks.o
 .text.prvResetNextTaskUnblockTime
                0x08002180       0x40 Third-Party\FreeRTOS\org\Source\tasks.o
 .text.xTaskGetSchedulerState
                0x080021c0       0x3c Third-Party\FreeRTOS\org\Source\tasks.o
                0x080021c0                xTaskGetSchedulerState
 .text.xTaskPriorityDisinherit
                0x080021fc       0xd4 Third-Party\FreeRTOS\org\Source\tasks.o
                0x080021fc                xTaskPriorityDisinherit
 .text.xTaskNotifyWait
                0x080022d0       0xc8 Third-Party\FreeRTOS\org\Source\tasks.o
                0x080022d0                xTaskNotifyWait
 .text.xTaskGenericNotifyFromISR
                0x08002398      0x178 Third-Party\FreeRTOS\org\Source\tasks.o
                0x08002398                xTaskGenericNotifyFromISR
 .text.prvAddCurrentTaskToDelayedList
                0x08002510       0xf0 Third-Party\FreeRTOS\org\Source\tasks.o
 .text.xTimerCreateTimerTask
                0x08002600       0x48 Third-Party\FreeRTOS\org\Source\timers.o
                0x08002600                xTimerCreateTimerTask
 .text.xTimerCreate
                0x08002648       0x42 Third-Party\FreeRTOS\org\Source\timers.o
                0x08002648                xTimerCreate
 .text.prvInitialiseNewTimer
                0x0800268a       0x5a Third-Party\FreeRTOS\org\Source\timers.o
 .text.xTimerGenericCommand
                0x080026e4       0x80 Third-Party\FreeRTOS\org\Source\timers.o
                0x080026e4                xTimerGenericCommand
 .text.prvProcessExpiredTimer
                0x08002764       0x80 Third-Party\FreeRTOS\org\Source\timers.o
 .text.prvTimerTask
                0x080027e4       0x24 Third-Party\FreeRTOS\org\Source\timers.o
 .text.prvProcessTimerOrBlockTask
                0x08002808       0x9c Third-Party\FreeRTOS\org\Source\timers.o
 .text.prvGetNextExpireTime
                0x080028a4       0x44 Third-Party\FreeRTOS\org\Source\timers.o
 .text.prvSampleTimeNow
                0x080028e8       0x40 Third-Party\FreeRTOS\org\Source\timers.o
 .text.prvInsertTimerInActiveList
                0x08002928       0x84 Third-Party\FreeRTOS\org\Source\timers.o
 .text.prvProcessReceivedCommands
                0x080029ac      0x150 Third-Party\FreeRTOS\org\Source\timers.o
 .text.prvSwitchTimerLists
                0x08002afc       0xac Third-Party\FreeRTOS\org\Source\timers.o
 .text.prvCheckForValidListAndQueue
                0x08002ba8       0x54 Third-Party\FreeRTOS\org\Source\timers.o
 .text.xTimerIsTimerActive
                0x08002bfc       0x36 Third-Party\FreeRTOS\org\Source\timers.o
                0x08002bfc                xTimerIsTimerActive
 *fill*         0x08002c32        0x2 
 .text.SYSVIEW_AddTask
                0x08002c34       0xd0 Third-Party\SEGGER\OS\SEGGER_SYSVIEW_FreeRTOS.o
                0x08002c34                SYSVIEW_AddTask
 .text.SYSVIEW_DeleteTask
                0x08002d04      0x178 Third-Party\SEGGER\OS\SEGGER_SYSVIEW_FreeRTOS.o
                0x08002d04                SYSVIEW_DeleteTask
 .text.SYSVIEW_SendTaskInfo
                0x08002e7c       0x42 Third-Party\SEGGER\OS\SEGGER_SYSVIEW_FreeRTOS.o
                0x08002e7c                SYSVIEW_SendTaskInfo
 *fill*         0x08002ebe        0x2 
 .text._DoInit  0x08002ec0       0xa4 Third-Party\SEGGER\SEGGER\SEGGER_RTT.o
 .text.SEGGER_RTT_ReadNoLock
                0x08002f64      0x104 Third-Party\SEGGER\SEGGER\SEGGER_RTT.o
                0x08002f64                SEGGER_RTT_ReadNoLock
 .text.SEGGER_RTT_WriteSkipNoLock
                0x08003068      0x120 Third-Party\SEGGER\SEGGER\SEGGER_RTT.o
                0x08003068                SEGGER_RTT_WriteSkipNoLock
 .text._EncodeStr
                0x08003188       0x98 Third-Party\SEGGER\SEGGER\SEGGER_SYSVIEW.o
 .text._PreparePacket
                0x08003220       0x16 Third-Party\SEGGER\SEGGER\SEGGER_SYSVIEW.o
 .text._HandleIncomingPacket
                0x08003236       0xb4 Third-Party\SEGGER\SEGGER\SEGGER_SYSVIEW.o
 *fill*         0x080032ea        0x2 
 .text._TrySendOverflowPacket
                0x080032ec       0xe0 Third-Party\SEGGER\SEGGER\SEGGER_SYSVIEW.o
 .text._SendPacket
                0x080033cc      0x1a4 Third-Party\SEGGER\SEGGER\SEGGER_SYSVIEW.o
 .text.SEGGER_SYSVIEW_RecordVoid
                0x08003570       0x3c Third-Party\SEGGER\SEGGER\SEGGER_SYSVIEW.o
                0x08003570                SEGGER_SYSVIEW_RecordVoid
 .text.SEGGER_SYSVIEW_RecordU32
                0x080035ac       0x78 Third-Party\SEGGER\SEGGER\SEGGER_SYSVIEW.o
                0x080035ac                SEGGER_SYSVIEW_RecordU32
 .text.SEGGER_SYSVIEW_RecordU32x2
                0x08003624       0xb4 Third-Party\SEGGER\SEGGER\SEGGER_SYSVIEW.o
                0x08003624                SEGGER_SYSVIEW_RecordU32x2
 .text.SEGGER_SYSVIEW_RecordU32x3
                0x080036d8       0xec Third-Party\SEGGER\SEGGER\SEGGER_SYSVIEW.o
                0x080036d8                SEGGER_SYSVIEW_RecordU32x3
 .text.SEGGER_SYSVIEW_RecordU32x4
                0x080037c4      0x124 Third-Party\SEGGER\SEGGER\SEGGER_SYSVIEW.o
                0x080037c4                SEGGER_SYSVIEW_RecordU32x4
 .text.SEGGER_SYSVIEW_RecordU32x5
                0x080038e8      0x15c Third-Party\SEGGER\SEGGER\SEGGER_SYSVIEW.o
                0x080038e8                SEGGER_SYSVIEW_RecordU32x5
 .text.SEGGER_SYSVIEW_Start
                0x08003a44      0x178 Third-Party\SEGGER\SEGGER\SEGGER_SYSVIEW.o
                0x08003a44                SEGGER_SYSVIEW_Start
 .text.SEGGER_SYSVIEW_Stop
                0x08003bbc       0x4c Third-Party\SEGGER\SEGGER\SEGGER_SYSVIEW.o
                0x08003bbc                SEGGER_SYSVIEW_Stop
 .text.SEGGER_SYSVIEW_GetSysDesc
                0x08003c08      0x134 Third-Party\SEGGER\SEGGER\SEGGER_SYSVIEW.o
                0x08003c08                SEGGER_SYSVIEW_GetSysDesc
 .text.SEGGER_SYSVIEW_SendTaskInfo
                0x08003d3c      0x1cc Third-Party\SEGGER\SEGGER\SEGGER_SYSVIEW.o
                0x08003d3c                SEGGER_SYSVIEW_SendTaskInfo
 .text.SEGGER_SYSVIEW_SendTaskList
                0x08003f08       0x28 Third-Party\SEGGER\SEGGER\SEGGER_SYSVIEW.o
                0x08003f08                SEGGER_SYSVIEW_SendTaskList
 .text.SEGGER_SYSVIEW_RecordSystime
                0x08003f30       0x58 Third-Party\SEGGER\SEGGER\SEGGER_SYSVIEW.o
                0x08003f30                SEGGER_SYSVIEW_RecordSystime
 .text.SEGGER_SYSVIEW_RecordEnterISR
                0x08003f88       0x84 Third-Party\SEGGER\SEGGER\SEGGER_SYSVIEW.o
                0x08003f88                SEGGER_SYSVIEW_RecordEnterISR
 .text.SEGGER_SYSVIEW_RecordExitISR
                0x0800400c       0x38 Third-Party\SEGGER\SEGGER\SEGGER_SYSVIEW.o
                0x0800400c                SEGGER_SYSVIEW_RecordExitISR
 .text.SEGGER_SYSVIEW_RecordExitISRToScheduler
                0x08004044       0x38 Third-Party\SEGGER\SEGGER\SEGGER_SYSVIEW.o
                0x08004044                SEGGER_SYSVIEW_RecordExitISRToScheduler
 .text.SEGGER_SYSVIEW_OnIdle
                0x0800407c       0x38 Third-Party\SEGGER\SEGGER\SEGGER_SYSVIEW.o
                0x0800407c                SEGGER_SYSVIEW_OnIdle
 .text.SEGGER_SYSVIEW_OnTaskCreate
                0x080040b4       0x88 Third-Party\SEGGER\SEGGER\SEGGER_SYSVIEW.o
                0x080040b4                SEGGER_SYSVIEW_OnTaskCreate
 .text.SEGGER_SYSVIEW_OnTaskStartExec
                0x0800413c       0x88 Third-Party\SEGGER\SEGGER\SEGGER_SYSVIEW.o
                0x0800413c                SEGGER_SYSVIEW_OnTaskStartExec
 .text.SEGGER_SYSVIEW_OnTaskStartReady
                0x080041c4       0x88 Third-Party\SEGGER\SEGGER\SEGGER_SYSVIEW.o
                0x080041c4                SEGGER_SYSVIEW_OnTaskStartReady
 .text.SEGGER_SYSVIEW_OnTaskStopReady
                0x0800424c       0xc0 Third-Party\SEGGER\SEGGER\SEGGER_SYSVIEW.o
                0x0800424c                SEGGER_SYSVIEW_OnTaskStopReady
 .text.SEGGER_SYSVIEW_ShrinkId
                0x0800430c       0x20 Third-Party\SEGGER\SEGGER\SEGGER_SYSVIEW.o
                0x0800430c                SEGGER_SYSVIEW_ShrinkId
 .text.SEGGER_SYSVIEW_SendModule
                0x0800432c      0x100 Third-Party\SEGGER\SEGGER\SEGGER_SYSVIEW.o
                0x0800432c                SEGGER_SYSVIEW_SendModule
 .text.SEGGER_SYSVIEW_SendModuleDescription
                0x0800442c       0x3c Third-Party\SEGGER\SEGGER\SEGGER_SYSVIEW.o
                0x0800442c                SEGGER_SYSVIEW_SendModuleDescription
 .text.SEGGER_SYSVIEW_SendNumModules
                0x08004468       0x7c Third-Party\SEGGER\SEGGER\SEGGER_SYSVIEW.o
                0x08004468                SEGGER_SYSVIEW_SendNumModules
 .text.SEGGER_SYSVIEW_Warn
                0x080044e4       0xb8 Third-Party\SEGGER\SEGGER\SEGGER_SYSVIEW.o
                0x080044e4                SEGGER_SYSVIEW_Warn
 .text.NVIC_EnableIRQ
                0x0800459c       0x30 src\main.o
 .text.NVIC_SetPriority
                0x080045cc       0x54 src\main.o
 .text.main     0x08004620      0x108 src\main.o
                0x08004620                main
 .text.vTask1_menu_display
                0x08004728       0x38 src\main.o
                0x08004728                vTask1_menu_display
 .text.vTask2_cmd_handling
                0x08004760       0x50 src\main.o
                0x08004760                vTask2_cmd_handling
 .text.vTask3_cmd_processing
                0x080047b0       0xa0 src\main.o
                0x080047b0                vTask3_cmd_processing
 .text.vTask4_uart_write
                0x08004850       0x2c src\main.o
                0x08004850                vTask4_uart_write
 .text.prvSetupHardware
                0x0800487c       0x10 src\main.o
 .text.printmsg
                0x0800488c       0x50 src\main.o
                0x0800488c                printmsg
 .text.prvUARTSetup
                0x080048dc       0x98 src\main.o
                0x080048dc                prvUARTSetup
 .text.prvGPIOSetup
                0x08004974       0x60 src\main.o
                0x08004974                prvGPIOSetup
 .text.getCommandCode
                0x080049d4       0x1a src\main.o
                0x080049d4                getCommandCode
 *fill*         0x080049ee        0x2 
 .text.USART1_IRQHandler
                0x080049f0       0xa0 src\main.o
                0x080049f0                USART1_IRQHandler
 .text.LED_SW_Timer_CallBack
                0x08004a90       0x20 src\main.o
                0x08004a90                LED_SW_Timer_CallBack
 .text.vApplicationIdleHook
                0x08004ab0        0xe src\main.o
                0x08004ab0                vApplicationIdleHook
 *fill*         0x08004abe        0x2 
 .text.LED_ON   0x08004ac0       0x18 src\main.o
                0x08004ac0                LED_ON
 .text.LED_OFF  0x08004ad8       0x18 src\main.o
                0x08004ad8                LED_OFF
 .text.LED_ToggleStart
                0x08004af0       0x70 src\main.o
                0x08004af0                LED_ToggleStart
 .text.LED_ToggleStop
                0x08004b60       0x38 src\main.o
                0x08004b60                LED_ToggleStop
 .text.LED_ReadStatus
                0x08004b98       0x44 src\main.o
                0x08004b98                LED_ReadStatus
 .text.RTC_ReadInfo
                0x08004bdc       0x40 src\main.o
                0x08004bdc                RTC_ReadInfo
 .text.Print_Error_Message
                0x08004c1c       0x44 src\main.o
                0x08004c1c                Print_Error_Message
 .text.Exit_App
                0x08004c60       0x50 src\main.o
                0x08004c60                Exit_App
 .text.Reset_Handler
                0x08004cb0       0x50 src\startup_stm32f10x_md.o
                0x08004cb0                Reset_Handler
 .text.Default_Handler
                0x08004d00        0x2 src\startup_stm32f10x_md.o
                0x08004d00                EXTI2_IRQHandler
                0x08004d00                DebugMon_Handler
                0x08004d00                TIM1_CC_IRQHandler
                0x08004d00                HardFault_Handler
                0x08004d00                PVD_IRQHandler
                0x08004d00                NMI_Handler
                0x08004d00                EXTI3_IRQHandler
                0x08004d00                EXTI0_IRQHandler
                0x08004d00                I2C2_EV_IRQHandler
                0x08004d00                UsageFault_Handler
                0x08004d00                ADC1_2_IRQHandler
                0x08004d00                SPI1_IRQHandler
                0x08004d00                TAMPER_IRQHandler
                0x08004d00                DMA1_Channel4_IRQHandler
                0x08004d00                USART3_IRQHandler
                0x08004d00                RTC_IRQHandler
                0x08004d00                DMA1_Channel7_IRQHandler
                0x08004d00                CAN1_RX1_IRQHandler
                0x08004d00                TIM4_IRQHandler
                0x08004d00                I2C1_EV_IRQHandler
                0x08004d00                DMA1_Channel6_IRQHandler
                0x08004d00                TIM3_IRQHandler
                0x08004d00                RCC_IRQHandler
                0x08004d00                TIM1_TRG_COM_IRQHandler
                0x08004d00                DMA1_Channel1_IRQHandler
                0x08004d00                Default_Handler
                0x08004d00                EXTI15_10_IRQHandler
                0x08004d00                EXTI9_5_IRQHandler
                0x08004d00                SPI2_IRQHandler
                0x08004d00                MemManage_Handler
                0x08004d00                DMA1_Channel5_IRQHandler
                0x08004d00                EXTI4_IRQHandler
                0x08004d00                USB_LP_CAN1_RX0_IRQHandler
                0x08004d00                USB_HP_CAN1_TX_IRQHandler
                0x08004d00                DMA1_Channel3_IRQHandler
                0x08004d00                TIM1_UP_IRQHandler
                0x08004d00                WWDG_IRQHandler
                0x08004d00                TIM2_IRQHandler
                0x08004d00                TIM1_BRK_IRQHandler
                0x08004d00                EXTI1_IRQHandler
                0x08004d00                RTCAlarm_IRQHandler
                0x08004d00                USART2_IRQHandler
                0x08004d00                I2C2_ER_IRQHandler
                0x08004d00                DMA1_Channel2_IRQHandler
                0x08004d00                CAN1_SCE_IRQHandler
                0x08004d00                FLASH_IRQHandler
                0x08004d00                BusFault_Handler
                0x08004d00                I2C1_ER_IRQHandler
                0x08004d00                USBWakeUp_IRQHandler
 *fill*         0x08004d02        0x2 
 .text._sbrk    0x08004d04       0x68 src\syscalls.o
                0x08004d04                _sbrk
 .text.SystemInit
                0x08004d6c       0x68 src\system_stm32f10x.o
                0x08004d6c                SystemInit
 .text.SetSysClock
                0x08004dd4        0xc src\system_stm32f10x.o
 .text.SetSysClockTo72
                0x08004de0      0x100 src\system_stm32f10x.o
 .text.__libc_init_array
                0x08004ee0       0x48 c:/program files (x86)/atollic/truestudio for stm32 9.3.0/armtools/bin/../lib/gcc/arm-atollic-eabi/6.3.1/../../../../arm-atollic-eabi/lib/armv7-m\libc_nano.a(lib_a-init.o)
                0x08004ee0                __libc_init_array
 .text.memcmp   0x08004f28       0x1e c:/program files (x86)/atollic/truestudio for stm32 9.3.0/armtools/bin/../lib/gcc/arm-atollic-eabi/6.3.1/../../../../arm-atollic-eabi/lib/armv7-m\libc_nano.a(lib_a-memcmp.o)
                0x08004f28                memcmp
 .text.memcpy   0x08004f46       0x16 c:/program files (x86)/atollic/truestudio for stm32 9.3.0/armtools/bin/../lib/gcc/arm-atollic-eabi/6.3.1/../../../../arm-atollic-eabi/lib/armv7-m\libc_nano.a(lib_a-memcpy-stub.o)
                0x08004f46                memcpy
 .text.memset   0x08004f5c       0x10 c:/program files (x86)/atollic/truestudio for stm32 9.3.0/armtools/bin/../lib/gcc/arm-atollic-eabi/6.3.1/../../../../arm-atollic-eabi/lib/armv7-m\libc_nano.a(lib_a-memset.o)
                0x08004f5c                memset
 .text.sprintf  0x08004f6c       0x48 c:/program files (x86)/atollic/truestudio for stm32 9.3.0/armtools/bin/../lib/gcc/arm-atollic-eabi/6.3.1/../../../../arm-atollic-eabi/lib/armv7-m\libc_nano.a(lib_a-sprintf.o)
                0x08004f6c                siprintf
                0x08004f6c                sprintf
 .text._free_r  0x08004fb4       0x98 c:/program files (x86)/atollic/truestudio for stm32 9.3.0/armtools/bin/../lib/gcc/arm-atollic-eabi/6.3.1/../../../../arm-atollic-eabi/lib/armv7-m\libc_nano.a(lib_a-nano-freer.o)
                0x08004fb4                _free_r
 .text._malloc_r
                0x0800504c       0xbc c:/program files (x86)/atollic/truestudio for stm32 9.3.0/armtools/bin/../lib/gcc/arm-atollic-eabi/6.3.1/../../../../arm-atollic-eabi/lib/armv7-m\libc_nano.a(lib_a-nano-mallocr.o)
                0x0800504c                _malloc_r
 .text.__ssputs_r
                0x08005108       0xb6 c:/program files (x86)/atollic/truestudio for stm32 9.3.0/armtools/bin/../lib/gcc/arm-atollic-eabi/6.3.1/../../../../arm-atollic-eabi/lib/armv7-m\libc_nano.a(lib_a-nano-svfprintf.o)
                0x08005108                __ssputs_r
 *fill*         0x080051be        0x2 
 .text._svfprintf_r
                0x080051c0      0x1e8 c:/program files (x86)/atollic/truestudio for stm32 9.3.0/armtools/bin/../lib/gcc/arm-atollic-eabi/6.3.1/../../../../arm-atollic-eabi/lib/armv7-m\libc_nano.a(lib_a-nano-svfprintf.o)
                0x080051c0                _svfiprintf_r
                0x080051c0                _svfprintf_r
 .text._printf_common
                0x080053a8       0xee c:/program files (x86)/atollic/truestudio for stm32 9.3.0/armtools/bin/../lib/gcc/arm-atollic-eabi/6.3.1/../../../../arm-atollic-eabi/lib/armv7-m\libc_nano.a(lib_a-nano-vfprintf_i.o)
                0x080053a8                _printf_common
 *fill*         0x08005496        0x2 
 .text._printf_i
                0x08005498      0x240 c:/program files (x86)/atollic/truestudio for stm32 9.3.0/armtools/bin/../lib/gcc/arm-atollic-eabi/6.3.1/../../../../arm-atollic-eabi/lib/armv7-m\libc_nano.a(lib_a-nano-vfprintf_i.o)
                0x08005498                _printf_i
 .text._sbrk_r  0x080056d8       0x20 c:/program files (x86)/atollic/truestudio for stm32 9.3.0/armtools/bin/../lib/gcc/arm-atollic-eabi/6.3.1/../../../../arm-atollic-eabi/lib/armv7-m\libc_nano.a(lib_a-sbrkr.o)
                0x080056d8                _sbrk_r
 .text.memchr   0x080056f8       0x1c c:/program files (x86)/atollic/truestudio for stm32 9.3.0/armtools/bin/../lib/gcc/arm-atollic-eabi/6.3.1/../../../../arm-atollic-eabi/lib/armv7-m\libc_nano.a(lib_a-memchr-stub.o)
                0x080056f8                memchr
 .text.memmove  0x08005714       0x34 c:/program files (x86)/atollic/truestudio for stm32 9.3.0/armtools/bin/../lib/gcc/arm-atollic-eabi/6.3.1/../../../../arm-atollic-eabi/lib/armv7-m\libc_nano.a(lib_a-memmove.o)
                0x08005714                memmove
 .text.__malloc_lock
                0x08005748        0x2 c:/program files (x86)/atollic/truestudio for stm32 9.3.0/armtools/bin/../lib/gcc/arm-atollic-eabi/6.3.1/../../../../arm-atollic-eabi/lib/armv7-m\libc_nano.a(lib_a-mlock.o)
                0x08005748                __malloc_lock
 .text.__malloc_unlock
                0x0800574a        0x2 c:/program files (x86)/atollic/truestudio for stm32 9.3.0/armtools/bin/../lib/gcc/arm-atollic-eabi/6.3.1/../../../../arm-atollic-eabi/lib/armv7-m\libc_nano.a(lib_a-mlock.o)
                0x0800574a                __malloc_unlock
 .text._realloc_r
                0x0800574c       0x4c c:/program files (x86)/atollic/truestudio for stm32 9.3.0/armtools/bin/../lib/gcc/arm-atollic-eabi/6.3.1/../../../../arm-atollic-eabi/lib/armv7-m\libc_nano.a(lib_a-nano-reallocr.o)
                0x0800574c                _realloc_r
 .text._malloc_usable_size_r
                0x08005798       0x12 c:/program files (x86)/atollic/truestudio for stm32 9.3.0/armtools/bin/../lib/gcc/arm-atollic-eabi/6.3.1/../../../../arm-atollic-eabi/lib/armv7-m\libc_nano.a(lib_a-nano-msizer.o)
                0x08005798                _malloc_usable_size_r
 *(.glue_7)
 .glue_7        0x080057aa        0x0 linker stubs
 *(.glue_7t)
 .glue_7t       0x080057aa        0x0 linker stubs
 *(.eh_frame)
 *fill*         0x080057aa        0x2 
 .eh_frame      0x080057ac        0x0 c:/program files (x86)/atollic/truestudio for stm32 9.3.0/armtools/bin/../lib/gcc/arm-atollic-eabi/6.3.1/armv7-m/crtbegin.o
 *(.init)
 .init          0x080057ac        0x4 c:/program files (x86)/atollic/truestudio for stm32 9.3.0/armtools/bin/../lib/gcc/arm-atollic-eabi/6.3.1/armv7-m/crti.o
                0x080057ac                _init
 .init          0x080057b0        0x8 c:/program files (x86)/atollic/truestudio for stm32 9.3.0/armtools/bin/../lib/gcc/arm-atollic-eabi/6.3.1/armv7-m/crtn.o
 *(.fini)
 .fini          0x080057b8        0x4 c:/program files (x86)/atollic/truestudio for stm32 9.3.0/armtools/bin/../lib/gcc/arm-atollic-eabi/6.3.1/armv7-m/crti.o
                0x080057b8                _fini
 .fini          0x080057bc        0x8 c:/program files (x86)/atollic/truestudio for stm32 9.3.0/armtools/bin/../lib/gcc/arm-atollic-eabi/6.3.1/armv7-m/crtn.o
                0x080057c4                . = ALIGN (0x4)
                0x080057c4                _etext = .

.vfp11_veneer   0x080057c4        0x0
 .vfp11_veneer  0x080057c4        0x0 linker stubs

.v4_bx          0x080057c4        0x0
 .v4_bx         0x080057c4        0x0 linker stubs

.iplt           0x080057c4        0x0
 .iplt          0x080057c4        0x0 c:/program files (x86)/atollic/truestudio for stm32 9.3.0/armtools/bin/../lib/gcc/arm-atollic-eabi/6.3.1/armv7-m/crtbegin.o

.rodata         0x080057c4      0x1ac
                0x080057c4                . = ALIGN (0x4)
 *(.rodata)
 .rodata        0x080057c4        0x5 Third-Party\FreeRTOS\org\Source\tasks.o
 *fill*         0x080057c9        0x3 
 .rodata        0x080057cc        0x8 Third-Party\FreeRTOS\org\Source\timers.o
 .rodata        0x080057d4       0x58 Third-Party\SEGGER\OS\SEGGER_SYSVIEW_FreeRTOS.o
 .rodata        0x0800582c       0x17 Third-Party\SEGGER\SEGGER\SEGGER_RTT.o
 *fill*         0x08005843        0x1 
 .rodata        0x08005844       0xec src\main.o
 *(.rodata*)
 .rodata._abSync
                0x08005930        0xa Third-Party\SEGGER\SEGGER\SEGGER_SYSVIEW.o
 .rodata._svfprintf_r.str1.1
                0x0800593a       0x11 c:/program files (x86)/atollic/truestudio for stm32 9.3.0/armtools/bin/../lib/gcc/arm-atollic-eabi/6.3.1/../../../../arm-atollic-eabi/lib/armv7-m\libc_nano.a(lib_a-nano-svfprintf.o)
 .rodata._printf_i.str1.1
                0x0800594b       0x22 c:/program files (x86)/atollic/truestudio for stm32 9.3.0/armtools/bin/../lib/gcc/arm-atollic-eabi/6.3.1/../../../../arm-atollic-eabi/lib/armv7-m\libc_nano.a(lib_a-nano-vfprintf_i.o)
                0x08005970                . = ALIGN (0x4)
 *fill*         0x0800596d        0x3 

.rel.dyn        0x08005970        0x0
 .rel.iplt      0x08005970        0x0 c:/program files (x86)/atollic/truestudio for stm32 9.3.0/armtools/bin/../lib/gcc/arm-atollic-eabi/6.3.1/armv7-m/crtbegin.o

.ARM.extab
 *(.ARM.extab* .gnu.linkonce.armextab.*)

.ARM            0x08005970        0x0
                0x08005970                __exidx_start = .
 *(.ARM.exidx*)
                0x08005970                __exidx_end = .

.preinit_array  0x08005970        0x0
                0x08005970                PROVIDE (__preinit_array_start, .)
 *(.preinit_array*)
                0x08005970                PROVIDE (__preinit_array_end, .)

.init_array     0x08005970        0x4
                0x08005970                PROVIDE (__init_array_start, .)
 *(SORT(.init_array.*))
 *(.init_array*)
 .init_array    0x08005970        0x4 c:/program files (x86)/atollic/truestudio for stm32 9.3.0/armtools/bin/../lib/gcc/arm-atollic-eabi/6.3.1/armv7-m/crtbegin.o
                0x08005974                PROVIDE (__init_array_end, .)

.fini_array     0x08005974        0x4
                [!provide]                PROVIDE (__fini_array_start, .)
 *(SORT(.fini_array.*))
 *(.fini_array*)
 .fini_array    0x08005974        0x4 c:/program files (x86)/atollic/truestudio for stm32 9.3.0/armtools/bin/../lib/gcc/arm-atollic-eabi/6.3.1/armv7-m/crtbegin.o
                [!provide]                PROVIDE (__fini_array_end, .)
                0x08005978                _sidata = LOADADDR (.data)

.data           0x20000000      0x130 load address 0x08005978
                0x20000000                . = ALIGN (0x4)
                0x20000000                _sdata = .
 *(.data)
 *(.data*)
 .data.APBAHBPrescTable
                0x20000000       0x10 Libraries\STM32F10x_StdPeriph_Driver\src\stm32f10x_rcc.o
 .data.ADCPrescTable
                0x20000010        0x4 Libraries\STM32F10x_StdPeriph_Driver\src\stm32f10x_rcc.o
 .data.uxCriticalNesting
                0x20000014        0x4 Third-Party\FreeRTOS\org\Source\portable\GCC\ARM_CM3\port.o
 .data.menu     0x20000018       0xb4 src\main.o
                0x20000018                menu
 .data._impure_ptr
                0x200000cc        0x4 c:/program files (x86)/atollic/truestudio for stm32 9.3.0/armtools/bin/../lib/gcc/arm-atollic-eabi/6.3.1/../../../../arm-atollic-eabi/lib/armv7-m\libc_nano.a(lib_a-impure.o)
                0x200000cc                _impure_ptr
 .data.impure_data
                0x200000d0       0x60 c:/program files (x86)/atollic/truestudio for stm32 9.3.0/armtools/bin/../lib/gcc/arm-atollic-eabi/6.3.1/../../../../arm-atollic-eabi/lib/armv7-m\libc_nano.a(lib_a-impure.o)
                0x20000130                . = ALIGN (0x4)
                0x20000130                _edata = .

.igot.plt       0x20000130        0x0 load address 0x08005aa8
 .igot.plt      0x20000130        0x0 c:/program files (x86)/atollic/truestudio for stm32 9.3.0/armtools/bin/../lib/gcc/arm-atollic-eabi/6.3.1/armv7-m/crtbegin.o
                0x20000130                . = ALIGN (0x4)

.bss            0x20000130     0x40f8 load address 0x08005aa8
                0x20000130                _sbss = .
                0x20000130                __bss_start__ = _sbss
 *(.bss)
 .bss           0x20000130       0x1c c:/program files (x86)/atollic/truestudio for stm32 9.3.0/armtools/bin/../lib/gcc/arm-atollic-eabi/6.3.1/armv7-m/crtbegin.o
 *(.bss*)
 .bss.ucHeap    0x2000014c     0x3800 Third-Party\FreeRTOS\org\Source\portable\MemMang\heap_4.o
 .bss.xStart    0x2000394c        0x8 Third-Party\FreeRTOS\org\Source\portable\MemMang\heap_4.o
 .bss.pxEnd     0x20003954        0x4 Third-Party\FreeRTOS\org\Source\portable\MemMang\heap_4.o
 .bss.xFreeBytesRemaining
                0x20003958        0x4 Third-Party\FreeRTOS\org\Source\portable\MemMang\heap_4.o
 .bss.xMinimumEverFreeBytesRemaining
                0x2000395c        0x4 Third-Party\FreeRTOS\org\Source\portable\MemMang\heap_4.o
 .bss.xNumberOfSuccessfulAllocations
                0x20003960        0x4 Third-Party\FreeRTOS\org\Source\portable\MemMang\heap_4.o
 .bss.xNumberOfSuccessfulFrees
                0x20003964        0x4 Third-Party\FreeRTOS\org\Source\portable\MemMang\heap_4.o
 .bss.xBlockAllocatedBit
                0x20003968        0x4 Third-Party\FreeRTOS\org\Source\portable\MemMang\heap_4.o
 .bss.pxCurrentTCB
                0x2000396c        0x4 Third-Party\FreeRTOS\org\Source\tasks.o
                0x2000396c                pxCurrentTCB
 .bss.pxReadyTasksLists
                0x20003970       0x64 Third-Party\FreeRTOS\org\Source\tasks.o
 .bss.xDelayedTaskList1
                0x200039d4       0x14 Third-Party\FreeRTOS\org\Source\tasks.o
 .bss.xDelayedTaskList2
                0x200039e8       0x14 Third-Party\FreeRTOS\org\Source\tasks.o
 .bss.pxDelayedTaskList
                0x200039fc        0x4 Third-Party\FreeRTOS\org\Source\tasks.o
 .bss.pxOverflowDelayedTaskList
                0x20003a00        0x4 Third-Party\FreeRTOS\org\Source\tasks.o
 .bss.xPendingReadyList
                0x20003a04       0x14 Third-Party\FreeRTOS\org\Source\tasks.o
 .bss.xTasksWaitingTermination
                0x20003a18       0x14 Third-Party\FreeRTOS\org\Source\tasks.o
 .bss.uxDeletedTasksWaitingCleanUp
                0x20003a2c        0x4 Third-Party\FreeRTOS\org\Source\tasks.o
 .bss.xSuspendedTaskList
                0x20003a30       0x14 Third-Party\FreeRTOS\org\Source\tasks.o
 .bss.uxCurrentNumberOfTasks
                0x20003a44        0x4 Third-Party\FreeRTOS\org\Source\tasks.o
 .bss.xTickCount
                0x20003a48        0x4 Third-Party\FreeRTOS\org\Source\tasks.o
 .bss.uxTopReadyPriority
                0x20003a4c        0x4 Third-Party\FreeRTOS\org\Source\tasks.o
 .bss.xSchedulerRunning
                0x20003a50        0x4 Third-Party\FreeRTOS\org\Source\tasks.o
 .bss.xPendedTicks
                0x20003a54        0x4 Third-Party\FreeRTOS\org\Source\tasks.o
 .bss.xYieldPending
                0x20003a58        0x4 Third-Party\FreeRTOS\org\Source\tasks.o
 .bss.xNumOfOverflows
                0x20003a5c        0x4 Third-Party\FreeRTOS\org\Source\tasks.o
 .bss.uxTaskNumber
                0x20003a60        0x4 Third-Party\FreeRTOS\org\Source\tasks.o
 .bss.xNextTaskUnblockTime
                0x20003a64        0x4 Third-Party\FreeRTOS\org\Source\tasks.o
 .bss.xIdleTaskHandle
                0x20003a68        0x4 Third-Party\FreeRTOS\org\Source\tasks.o
 .bss.uxSchedulerSuspended
                0x20003a6c        0x4 Third-Party\FreeRTOS\org\Source\tasks.o
 .bss.xActiveTimerList1
                0x20003a70       0x14 Third-Party\FreeRTOS\org\Source\timers.o
 .bss.xActiveTimerList2
                0x20003a84       0x14 Third-Party\FreeRTOS\org\Source\timers.o
 .bss.pxCurrentTimerList
                0x20003a98        0x4 Third-Party\FreeRTOS\org\Source\timers.o
 .bss.pxOverflowTimerList
                0x20003a9c        0x4 Third-Party\FreeRTOS\org\Source\timers.o
 .bss.xTimerQueue
                0x20003aa0        0x4 Third-Party\FreeRTOS\org\Source\timers.o
 .bss.xTimerTaskHandle
                0x20003aa4        0x4 Third-Party\FreeRTOS\org\Source\timers.o
 .bss.xLastTime.8209
                0x20003aa8        0x4 Third-Party\FreeRTOS\org\Source\timers.o
 .bss._aTasks   0x20003aac       0xa0 Third-Party\SEGGER\OS\SEGGER_SYSVIEW_FreeRTOS.o
 .bss._NumTasks
                0x20003b4c        0x4 Third-Party\SEGGER\OS\SEGGER_SYSVIEW_FreeRTOS.o
 .bss._acUpBuffer
                0x20003b50      0x400 Third-Party\SEGGER\SEGGER\SEGGER_RTT.o
 .bss._acDownBuffer
                0x20003f50       0x10 Third-Party\SEGGER\SEGGER\SEGGER_RTT.o
 .bss._SYSVIEW_Globals
                0x20003f60       0x28 Third-Party\SEGGER\SEGGER\SEGGER_SYSVIEW.o
 .bss._pFirstModule
                0x20003f88        0x4 Third-Party\SEGGER\SEGGER\SEGGER_SYSVIEW.o
 .bss._NumModules
                0x20003f8c        0x1 Third-Party\SEGGER\SEGGER\SEGGER_SYSVIEW.o
 *fill*         0x20003f8d        0x3 
 .bss._aPacket  0x20003f90       0xe3 Third-Party\SEGGER\SEGGER\SEGGER_SYSVIEW.o
 *fill*         0x20004073        0x1 
 .bss.usr_msg   0x20004074       0xc8 src\main.o
                0x20004074                usr_msg
 .bss.xTaskHandle1
                0x2000413c        0x4 src\main.o
                0x2000413c                xTaskHandle1
 .bss.xTaskHandle2
                0x20004140        0x4 src\main.o
                0x20004140                xTaskHandle2
 .bss.xTaskHandle3
                0x20004144        0x4 src\main.o
                0x20004144                xTaskHandle3
 .bss.xTaskHandle4
                0x20004148        0x4 src\main.o
                0x20004148                xTaskHandle4
 .bss.comman_queue_handle
                0x2000414c        0x4 src\main.o
                0x2000414c                comman_queue_handle
 .bss.uart_write_queue_handle
                0x20004150        0x4 src\main.o
                0x20004150                uart_write_queue_handle
 .bss.LED_Timer_Handle
                0x20004154        0x4 src\main.o
                0x20004154                LED_Timer_Handle
 .bss.g_command_length
                0x20004158        0x1 src\main.o
                0x20004158                g_command_length
 *fill*         0x20004159        0x3 
 .bss.heap_end.5887
                0x2000415c        0x4 src\syscalls.o
 .bss.__malloc_free_list
                0x20004160        0x4 c:/program files (x86)/atollic/truestudio for stm32 9.3.0/armtools/bin/../lib/gcc/arm-atollic-eabi/6.3.1/../../../../arm-atollic-eabi/lib/armv7-m\libc_nano.a(lib_a-nano-mallocr.o)
                0x20004160                __malloc_free_list
 .bss.__malloc_sbrk_start
                0x20004164        0x4 c:/program files (x86)/atollic/truestudio for stm32 9.3.0/armtools/bin/../lib/gcc/arm-atollic-eabi/6.3.1/../../../../arm-atollic-eabi/lib/armv7-m\libc_nano.a(lib_a-nano-mallocr.o)
                0x20004164                __malloc_sbrk_start
 *(COMMON)
 COMMON         0x20004168       0xa8 Third-Party\SEGGER\SEGGER\SEGGER_RTT.o
                0x20004168                _SEGGER_RTT
 COMMON         0x20004210       0x14 src\main.o
                0x20004210                g_command_buffer
 COMMON         0x20004224        0x4 c:/program files (x86)/atollic/truestudio for stm32 9.3.0/armtools/bin/../lib/gcc/arm-atollic-eabi/6.3.1/../../../../arm-atollic-eabi/lib/armv7-m\libc_nano.a(lib_a-reent.o)
                0x20004224                errno
                0x20004228                . = ALIGN (0x4)
                0x20004228                _ebss = .
                0x20004228                __bss_end__ = _ebss

._user_heap_stack
                0x20004228      0x100 load address 0x08005aa8
                0x20004228                . = ALIGN (0x4)
                0x20004228                PROVIDE (end, .)
                [!provide]                PROVIDE (_end, .)
                0x20004228                . = (. + _Min_Heap_Size)
                0x20004328                . = (. + _Min_Stack_Size)
 *fill*         0x20004228      0x100 
                0x20004328                . = ALIGN (0x4)

.memory_b1_text
 *(.mb1text)
 *(.mb1text*)
 *(.mb1rodata)
 *(.mb1rodata*)

/DISCARD/
 libc.a(*)
 libm.a(*)
 libgcc.a(*)

.ARM.attributes
                0x00000000       0x29
 *(.ARM.attributes)
 .ARM.attributes
                0x00000000       0x1d c:/program files (x86)/atollic/truestudio for stm32 9.3.0/armtools/bin/../lib/gcc/arm-atollic-eabi/6.3.1/armv7-m/crti.o
 .ARM.attributes
                0x0000001d       0x2d c:/program files (x86)/atollic/truestudio for stm32 9.3.0/armtools/bin/../lib/gcc/arm-atollic-eabi/6.3.1/armv7-m/crtbegin.o
 .ARM.attributes
                0x0000004a       0x33 Libraries\STM32F10x_StdPeriph_Driver\src\misc.o
 .ARM.attributes
                0x0000007d       0x33 Libraries\STM32F10x_StdPeriph_Driver\src\stm32f10x_gpio.o
 .ARM.attributes
                0x000000b0       0x33 Libraries\STM32F10x_StdPeriph_Driver\src\stm32f10x_rcc.o
 .ARM.attributes
                0x000000e3       0x33 Libraries\STM32F10x_StdPeriph_Driver\src\stm32f10x_usart.o
 .ARM.attributes
                0x00000116       0x33 Third-Party\FreeRTOS\org\Source\list.o
 .ARM.attributes
                0x00000149       0x33 Third-Party\FreeRTOS\org\Source\portable\GCC\ARM_CM3\port.o
 .ARM.attributes
                0x0000017c       0x33 Third-Party\FreeRTOS\org\Source\portable\MemMang\heap_4.o
 .ARM.attributes
                0x000001af       0x33 Third-Party\FreeRTOS\org\Source\queue.o
 .ARM.attributes
                0x000001e2       0x33 Third-Party\FreeRTOS\org\Source\tasks.o
 .ARM.attributes
                0x00000215       0x33 Third-Party\FreeRTOS\org\Source\timers.o
 .ARM.attributes
                0x00000248       0x33 Third-Party\SEGGER\OS\SEGGER_SYSVIEW_FreeRTOS.o
 .ARM.attributes
                0x0000027b       0x33 Third-Party\SEGGER\SEGGER\SEGGER_RTT.o
 .ARM.attributes
                0x000002ae       0x33 Third-Party\SEGGER\SEGGER\SEGGER_SYSVIEW.o
 .ARM.attributes
                0x000002e1       0x33 src\main.o
 .ARM.attributes
                0x00000314       0x21 src\startup_stm32f10x_md.o
 .ARM.attributes
                0x00000335       0x33 src\syscalls.o
 .ARM.attributes
                0x00000368       0x33 src\system_stm32f10x.o
 .ARM.attributes
                0x0000039b       0x2d c:/program files (x86)/atollic/truestudio for stm32 9.3.0/armtools/bin/../lib/gcc/arm-atollic-eabi/6.3.1/../../../../arm-atollic-eabi/lib/armv7-m\libc_nano.a(lib_a-init.o)
 .ARM.attributes
                0x000003c8       0x2d c:/program files (x86)/atollic/truestudio for stm32 9.3.0/armtools/bin/../lib/gcc/arm-atollic-eabi/6.3.1/../../../../arm-atollic-eabi/lib/armv7-m\libc_nano.a(lib_a-memcmp.o)
 .ARM.attributes
                0x000003f5       0x2d c:/program files (x86)/atollic/truestudio for stm32 9.3.0/armtools/bin/../lib/gcc/arm-atollic-eabi/6.3.1/../../../../arm-atollic-eabi/lib/armv7-m\libc_nano.a(lib_a-memcpy-stub.o)
 .ARM.attributes
                0x00000422       0x2d c:/program files (x86)/atollic/truestudio for stm32 9.3.0/armtools/bin/../lib/gcc/arm-atollic-eabi/6.3.1/../../../../arm-atollic-eabi/lib/armv7-m\libc_nano.a(lib_a-memset.o)
 .ARM.attributes
                0x0000044f       0x2d c:/program files (x86)/atollic/truestudio for stm32 9.3.0/armtools/bin/../lib/gcc/arm-atollic-eabi/6.3.1/../../../../arm-atollic-eabi/lib/armv7-m\libc_nano.a(lib_a-reent.o)
 .ARM.attributes
                0x0000047c       0x2d c:/program files (x86)/atollic/truestudio for stm32 9.3.0/armtools/bin/../lib/gcc/arm-atollic-eabi/6.3.1/../../../../arm-atollic-eabi/lib/armv7-m\libc_nano.a(lib_a-sprintf.o)
 .ARM.attributes
                0x000004a9       0x17 c:/program files (x86)/atollic/truestudio for stm32 9.3.0/armtools/bin/../lib/gcc/arm-atollic-eabi/6.3.1/../../../../arm-atollic-eabi/lib/armv7-m\libc_nano.a(lib_a-strlen.o)
 .ARM.attributes
                0x000004c0       0x2d c:/program files (x86)/atollic/truestudio for stm32 9.3.0/armtools/bin/../lib/gcc/arm-atollic-eabi/6.3.1/../../../../arm-atollic-eabi/lib/armv7-m\libc_nano.a(lib_a-impure.o)
 .ARM.attributes
                0x000004ed       0x2d c:/program files (x86)/atollic/truestudio for stm32 9.3.0/armtools/bin/../lib/gcc/arm-atollic-eabi/6.3.1/../../../../arm-atollic-eabi/lib/armv7-m\libc_nano.a(lib_a-nano-freer.o)
 .ARM.attributes
                0x0000051a       0x2d c:/program files (x86)/atollic/truestudio for stm32 9.3.0/armtools/bin/../lib/gcc/arm-atollic-eabi/6.3.1/../../../../arm-atollic-eabi/lib/armv7-m\libc_nano.a(lib_a-nano-mallocr.o)
 .ARM.attributes
                0x00000547       0x2d c:/program files (x86)/atollic/truestudio for stm32 9.3.0/armtools/bin/../lib/gcc/arm-atollic-eabi/6.3.1/../../../../arm-atollic-eabi/lib/armv7-m\libc_nano.a(lib_a-nano-svfprintf.o)
 .ARM.attributes
                0x00000574       0x2d c:/program files (x86)/atollic/truestudio for stm32 9.3.0/armtools/bin/../lib/gcc/arm-atollic-eabi/6.3.1/../../../../arm-atollic-eabi/lib/armv7-m\libc_nano.a(lib_a-nano-vfprintf_i.o)
 .ARM.attributes
                0x000005a1       0x2d c:/program files (x86)/atollic/truestudio for stm32 9.3.0/armtools/bin/../lib/gcc/arm-atollic-eabi/6.3.1/../../../../arm-atollic-eabi/lib/armv7-m\libc_nano.a(lib_a-sbrkr.o)
 .ARM.attributes
                0x000005ce       0x2d c:/program files (x86)/atollic/truestudio for stm32 9.3.0/armtools/bin/../lib/gcc/arm-atollic-eabi/6.3.1/../../../../arm-atollic-eabi/lib/armv7-m\libc_nano.a(lib_a-memchr-stub.o)
 .ARM.attributes
                0x000005fb       0x2d c:/program files (x86)/atollic/truestudio for stm32 9.3.0/armtools/bin/../lib/gcc/arm-atollic-eabi/6.3.1/../../../../arm-atollic-eabi/lib/armv7-m\libc_nano.a(lib_a-memmove.o)
 .ARM.attributes
                0x00000628       0x2d c:/program files (x86)/atollic/truestudio for stm32 9.3.0/armtools/bin/../lib/gcc/arm-atollic-eabi/6.3.1/../../../../arm-atollic-eabi/lib/armv7-m\libc_nano.a(lib_a-mlock.o)
 .ARM.attributes
                0x00000655       0x2d c:/program files (x86)/atollic/truestudio for stm32 9.3.0/armtools/bin/../lib/gcc/arm-atollic-eabi/6.3.1/../../../../arm-atollic-eabi/lib/armv7-m\libc_nano.a(lib_a-nano-reallocr.o)
 .ARM.attributes
                0x00000682       0x2d c:/program files (x86)/atollic/truestudio for stm32 9.3.0/armtools/bin/../lib/gcc/arm-atollic-eabi/6.3.1/../../../../arm-atollic-eabi/lib/armv7-m\libc_nano.a(lib_a-nano-msizer.o)
 .ARM.attributes
                0x000006af       0x1d c:/program files (x86)/atollic/truestudio for stm32 9.3.0/armtools/bin/../lib/gcc/arm-atollic-eabi/6.3.1/armv7-m/crtn.o
OUTPUT(STM32_FreeRTOS_Queue_Processing.elf elf32-littlearm)

.debug_info     0x00000000    0x10a02
 .debug_info    0x00000000      0x54d Libraries\STM32F10x_StdPeriph_Driver\src\misc.o
 .debug_info    0x0000054d      0x736 Libraries\STM32F10x_StdPeriph_Driver\src\stm32f10x_gpio.o
 .debug_info    0x00000c83      0x8b2 Libraries\STM32F10x_StdPeriph_Driver\src\stm32f10x_rcc.o
 .debug_info    0x00001535      0x9fb Libraries\STM32F10x_StdPeriph_Driver\src\stm32f10x_usart.o
 .debug_info    0x00001f30      0xaf5 Third-Party\FreeRTOS\org\Source\list.o
 .debug_info    0x00002a25      0x314 Third-Party\FreeRTOS\org\Source\portable\GCC\ARM_CM3\port.o
 .debug_info    0x00002d39      0xc44 Third-Party\FreeRTOS\org\Source\portable\MemMang\heap_4.o
 .debug_info    0x0000397d     0x1736 Third-Party\FreeRTOS\org\Source\queue.o
 .debug_info    0x000050b3     0x1f83 Third-Party\FreeRTOS\org\Source\tasks.o
 .debug_info    0x00007036     0x1237 Third-Party\FreeRTOS\org\Source\timers.o
 .debug_info    0x0000826d      0xbbd Third-Party\SEGGER\OS\SEGGER_SYSVIEW_FreeRTOS.o
 .debug_info    0x00008e2a     0x16ac Third-Party\SEGGER\SEGGER\SEGGER_RTT.o
 .debug_info    0x0000a4d6     0x3adc Third-Party\SEGGER\SEGGER\SEGGER_SYSVIEW.o
 .debug_info    0x0000dfb2     0x1570 src\main.o
 .debug_info    0x0000f522       0xc6 src\startup_stm32f10x_md.o
 .debug_info    0x0000f5e8      0xf73 src\syscalls.o
 .debug_info    0x0001055b      0x4a7 src\system_stm32f10x.o

.debug_abbrev   0x00000000     0x23c7
 .debug_abbrev  0x00000000      0x172 Libraries\STM32F10x_StdPeriph_Driver\src\misc.o
 .debug_abbrev  0x00000172      0x1dd Libraries\STM32F10x_StdPeriph_Driver\src\stm32f10x_gpio.o
 .debug_abbrev  0x0000034f      0x1cf Libraries\STM32F10x_StdPeriph_Driver\src\stm32f10x_rcc.o
 .debug_abbrev  0x0000051e      0x18f Libraries\STM32F10x_StdPeriph_Driver\src\stm32f10x_usart.o
 .debug_abbrev  0x000006ad      0x1cc Third-Party\FreeRTOS\org\Source\list.o
 .debug_abbrev  0x00000879      0x1ea Third-Party\FreeRTOS\org\Source\portable\GCC\ARM_CM3\port.o
 .debug_abbrev  0x00000a63      0x241 Third-Party\FreeRTOS\org\Source\portable\MemMang\heap_4.o
 .debug_abbrev  0x00000ca4      0x2ce Third-Party\FreeRTOS\org\Source\queue.o
 .debug_abbrev  0x00000f72      0x351 Third-Party\FreeRTOS\org\Source\tasks.o
 .debug_abbrev  0x000012c3      0x275 Third-Party\FreeRTOS\org\Source\timers.o
 .debug_abbrev  0x00001538      0x1f1 Third-Party\SEGGER\OS\SEGGER_SYSVIEW_FreeRTOS.o
 .debug_abbrev  0x00001729      0x29d Third-Party\SEGGER\SEGGER\SEGGER_RTT.o
 .debug_abbrev  0x000019c6      0x2fb Third-Party\SEGGER\SEGGER\SEGGER_SYSVIEW.o
 .debug_abbrev  0x00001cc1      0x35f src\main.o
 .debug_abbrev  0x00002020       0x12 src\startup_stm32f10x_md.o
 .debug_abbrev  0x00002032      0x227 src\syscalls.o
 .debug_abbrev  0x00002259      0x16e src\system_stm32f10x.o

.debug_aranges  0x00000000      0xd48
 .debug_aranges
                0x00000000       0x40 Libraries\STM32F10x_StdPeriph_Driver\src\misc.o
 .debug_aranges
                0x00000040       0xb0 Libraries\STM32F10x_StdPeriph_Driver\src\stm32f10x_gpio.o
 .debug_aranges
                0x000000f0      0x118 Libraries\STM32F10x_StdPeriph_Driver\src\stm32f10x_rcc.o
 .debug_aranges
                0x00000208      0x100 Libraries\STM32F10x_StdPeriph_Driver\src\stm32f10x_usart.o
 .debug_aranges
                0x00000308       0x40 Third-Party\FreeRTOS\org\Source\list.o
 .debug_aranges
                0x00000348       0x70 Third-Party\FreeRTOS\org\Source\portable\GCC\ARM_CM3\port.o
 .debug_aranges
                0x000003b8       0x58 Third-Party\FreeRTOS\org\Source\portable\MemMang\heap_4.o
 .debug_aranges
                0x00000410       0xe8 Third-Party\FreeRTOS\org\Source\queue.o
 .debug_aranges
                0x000004f8      0x1e0 Third-Party\FreeRTOS\org\Source\tasks.o
 .debug_aranges
                0x000006d8       0xc8 Third-Party\FreeRTOS\org\Source\timers.o
 .debug_aranges
                0x000007a0       0x48 Third-Party\SEGGER\OS\SEGGER_SYSVIEW_FreeRTOS.o
 .debug_aranges
                0x000007e8      0x110 Third-Party\SEGGER\SEGGER\SEGGER_RTT.o
 .debug_aranges
                0x000008f8      0x268 Third-Party\SEGGER\SEGGER\SEGGER_SYSVIEW.o
 .debug_aranges
                0x00000b60       0xd8 src\main.o
 .debug_aranges
                0x00000c38       0x28 src\startup_stm32f10x_md.o
 .debug_aranges
                0x00000c60       0xb0 src\syscalls.o
 .debug_aranges
                0x00000d10       0x38 src\system_stm32f10x.o

.debug_ranges   0x00000000      0xc40
 .debug_ranges  0x00000000       0x30 Libraries\STM32F10x_StdPeriph_Driver\src\misc.o
 .debug_ranges  0x00000030       0xa0 Libraries\STM32F10x_StdPeriph_Driver\src\stm32f10x_gpio.o
 .debug_ranges  0x000000d0      0x108 Libraries\STM32F10x_StdPeriph_Driver\src\stm32f10x_rcc.o
 .debug_ranges  0x000001d8       0xf0 Libraries\STM32F10x_StdPeriph_Driver\src\stm32f10x_usart.o
 .debug_ranges  0x000002c8       0x30 Third-Party\FreeRTOS\org\Source\list.o
 .debug_ranges  0x000002f8       0x60 Third-Party\FreeRTOS\org\Source\portable\GCC\ARM_CM3\port.o
 .debug_ranges  0x00000358       0x48 Third-Party\FreeRTOS\org\Source\portable\MemMang\heap_4.o
 .debug_ranges  0x000003a0       0xd8 Third-Party\FreeRTOS\org\Source\queue.o
 .debug_ranges  0x00000478      0x1d0 Third-Party\FreeRTOS\org\Source\tasks.o
 .debug_ranges  0x00000648       0xb8 Third-Party\FreeRTOS\org\Source\timers.o
 .debug_ranges  0x00000700       0x38 Third-Party\SEGGER\OS\SEGGER_SYSVIEW_FreeRTOS.o
 .debug_ranges  0x00000738      0x100 Third-Party\SEGGER\SEGGER\SEGGER_RTT.o
 .debug_ranges  0x00000838      0x258 Third-Party\SEGGER\SEGGER\SEGGER_SYSVIEW.o
 .debug_ranges  0x00000a90       0xc8 src\main.o
 .debug_ranges  0x00000b58       0x20 src\startup_stm32f10x_md.o
 .debug_ranges  0x00000b78       0xa0 src\syscalls.o
 .debug_ranges  0x00000c18       0x28 src\system_stm32f10x.o

.debug_line     0x00000000     0x66a7
 .debug_line    0x00000000      0x25c Libraries\STM32F10x_StdPeriph_Driver\src\misc.o
 .debug_line    0x0000025c      0x3fb Libraries\STM32F10x_StdPeriph_Driver\src\stm32f10x_gpio.o
 .debug_line    0x00000657      0x4e4 Libraries\STM32F10x_StdPeriph_Driver\src\stm32f10x_rcc.o
 .debug_line    0x00000b3b      0x4cb Libraries\STM32F10x_StdPeriph_Driver\src\stm32f10x_usart.o
 .debug_line    0x00001006      0x490 Third-Party\FreeRTOS\org\Source\list.o
 .debug_line    0x00001496      0x44e Third-Party\FreeRTOS\org\Source\portable\GCC\ARM_CM3\port.o
 .debug_line    0x000018e4      0x538 Third-Party\FreeRTOS\org\Source\portable\MemMang\heap_4.o
 .debug_line    0x00001e1c      0x8a4 Third-Party\FreeRTOS\org\Source\queue.o
 .debug_line    0x000026c0      0xd33 Third-Party\FreeRTOS\org\Source\tasks.o
 .debug_line    0x000033f3      0x6bb Third-Party\FreeRTOS\org\Source\timers.o
 .debug_line    0x00003aae      0x535 Third-Party\SEGGER\OS\SEGGER_SYSVIEW_FreeRTOS.o
 .debug_line    0x00003fe3      0x563 Third-Party\SEGGER\SEGGER\SEGGER_RTT.o
 .debug_line    0x00004546     0x141f Third-Party\SEGGER\SEGGER\SEGGER_SYSVIEW.o
 .debug_line    0x00005965      0x6bd src\main.o
 .debug_line    0x00006022       0x7c src\startup_stm32f10x_md.o
 .debug_line    0x0000609e      0x3bf src\syscalls.o
 .debug_line    0x0000645d      0x24a src\system_stm32f10x.o

.debug_str      0x00000000     0x48b6
 .debug_str     0x00000000      0x429 Libraries\STM32F10x_StdPeriph_Driver\src\misc.o
                                0x47d (size before relaxing)
 .debug_str     0x00000429      0x3a2 Libraries\STM32F10x_StdPeriph_Driver\src\stm32f10x_gpio.o
                                0x5e7 (size before relaxing)
 .debug_str     0x000007cb      0x44d Libraries\STM32F10x_StdPeriph_Driver\src\stm32f10x_rcc.o
                                0x6d9 (size before relaxing)
 .debug_str     0x00000c18      0x43e Libraries\STM32F10x_StdPeriph_Driver\src\stm32f10x_usart.o
                                0x74f (size before relaxing)
 .debug_str     0x00001056      0x53b Third-Party\FreeRTOS\org\Source\list.o
                                0x798 (size before relaxing)
 .debug_str     0x00001591      0x19f Third-Party\FreeRTOS\org\Source\portable\GCC\ARM_CM3\port.o
                                0x3ca (size before relaxing)
 .debug_str     0x00001730      0x2da Third-Party\FreeRTOS\org\Source\portable\MemMang\heap_4.o
                                0x943 (size before relaxing)
 .debug_str     0x00001a0a      0x564 Third-Party\FreeRTOS\org\Source\queue.o
                                0xcd1 (size before relaxing)
 .debug_str     0x00001f6e      0xb0a Third-Party\FreeRTOS\org\Source\tasks.o
                               0x1392 (size before relaxing)
 .debug_str     0x00002a78      0x449 Third-Party\FreeRTOS\org\Source\timers.o
                                0xc01 (size before relaxing)
 .debug_str     0x00002ec1      0x164 Third-Party\SEGGER\OS\SEGGER_SYSVIEW_FreeRTOS.o
                                0x7eb (size before relaxing)
 .debug_str     0x00003025      0x42a Third-Party\SEGGER\SEGGER\SEGGER_RTT.o
                                0xa32 (size before relaxing)
 .debug_str     0x0000344f      0xc0e Third-Party\SEGGER\SEGGER\SEGGER_SYSVIEW.o
                               0x1387 (size before relaxing)
 .debug_str     0x0000405d      0x5ae src\main.o
                                0xfa1 (size before relaxing)
 .debug_str     0x0000460b      0x230 src\syscalls.o
                                0x8c4 (size before relaxing)
 .debug_str     0x0000483b       0x7b src\system_stm32f10x.o
                                0x37a (size before relaxing)

.comment        0x00000000       0x7c
 .comment       0x00000000       0x7c Libraries\STM32F10x_StdPeriph_Driver\src\misc.o
                                 0x7d (size before relaxing)
 .comment       0x0000007c       0x7d Libraries\STM32F10x_StdPeriph_Driver\src\stm32f10x_gpio.o
 .comment       0x0000007c       0x7d Libraries\STM32F10x_StdPeriph_Driver\src\stm32f10x_rcc.o
 .comment       0x0000007c       0x7d Libraries\STM32F10x_StdPeriph_Driver\src\stm32f10x_usart.o
 .comment       0x0000007c       0x7d Third-Party\FreeRTOS\org\Source\list.o
 .comment       0x0000007c       0x7d Third-Party\FreeRTOS\org\Source\portable\GCC\ARM_CM3\port.o
 .comment       0x0000007c       0x7d Third-Party\FreeRTOS\org\Source\portable\MemMang\heap_4.o
 .comment       0x0000007c       0x7d Third-Party\FreeRTOS\org\Source\queue.o
 .comment       0x0000007c       0x7d Third-Party\FreeRTOS\org\Source\tasks.o
 .comment       0x0000007c       0x7d Third-Party\FreeRTOS\org\Source\timers.o
 .comment       0x0000007c       0x7d Third-Party\SEGGER\OS\SEGGER_SYSVIEW_FreeRTOS.o
 .comment       0x0000007c       0x7d Third-Party\SEGGER\SEGGER\SEGGER_RTT.o
 .comment       0x0000007c       0x7d Third-Party\SEGGER\SEGGER\SEGGER_SYSVIEW.o
 .comment       0x0000007c       0x7d src\main.o
 .comment       0x0000007c       0x7d src\syscalls.o
 .comment       0x0000007c       0x7d src\system_stm32f10x.o

.debug_frame    0x00000000     0x3b88
 .debug_frame   0x00000000       0xd8 Libraries\STM32F10x_StdPeriph_Driver\src\misc.o
 .debug_frame   0x000000d8      0x2f8 Libraries\STM32F10x_StdPeriph_Driver\src\stm32f10x_gpio.o
 .debug_frame   0x000003d0      0x4f4 Libraries\STM32F10x_StdPeriph_Driver\src\stm32f10x_rcc.o
 .debug_frame   0x000008c4      0x490 Libraries\STM32F10x_StdPeriph_Driver\src\stm32f10x_usart.o
 .debug_frame   0x00000d54       0xd8 Third-Party\FreeRTOS\org\Source\list.o
 .debug_frame   0x00000e2c      0x160 Third-Party\FreeRTOS\org\Source\portable\GCC\ARM_CM3\port.o
 .debug_frame   0x00000f8c      0x12c Third-Party\FreeRTOS\org\Source\portable\MemMang\heap_4.o
 .debug_frame   0x000010b8      0x3e0 Third-Party\FreeRTOS\org\Source\queue.o
 .debug_frame   0x00001498      0x844 Third-Party\FreeRTOS\org\Source\tasks.o
 .debug_frame   0x00001cdc      0x330 Third-Party\FreeRTOS\org\Source\timers.o
 .debug_frame   0x0000200c      0x108 Third-Party\SEGGER\OS\SEGGER_SYSVIEW_FreeRTOS.o
 .debug_frame   0x00002114      0x478 Third-Party\SEGGER\SEGGER\SEGGER_RTT.o
 .debug_frame   0x0000258c      0xb60 Third-Party\SEGGER\SEGGER\SEGGER_SYSVIEW.o
 .debug_frame   0x000030ec      0x358 src\main.o
 .debug_frame   0x00003444      0x2e8 src\syscalls.o
 .debug_frame   0x0000372c       0x98 src\system_stm32f10x.o
 .debug_frame   0x000037c4       0x2c c:/program files (x86)/atollic/truestudio for stm32 9.3.0/armtools/bin/../lib/gcc/arm-atollic-eabi/6.3.1/../../../../arm-atollic-eabi/lib/armv7-m\libc_nano.a(lib_a-init.o)
 .debug_frame   0x000037f0       0x28 c:/program files (x86)/atollic/truestudio for stm32 9.3.0/armtools/bin/../lib/gcc/arm-atollic-eabi/6.3.1/../../../../arm-atollic-eabi/lib/armv7-m\libc_nano.a(lib_a-memcmp.o)
 .debug_frame   0x00003818       0x28 c:/program files (x86)/atollic/truestudio for stm32 9.3.0/armtools/bin/../lib/gcc/arm-atollic-eabi/6.3.1/../../../../arm-atollic-eabi/lib/armv7-m\libc_nano.a(lib_a-memcpy-stub.o)
 .debug_frame   0x00003840       0x20 c:/program files (x86)/atollic/truestudio for stm32 9.3.0/armtools/bin/../lib/gcc/arm-atollic-eabi/6.3.1/../../../../arm-atollic-eabi/lib/armv7-m\libc_nano.a(lib_a-memset.o)
 .debug_frame   0x00003860       0x5c c:/program files (x86)/atollic/truestudio for stm32 9.3.0/armtools/bin/../lib/gcc/arm-atollic-eabi/6.3.1/../../../../arm-atollic-eabi/lib/armv7-m\libc_nano.a(lib_a-reent.o)
 .debug_frame   0x000038bc       0x70 c:/program files (x86)/atollic/truestudio for stm32 9.3.0/armtools/bin/../lib/gcc/arm-atollic-eabi/6.3.1/../../../../arm-atollic-eabi/lib/armv7-m\libc_nano.a(lib_a-sprintf.o)
 .debug_frame   0x0000392c       0x38 c:/program files (x86)/atollic/truestudio for stm32 9.3.0/armtools/bin/../lib/gcc/arm-atollic-eabi/6.3.1/../../../../arm-atollic-eabi/lib/armv7-m\libc_nano.a(lib_a-nano-freer.o)
 .debug_frame   0x00003964       0x2c c:/program files (x86)/atollic/truestudio for stm32 9.3.0/armtools/bin/../lib/gcc/arm-atollic-eabi/6.3.1/../../../../arm-atollic-eabi/lib/armv7-m\libc_nano.a(lib_a-nano-mallocr.o)
 .debug_frame   0x00003990       0x90 c:/program files (x86)/atollic/truestudio for stm32 9.3.0/armtools/bin/../lib/gcc/arm-atollic-eabi/6.3.1/../../../../arm-atollic-eabi/lib/armv7-m\libc_nano.a(lib_a-nano-svfprintf.o)
 .debug_frame   0x00003a20       0x60 c:/program files (x86)/atollic/truestudio for stm32 9.3.0/armtools/bin/../lib/gcc/arm-atollic-eabi/6.3.1/../../../../arm-atollic-eabi/lib/armv7-m\libc_nano.a(lib_a-nano-vfprintf_i.o)
 .debug_frame   0x00003a80       0x2c c:/program files (x86)/atollic/truestudio for stm32 9.3.0/armtools/bin/../lib/gcc/arm-atollic-eabi/6.3.1/../../../../arm-atollic-eabi/lib/armv7-m\libc_nano.a(lib_a-sbrkr.o)
 .debug_frame   0x00003aac       0x28 c:/program files (x86)/atollic/truestudio for stm32 9.3.0/armtools/bin/../lib/gcc/arm-atollic-eabi/6.3.1/../../../../arm-atollic-eabi/lib/armv7-m\libc_nano.a(lib_a-memchr-stub.o)
 .debug_frame   0x00003ad4       0x28 c:/program files (x86)/atollic/truestudio for stm32 9.3.0/armtools/bin/../lib/gcc/arm-atollic-eabi/6.3.1/../../../../arm-atollic-eabi/lib/armv7-m\libc_nano.a(lib_a-memmove.o)
 .debug_frame   0x00003afc       0x30 c:/program files (x86)/atollic/truestudio for stm32 9.3.0/armtools/bin/../lib/gcc/arm-atollic-eabi/6.3.1/../../../../arm-atollic-eabi/lib/armv7-m\libc_nano.a(lib_a-mlock.o)
 .debug_frame   0x00003b2c       0x3c c:/program files (x86)/atollic/truestudio for stm32 9.3.0/armtools/bin/../lib/gcc/arm-atollic-eabi/6.3.1/../../../../arm-atollic-eabi/lib/armv7-m\libc_nano.a(lib_a-nano-reallocr.o)
 .debug_frame   0x00003b68       0x20 c:/program files (x86)/atollic/truestudio for stm32 9.3.0/armtools/bin/../lib/gcc/arm-atollic-eabi/6.3.1/../../../../arm-atollic-eabi/lib/armv7-m\libc_nano.a(lib_a-nano-msizer.o)

Cross Reference Table

Symbol                                            File
ADC1_2_IRQHandler                                 src\startup_stm32f10x_md.o
ADC_AnalogWatchdogCmd                             Libraries\STM32F10x_StdPeriph_Driver\src\stm32f10x_adc.o
ADC_AnalogWatchdogSingleChannelConfig             Libraries\STM32F10x_StdPeriph_Driver\src\stm32f10x_adc.o
ADC_AnalogWatchdogThresholdsConfig                Libraries\STM32F10x_StdPeriph_Driver\src\stm32f10x_adc.o
ADC_AutoInjectedConvCmd                           Libraries\STM32F10x_StdPeriph_Driver\src\stm32f10x_adc.o
ADC_ClearFlag                                     Libraries\STM32F10x_StdPeriph_Driver\src\stm32f10x_adc.o
ADC_ClearITPendingBit                             Libraries\STM32F10x_StdPeriph_Driver\src\stm32f10x_adc.o
ADC_Cmd                                           Libraries\STM32F10x_StdPeriph_Driver\src\stm32f10x_adc.o
ADC_DMACmd                                        Libraries\STM32F10x_StdPeriph_Driver\src\stm32f10x_adc.o
ADC_DeInit                                        Libraries\STM32F10x_StdPeriph_Driver\src\stm32f10x_adc.o
ADC_DiscModeChannelCountConfig                    Libraries\STM32F10x_StdPeriph_Driver\src\stm32f10x_adc.o
ADC_DiscModeCmd                                   Libraries\STM32F10x_StdPeriph_Driver\src\stm32f10x_adc.o
ADC_ExternalTrigConvCmd                           Libraries\STM32F10x_StdPeriph_Driver\src\stm32f10x_adc.o
ADC_ExternalTrigInjectedConvCmd                   Libraries\STM32F10x_StdPeriph_Driver\src\stm32f10x_adc.o
ADC_ExternalTrigInjectedConvConfig                Libraries\STM32F10x_StdPeriph_Driver\src\stm32f10x_adc.o
ADC_GetCalibrationStatus                          Libraries\STM32F10x_StdPeriph_Driver\src\stm32f10x_adc.o
ADC_GetConversionValue                            Libraries\STM32F10x_StdPeriph_Driver\src\stm32f10x_adc.o
ADC_GetDualModeConversionValue                    Libraries\STM32F10x_StdPeriph_Driver\src\stm32f10x_adc.o
ADC_GetFlagStatus                                 Libraries\STM32F10x_StdPeriph_Driver\src\stm32f10x_adc.o
ADC_GetITStatus                                   Libraries\STM32F10x_StdPeriph_Driver\src\stm32f10x_adc.o
ADC_GetInjectedConversionValue                    Libraries\STM32F10x_StdPeriph_Driver\src\stm32f10x_adc.o
ADC_GetResetCalibrationStatus                     Libraries\STM32F10x_StdPeriph_Driver\src\stm32f10x_adc.o
ADC_GetSoftwareStartConvStatus                    Libraries\STM32F10x_StdPeriph_Driver\src\stm32f10x_adc.o
ADC_GetSoftwareStartInjectedConvCmdStatus         Libraries\STM32F10x_StdPeriph_Driver\src\stm32f10x_adc.o
ADC_ITConfig                                      Libraries\STM32F10x_StdPeriph_Driver\src\stm32f10x_adc.o
ADC_Init                                          Libraries\STM32F10x_StdPeriph_Driver\src\stm32f10x_adc.o
ADC_InjectedChannelConfig                         Libraries\STM32F10x_StdPeriph_Driver\src\stm32f10x_adc.o
ADC_InjectedDiscModeCmd                           Libraries\STM32F10x_StdPeriph_Driver\src\stm32f10x_adc.o
ADC_InjectedSequencerLengthConfig                 Libraries\STM32F10x_StdPeriph_Driver\src\stm32f10x_adc.o
ADC_RegularChannelConfig                          Libraries\STM32F10x_StdPeriph_Driver\src\stm32f10x_adc.o
ADC_ResetCalibration                              Libraries\STM32F10x_StdPeriph_Driver\src\stm32f10x_adc.o
ADC_SetInjectedOffset                             Libraries\STM32F10x_StdPeriph_Driver\src\stm32f10x_adc.o
ADC_SoftwareStartConvCmd                          Libraries\STM32F10x_StdPeriph_Driver\src\stm32f10x_adc.o
ADC_SoftwareStartInjectedConvCmd                  Libraries\STM32F10x_StdPeriph_Driver\src\stm32f10x_adc.o
ADC_StartCalibration                              Libraries\STM32F10x_StdPeriph_Driver\src\stm32f10x_adc.o
ADC_StructInit                                    Libraries\STM32F10x_StdPeriph_Driver\src\stm32f10x_adc.o
ADC_TempSensorVrefintCmd                          Libraries\STM32F10x_StdPeriph_Driver\src\stm32f10x_adc.o
AHBPrescTable                                     src\system_stm32f10x.o
BKP_ClearFlag                                     Libraries\STM32F10x_StdPeriph_Driver\src\stm32f10x_bkp.o
BKP_ClearITPendingBit                             Libraries\STM32F10x_StdPeriph_Driver\src\stm32f10x_bkp.o
BKP_DeInit                                        Libraries\STM32F10x_StdPeriph_Driver\src\stm32f10x_bkp.o
BKP_GetFlagStatus                                 Libraries\STM32F10x_StdPeriph_Driver\src\stm32f10x_bkp.o
BKP_GetITStatus                                   Libraries\STM32F10x_StdPeriph_Driver\src\stm32f10x_bkp.o
BKP_ITConfig                                      Libraries\STM32F10x_StdPeriph_Driver\src\stm32f10x_bkp.o
BKP_RTCOutputConfig                               Libraries\STM32F10x_StdPeriph_Driver\src\stm32f10x_bkp.o
BKP_ReadBackupRegister                            Libraries\STM32F10x_StdPeriph_Driver\src\stm32f10x_bkp.o
BKP_SetRTCCalibrationValue                        Libraries\STM32F10x_StdPeriph_Driver\src\stm32f10x_bkp.o
BKP_TamperPinCmd                                  Libraries\STM32F10x_StdPeriph_Driver\src\stm32f10x_bkp.o
BKP_TamperPinLevelConfig                          Libraries\STM32F10x_StdPeriph_Driver\src\stm32f10x_bkp.o
BKP_WriteBackupRegister                           Libraries\STM32F10x_StdPeriph_Driver\src\stm32f10x_bkp.o
BusFault_Handler                                  src\startup_stm32f10x_md.o
CAN1_RX1_IRQHandler                               src\startup_stm32f10x_md.o
CAN1_SCE_IRQHandler                               src\startup_stm32f10x_md.o
CAN_CancelTransmit                                Libraries\STM32F10x_StdPeriph_Driver\src\stm32f10x_can.o
CAN_ClearFlag                                     Libraries\STM32F10x_StdPeriph_Driver\src\stm32f10x_can.o
CAN_ClearITPendingBit                             Libraries\STM32F10x_StdPeriph_Driver\src\stm32f10x_can.o
CAN_DBGFreeze                                     Libraries\STM32F10x_StdPeriph_Driver\src\stm32f10x_can.o
CAN_DeInit                                        Libraries\STM32F10x_StdPeriph_Driver\src\stm32f10x_can.o
CAN_FIFORelease                                   Libraries\STM32F10x_StdPeriph_Driver\src\stm32f10x_can.o
CAN_FilterInit                                    Libraries\STM32F10x_StdPeriph_Driver\src\stm32f10x_can.o
CAN_GetFlagStatus                                 Libraries\STM32F10x_StdPeriph_Driver\src\stm32f10x_can.o
CAN_GetITStatus                                   Libraries\STM32F10x_StdPeriph_Driver\src\stm32f10x_can.o
CAN_GetLSBTransmitErrorCounter                    Libraries\STM32F10x_StdPeriph_Driver\src\stm32f10x_can.o
CAN_GetLastErrorCode                              Libraries\STM32F10x_StdPeriph_Driver\src\stm32f10x_can.o
CAN_GetReceiveErrorCounter                        Libraries\STM32F10x_StdPeriph_Driver\src\stm32f10x_can.o
CAN_ITConfig                                      Libraries\STM32F10x_StdPeriph_Driver\src\stm32f10x_can.o
CAN_Init                                          Libraries\STM32F10x_StdPeriph_Driver\src\stm32f10x_can.o
CAN_MessagePending                                Libraries\STM32F10x_StdPeriph_Driver\src\stm32f10x_can.o
CAN_OperatingModeRequest                          Libraries\STM32F10x_StdPeriph_Driver\src\stm32f10x_can.o
CAN_Receive                                       Libraries\STM32F10x_StdPeriph_Driver\src\stm32f10x_can.o
CAN_SlaveStartBank                                Libraries\STM32F10x_StdPeriph_Driver\src\stm32f10x_can.o
CAN_Sleep                                         Libraries\STM32F10x_StdPeriph_Driver\src\stm32f10x_can.o
CAN_StructInit                                    Libraries\STM32F10x_StdPeriph_Driver\src\stm32f10x_can.o
CAN_TTComModeCmd                                  Libraries\STM32F10x_StdPeriph_Driver\src\stm32f10x_can.o
CAN_Transmit                                      Libraries\STM32F10x_StdPeriph_Driver\src\stm32f10x_can.o
CAN_TransmitStatus                                Libraries\STM32F10x_StdPeriph_Driver\src\stm32f10x_can.o
CAN_WakeUp                                        Libraries\STM32F10x_StdPeriph_Driver\src\stm32f10x_can.o
CEC_ClearFlag                                     Libraries\STM32F10x_StdPeriph_Driver\src\stm32f10x_cec.o
CEC_ClearITPendingBit                             Libraries\STM32F10x_StdPeriph_Driver\src\stm32f10x_cec.o
CEC_Cmd                                           Libraries\STM32F10x_StdPeriph_Driver\src\stm32f10x_cec.o
CEC_DeInit                                        Libraries\STM32F10x_StdPeriph_Driver\src\stm32f10x_cec.o
CEC_EndOfMessageCmd                               Libraries\STM32F10x_StdPeriph_Driver\src\stm32f10x_cec.o
CEC_GetFlagStatus                                 Libraries\STM32F10x_StdPeriph_Driver\src\stm32f10x_cec.o
CEC_GetITStatus                                   Libraries\STM32F10x_StdPeriph_Driver\src\stm32f10x_cec.o
CEC_ITConfig                                      Libraries\STM32F10x_StdPeriph_Driver\src\stm32f10x_cec.o
CEC_Init                                          Libraries\STM32F10x_StdPeriph_Driver\src\stm32f10x_cec.o
CEC_OwnAddressConfig                              Libraries\STM32F10x_StdPeriph_Driver\src\stm32f10x_cec.o
CEC_ReceiveDataByte                               Libraries\STM32F10x_StdPeriph_Driver\src\stm32f10x_cec.o
CEC_SendDataByte                                  Libraries\STM32F10x_StdPeriph_Driver\src\stm32f10x_cec.o
CEC_SetPrescaler                                  Libraries\STM32F10x_StdPeriph_Driver\src\stm32f10x_cec.o
CEC_StartOfMessage                                Libraries\STM32F10x_StdPeriph_Driver\src\stm32f10x_cec.o
CRC_CalcBlockCRC                                  Libraries\STM32F10x_StdPeriph_Driver\src\stm32f10x_crc.o
CRC_CalcCRC                                       Libraries\STM32F10x_StdPeriph_Driver\src\stm32f10x_crc.o
CRC_GetCRC                                        Libraries\STM32F10x_StdPeriph_Driver\src\stm32f10x_crc.o
CRC_GetIDRegister                                 Libraries\STM32F10x_StdPeriph_Driver\src\stm32f10x_crc.o
CRC_ResetDR                                       Libraries\STM32F10x_StdPeriph_Driver\src\stm32f10x_crc.o
CRC_SetIDRegister                                 Libraries\STM32F10x_StdPeriph_Driver\src\stm32f10x_crc.o
DAC_Cmd                                           Libraries\STM32F10x_StdPeriph_Driver\src\stm32f10x_dac.o
DAC_DMACmd                                        Libraries\STM32F10x_StdPeriph_Driver\src\stm32f10x_dac.o
DAC_DeInit                                        Libraries\STM32F10x_StdPeriph_Driver\src\stm32f10x_dac.o
DAC_DualSoftwareTriggerCmd                        Libraries\STM32F10x_StdPeriph_Driver\src\stm32f10x_dac.o
DAC_GetDataOutputValue                            Libraries\STM32F10x_StdPeriph_Driver\src\stm32f10x_dac.o
DAC_Init                                          Libraries\STM32F10x_StdPeriph_Driver\src\stm32f10x_dac.o
DAC_SetChannel1Data                               Libraries\STM32F10x_StdPeriph_Driver\src\stm32f10x_dac.o
DAC_SetChannel2Data                               Libraries\STM32F10x_StdPeriph_Driver\src\stm32f10x_dac.o
DAC_SetDualChannelData                            Libraries\STM32F10x_StdPeriph_Driver\src\stm32f10x_dac.o
DAC_SoftwareTriggerCmd                            Libraries\STM32F10x_StdPeriph_Driver\src\stm32f10x_dac.o
DAC_StructInit                                    Libraries\STM32F10x_StdPeriph_Driver\src\stm32f10x_dac.o
DAC_WaveGenerationCmd                             Libraries\STM32F10x_StdPeriph_Driver\src\stm32f10x_dac.o
DBGMCU_Config                                     Libraries\STM32F10x_StdPeriph_Driver\src\stm32f10x_dbgmcu.o
DBGMCU_GetDEVID                                   Libraries\STM32F10x_StdPeriph_Driver\src\stm32f10x_dbgmcu.o
DBGMCU_GetREVID                                   Libraries\STM32F10x_StdPeriph_Driver\src\stm32f10x_dbgmcu.o
DMA1_Channel1_IRQHandler                          src\startup_stm32f10x_md.o
DMA1_Channel2_IRQHandler                          src\startup_stm32f10x_md.o
DMA1_Channel3_IRQHandler                          src\startup_stm32f10x_md.o
DMA1_Channel4_IRQHandler                          src\startup_stm32f10x_md.o
DMA1_Channel5_IRQHandler                          src\startup_stm32f10x_md.o
DMA1_Channel6_IRQHandler                          src\startup_stm32f10x_md.o
DMA1_Channel7_IRQHandler                          src\startup_stm32f10x_md.o
DMA_ClearFlag                                     Libraries\STM32F10x_StdPeriph_Driver\src\stm32f10x_dma.o
DMA_ClearITPendingBit                             Libraries\STM32F10x_StdPeriph_Driver\src\stm32f10x_dma.o
DMA_Cmd                                           Libraries\STM32F10x_StdPeriph_Driver\src\stm32f10x_dma.o
DMA_DeInit                                        Libraries\STM32F10x_StdPeriph_Driver\src\stm32f10x_dma.o
DMA_GetCurrDataCounter                            Libraries\STM32F10x_StdPeriph_Driver\src\stm32f10x_dma.o
DMA_GetFlagStatus                                 Libraries\STM32F10x_StdPeriph_Driver\src\stm32f10x_dma.o
DMA_GetITStatus                                   Libraries\STM32F10x_StdPeriph_Driver\src\stm32f10x_dma.o
DMA_ITConfig                                      Libraries\STM32F10x_StdPeriph_Driver\src\stm32f10x_dma.o
DMA_Init                                          Libraries\STM32F10x_StdPeriph_Driver\src\stm32f10x_dma.o
DMA_SetCurrDataCounter                            Libraries\STM32F10x_StdPeriph_Driver\src\stm32f10x_dma.o
DMA_StructInit                                    Libraries\STM32F10x_StdPeriph_Driver\src\stm32f10x_dma.o
DebugMon_Handler                                  src\startup_stm32f10x_md.o
Default_Handler                                   src\startup_stm32f10x_md.o
EXTI0_IRQHandler                                  src\startup_stm32f10x_md.o
EXTI15_10_IRQHandler                              src\startup_stm32f10x_md.o
EXTI1_IRQHandler                                  src\startup_stm32f10x_md.o
EXTI2_IRQHandler                                  src\startup_stm32f10x_md.o
EXTI3_IRQHandler                                  src\startup_stm32f10x_md.o
EXTI4_IRQHandler                                  src\startup_stm32f10x_md.o
EXTI9_5_IRQHandler                                src\startup_stm32f10x_md.o
EXTI_ClearFlag                                    Libraries\STM32F10x_StdPeriph_Driver\src\stm32f10x_exti.o
EXTI_ClearITPendingBit                            Libraries\STM32F10x_StdPeriph_Driver\src\stm32f10x_exti.o
EXTI_DeInit                                       Libraries\STM32F10x_StdPeriph_Driver\src\stm32f10x_exti.o
EXTI_GenerateSWInterrupt                          Libraries\STM32F10x_StdPeriph_Driver\src\stm32f10x_exti.o
EXTI_GetFlagStatus                                Libraries\STM32F10x_StdPeriph_Driver\src\stm32f10x_exti.o
EXTI_GetITStatus                                  Libraries\STM32F10x_StdPeriph_Driver\src\stm32f10x_exti.o
EXTI_Init                                         Libraries\STM32F10x_StdPeriph_Driver\src\stm32f10x_exti.o
EXTI_StructInit                                   Libraries\STM32F10x_StdPeriph_Driver\src\stm32f10x_exti.o
Exit_App                                          src\main.o
FLASH_ClearFlag                                   Libraries\STM32F10x_StdPeriph_Driver\src\stm32f10x_flash.o
FLASH_EnableWriteProtection                       Libraries\STM32F10x_StdPeriph_Driver\src\stm32f10x_flash.o
FLASH_EraseAllBank1Pages                          Libraries\STM32F10x_StdPeriph_Driver\src\stm32f10x_flash.o
FLASH_EraseAllPages                               Libraries\STM32F10x_StdPeriph_Driver\src\stm32f10x_flash.o
FLASH_EraseOptionBytes                            Libraries\STM32F10x_StdPeriph_Driver\src\stm32f10x_flash.o
FLASH_ErasePage                                   Libraries\STM32F10x_StdPeriph_Driver\src\stm32f10x_flash.o
FLASH_GetBank1Status                              Libraries\STM32F10x_StdPeriph_Driver\src\stm32f10x_flash.o
FLASH_GetFlagStatus                               Libraries\STM32F10x_StdPeriph_Driver\src\stm32f10x_flash.o
FLASH_GetPrefetchBufferStatus                     Libraries\STM32F10x_StdPeriph_Driver\src\stm32f10x_flash.o
FLASH_GetReadOutProtectionStatus                  Libraries\STM32F10x_StdPeriph_Driver\src\stm32f10x_flash.o
FLASH_GetStatus                                   Libraries\STM32F10x_StdPeriph_Driver\src\stm32f10x_flash.o
FLASH_GetUserOptionByte                           Libraries\STM32F10x_StdPeriph_Driver\src\stm32f10x_flash.o
FLASH_GetWriteProtectionOptionByte                Libraries\STM32F10x_StdPeriph_Driver\src\stm32f10x_flash.o
FLASH_HalfCycleAccessCmd                          Libraries\STM32F10x_StdPeriph_Driver\src\stm32f10x_flash.o
FLASH_IRQHandler                                  src\startup_stm32f10x_md.o
FLASH_ITConfig                                    Libraries\STM32F10x_StdPeriph_Driver\src\stm32f10x_flash.o
FLASH_Lock                                        Libraries\STM32F10x_StdPeriph_Driver\src\stm32f10x_flash.o
FLASH_LockBank1                                   Libraries\STM32F10x_StdPeriph_Driver\src\stm32f10x_flash.o
FLASH_PrefetchBufferCmd                           Libraries\STM32F10x_StdPeriph_Driver\src\stm32f10x_flash.o
FLASH_ProgramHalfWord                             Libraries\STM32F10x_StdPeriph_Driver\src\stm32f10x_flash.o
FLASH_ProgramOptionByteData                       Libraries\STM32F10x_StdPeriph_Driver\src\stm32f10x_flash.o
FLASH_ProgramWord                                 Libraries\STM32F10x_StdPeriph_Driver\src\stm32f10x_flash.o
FLASH_ReadOutProtection                           Libraries\STM32F10x_StdPeriph_Driver\src\stm32f10x_flash.o
FLASH_SetLatency                                  Libraries\STM32F10x_StdPeriph_Driver\src\stm32f10x_flash.o
FLASH_Unlock                                      Libraries\STM32F10x_StdPeriph_Driver\src\stm32f10x_flash.o
FLASH_UnlockBank1                                 Libraries\STM32F10x_StdPeriph_Driver\src\stm32f10x_flash.o
FLASH_UserOptionByteConfig                        Libraries\STM32F10x_StdPeriph_Driver\src\stm32f10x_flash.o
FLASH_WaitForLastBank1Operation                   Libraries\STM32F10x_StdPeriph_Driver\src\stm32f10x_flash.o
FLASH_WaitForLastOperation                        Libraries\STM32F10x_StdPeriph_Driver\src\stm32f10x_flash.o
FSMC_ClearFlag                                    Libraries\STM32F10x_StdPeriph_Driver\src\stm32f10x_fsmc.o
FSMC_ClearITPendingBit                            Libraries\STM32F10x_StdPeriph_Driver\src\stm32f10x_fsmc.o
FSMC_GetECC                                       Libraries\STM32F10x_StdPeriph_Driver\src\stm32f10x_fsmc.o
FSMC_GetFlagStatus                                Libraries\STM32F10x_StdPeriph_Driver\src\stm32f10x_fsmc.o
FSMC_GetITStatus                                  Libraries\STM32F10x_StdPeriph_Driver\src\stm32f10x_fsmc.o
FSMC_ITConfig                                     Libraries\STM32F10x_StdPeriph_Driver\src\stm32f10x_fsmc.o
FSMC_NANDCmd                                      Libraries\STM32F10x_StdPeriph_Driver\src\stm32f10x_fsmc.o
FSMC_NANDDeInit                                   Libraries\STM32F10x_StdPeriph_Driver\src\stm32f10x_fsmc.o
FSMC_NANDECCCmd                                   Libraries\STM32F10x_StdPeriph_Driver\src\stm32f10x_fsmc.o
FSMC_NANDInit                                     Libraries\STM32F10x_StdPeriph_Driver\src\stm32f10x_fsmc.o
FSMC_NANDStructInit                               Libraries\STM32F10x_StdPeriph_Driver\src\stm32f10x_fsmc.o
FSMC_NORSRAMCmd                                   Libraries\STM32F10x_StdPeriph_Driver\src\stm32f10x_fsmc.o
FSMC_NORSRAMDeInit                                Libraries\STM32F10x_StdPeriph_Driver\src\stm32f10x_fsmc.o
FSMC_NORSRAMInit                                  Libraries\STM32F10x_StdPeriph_Driver\src\stm32f10x_fsmc.o
FSMC_NORSRAMStructInit                            Libraries\STM32F10x_StdPeriph_Driver\src\stm32f10x_fsmc.o
FSMC_PCCARDCmd                                    Libraries\STM32F10x_StdPeriph_Driver\src\stm32f10x_fsmc.o
FSMC_PCCARDDeInit                                 Libraries\STM32F10x_StdPeriph_Driver\src\stm32f10x_fsmc.o
FSMC_PCCARDInit                                   Libraries\STM32F10x_StdPeriph_Driver\src\stm32f10x_fsmc.o
FSMC_PCCARDStructInit                             Libraries\STM32F10x_StdPeriph_Driver\src\stm32f10x_fsmc.o
GPIO_AFIODeInit                                   Libraries\STM32F10x_StdPeriph_Driver\src\stm32f10x_gpio.o
GPIO_DeInit                                       Libraries\STM32F10x_StdPeriph_Driver\src\stm32f10x_gpio.o
GPIO_ETH_MediaInterfaceConfig                     Libraries\STM32F10x_StdPeriph_Driver\src\stm32f10x_gpio.o
GPIO_EXTILineConfig                               Libraries\STM32F10x_StdPeriph_Driver\src\stm32f10x_gpio.o
GPIO_EventOutputCmd                               Libraries\STM32F10x_StdPeriph_Driver\src\stm32f10x_gpio.o
GPIO_EventOutputConfig                            Libraries\STM32F10x_StdPeriph_Driver\src\stm32f10x_gpio.o
GPIO_Init                                         Libraries\STM32F10x_StdPeriph_Driver\src\stm32f10x_gpio.o
                                                  src\main.o
GPIO_PinLockConfig                                Libraries\STM32F10x_StdPeriph_Driver\src\stm32f10x_gpio.o
GPIO_PinRemapConfig                               Libraries\STM32F10x_StdPeriph_Driver\src\stm32f10x_gpio.o
GPIO_ReadInputData                                Libraries\STM32F10x_StdPeriph_Driver\src\stm32f10x_gpio.o
GPIO_ReadInputDataBit                             Libraries\STM32F10x_StdPeriph_Driver\src\stm32f10x_gpio.o
GPIO_ReadOutputData                               Libraries\STM32F10x_StdPeriph_Driver\src\stm32f10x_gpio.o
GPIO_ReadOutputDataBit                            Libraries\STM32F10x_StdPeriph_Driver\src\stm32f10x_gpio.o
                                                  src\main.o
GPIO_ResetBits                                    Libraries\STM32F10x_StdPeriph_Driver\src\stm32f10x_gpio.o
GPIO_SetBits                                      Libraries\STM32F10x_StdPeriph_Driver\src\stm32f10x_gpio.o
GPIO_StructInit                                   Libraries\STM32F10x_StdPeriph_Driver\src\stm32f10x_gpio.o