12:41:59 **** Incremental Build of configuration Debug for project STM32_FreeRTOS_Queue_Processing ****
Info: Internal Builder is used for build
arm-atollic-eabi-gcc -c ..\src\main.c -mthumb -mcpu=cortex-m3 -std=gnu11 -DSTM32F10X_MD -DUSE_STDPERIPH_DRIVER -ID:\courses\Embedded Systems\Udemy Courses STM32\Mastering RTOS 2020\RTOS TrueStdio WorkSpace\STM32_FreeRTOS_Queue_Processing\Third-Party\FreeRTOS\org\Source\include -ID:\courses\Embedded Systems\Udemy Courses STM32\Mastering RTOS 2020\RTOS TrueStdio WorkSpace\STM32_FreeRTOS_Queue_Processing\Third-Party\FreeRTOS\org\Source\portable\GCC\ARM_CM3 -ID:\courses\Embedded Systems\Udemy Courses STM32\Mastering RTOS 2020\RTOS TrueStdio WorkSpace\STM32_FreeRTOS_Queue_Processing\Third-Party\SEGGER\Config -ID:\courses\Embedded Systems\Udemy Courses STM32\Mastering RTOS 2020\RTOS TrueStdio WorkSpace\STM32_FreeRTOS_Queue_Processing\Third-Party\SEGGER\OS -ID:\courses\Embedded Systems\Udemy Courses STM32\Mastering RTOS 2020\RTOS TrueStdio WorkSpace\STM32_FreeRTOS_Queue_Processing\Third-Party\SEGGER\SEGGER -I../src -ID:\courses\Embedded Systems\Udemy Courses STM32\Mastering RTOS 2020\RTOS TrueStdio WorkSpace\STM32_FreeRTOS_Queue_Processing\Config -I../Libraries/STM32F10x_StdPeriph_Driver/inc -I../Libraries/CMSIS/Device/ST/STM32F10x/Include -I../Libraries/CMSIS/Include -O0 -ffunction-sections -fdata-sections -g -fstack-usage -Wall -specs=nano.specs -o src\main.o 
..\src\main.c: In function 'vTask2_cmd_handling':
..\src\main.c:176:3: error: 'taskEXIT_CRITICAL' undeclared (first use in this function)
   taskEXIT_CRITICAL; // Enable Interrupts
   ^~~~~~~~~~~~~~~~~
..\src\main.c:176:3: note: each undeclared identifier is reported only once for each function it appears in
12:42:02 **** Incremental Build of configuration Debug for project STM32_FreeRTOS_Queue_Processing ****
Info: Internal Builder is used for build
arm-atollic-eabi-gcc -c ..\src\main.c -mthumb -mcpu=cortex-m3 -std=gnu11 -DSTM32F10X_MD -DUSE_STDPERIPH_DRIVER -ID:\courses\Embedded Systems\Udemy Courses STM32\Mastering RTOS 2020\RTOS TrueStdio WorkSpace\STM32_FreeRTOS_Queue_Processing\Third-Party\FreeRTOS\org\Source\include -ID:\courses\Embedded Systems\Udemy Courses STM32\Mastering RTOS 2020\RTOS TrueStdio WorkSpace\STM32_FreeRTOS_Queue_Processing\Third-Party\FreeRTOS\org\Source\portable\GCC\ARM_CM3 -ID:\courses\Embedded Systems\Udemy Courses STM32\Mastering RTOS 2020\RTOS TrueStdio WorkSpace\STM32_FreeRTOS_Queue_Processing\Third-Party\SEGGER\Config -ID:\courses\Embedded Systems\Udemy Courses STM32\Mastering RTOS 2020\RTOS TrueStdio WorkSpace\STM32_FreeRTOS_Queue_Processing\Third-Party\SEGGER\OS -ID:\courses\Embedded Systems\Udemy Courses STM32\Mastering RTOS 2020\RTOS TrueStdio WorkSpace\STM32_FreeRTOS_Queue_Processing\Third-Party\SEGGER\SEGGER -I../src -ID:\courses\Embedded Systems\Udemy Courses STM32\Mastering RTOS 2020\RTOS TrueStdio WorkSpace\STM32_FreeRTOS_Queue_Processing\Config -I../Libraries/STM32F10x_StdPeriph_Driver/inc -I../Libraries/CMSIS/Device/ST/STM32F10x/Include -I../Libraries/CMSIS/Include -O0 -ffunction-sections -fdata-sections -g -fstack-usage -Wall -specs=nano.specs -o src\main.o 
..\src\main.c: In function 'vTask2_cmd_handling':
..\src\main.c:176:3: error: 'taskEXIT_CRITICAL' undeclared (first use in this function)
   taskEXIT_CRITICAL; // Enable Interrupts
   ^~~~~~~~~~~~~~~~~
..\src\main.c:176:3: note: each undeclared identifier is reported only once for each function it appears in
12:42:20 **** Incremental Build of configuration Debug for project STM32_FreeRTOS_Queue_Processing ****
Info: Internal Builder is used for build
arm-atollic-eabi-gcc -c ..\src\main.c -mthumb -mcpu=cortex-m3 -std=gnu11 -DSTM32F10X_MD -DUSE_STDPERIPH_DRIVER -ID:\courses\Embedded Systems\Udemy Courses STM32\Mastering RTOS 2020\RTOS TrueStdio WorkSpace\STM32_FreeRTOS_Queue_Processing\Third-Party\FreeRTOS\org\Source\include -ID:\courses\Embedded Systems\Udemy Courses STM32\Mastering RTOS 2020\RTOS TrueStdio WorkSpace\STM32_FreeRTOS_Queue_Processing\Third-Party\FreeRTOS\org\Source\portable\GCC\ARM_CM3 -ID:\courses\Embedded Systems\Udemy Courses STM32\Mastering RTOS 2020\RTOS TrueStdio WorkSpace\STM32_FreeRTOS_Queue_Processing\Third-Party\SEGGER\Config -ID:\courses\Embedded Systems\Udemy Courses STM32\Mastering RTOS 2020\RTOS TrueStdio WorkSpace\STM32_FreeRTOS_Queue_Processing\Third-Party\SEGGER\OS -ID:\courses\Embedded Systems\Udemy Courses STM32\Mastering RTOS 2020\RTOS TrueStdio WorkSpace\STM32_FreeRTOS_Queue_Processing\Third-Party\SEGGER\SEGGER -I../src -ID:\courses\Embedded Systems\Udemy Courses STM32\Mastering RTOS 2020\RTOS TrueStdio WorkSpace\STM32_FreeRTOS_Queue_Processing\Config -I../Libraries/STM32F10x_StdPeriph_Driver/inc -I../Libraries/CMSIS/Device/ST/STM32F10x/Include -I../Libraries/CMSIS/Include -O0 -ffunction-sections -fdata-sections -g -fstack-usage -Wall -specs=nano.specs -o src\main.o 
arm-atollic-eabi-gcc -o STM32_FreeRTOS_Queue_Processing.elf Libraries\STM32F10x_StdPeriph_Driver\src\misc.o Libraries\STM32F10x_StdPeriph_Driver\src\stm32f10x_adc.o Libraries\STM32F10x_StdPeriph_Driver\src\stm32f10x_bkp.o Libraries\STM32F10x_StdPeriph_Driver\src\stm32f10x_can.o Libraries\STM32F10x_StdPeriph_Driver\src\stm32f10x_cec.o Libraries\STM32F10x_StdPeriph_Driver\src\stm32f10x_crc.o Libraries\STM32F10x_StdPeriph_Driver\src\stm32f10x_dac.o Libraries\STM32F10x_StdPeriph_Driver\src\stm32f10x_dbgmcu.o Libraries\STM32F10x_StdPeriph_Driver\src\stm32f10x_dma.o Libraries\STM32F10x_StdPeriph_Driver\src\stm32f10x_exti.o Libraries\STM32F10x_StdPeriph_Driver\src\stm32f10x_flash.o Libraries\STM32F10x_StdPeriph_Driver\src\stm32f10x_fsmc.o Libraries\STM32F10x_StdPeriph_Driver\src\stm32f10x_gpio.o Libraries\STM32F10x_StdPeriph_Driver\src\stm32f10x_i2c.o Libraries\STM32F10x_StdPeriph_Driver\src\stm32f10x_iwdg.o Libraries\STM32F10x_StdPeriph_Driver\src\stm32f10x_pwr.o Libraries\STM32F10x_StdPeriph_Driver\src\stm32f10x_rcc.o Libraries\STM32F10x_StdPeriph_Driver\src\stm32f10x_rtc.o Libraries\STM32F10x_StdPeriph_Driver\src\stm32f10x_sdio.o Libraries\STM32F10x_StdPeriph_Driver\src\stm32f10x_spi.o Libraries\STM32F10x_StdPeriph_Driver\src\stm32f10x_tim.o Libraries\STM32F10x_StdPeriph_Driver\src\stm32f10x_usart.o Libraries\STM32F10x_StdPeriph_Driver\src\stm32f10x_wwdg.o Third-Party\FreeRTOS\org\Source\croutine.o Third-Party\FreeRTOS\org\Source\event_groups.o Third-Party\FreeRTOS\org\Source\list.o Third-Party\FreeRTOS\org\Source\portable\GCC\ARM_CM3\port.o Third-Party\FreeRTOS\org\Source\portable\MemMang\heap_4.o Third-Party\FreeRTOS\org\Source\queue.o Third-Party\FreeRTOS\org\Source\stream_buffer.o Third-Party\FreeRTOS\org\Source\tasks.o Third-Party\FreeRTOS\org\Source\timers.o Third-Party\SEGGER\Config\SEGGER_SYSVIEW_Config_FreeRTOS.o Third-Party\SEGGER\OS\SEGGER_SYSVIEW_FreeRTOS.o Third-Party\SEGGER\SEGGER\SEGGER_RTT.o Third-Party\SEGGER\SEGGER\SEGGER_SYSVIEW.o src\main.o src\startup_stm32f10x_md.o src\syscalls.o src\system_stm32f10x.o -mthumb -mcpu=cortex-m3 -T../stm32_flash.ld -specs=nosys.specs -static -Wl,-cref,-u,Reset_Handler -Wl,-Map=STM32_FreeRTOS_Queue_Processing.map -Wl,--gc-sections -Wl,--defsym=malloc_getpagesize_P=0x80 -Wl,--start-group -lc -lm -Wl,--end-group -specs=nano.specs 
src\main.o: In function `LED_ToggleStart':
D:\courses\Embedded Systems\Udemy Courses STM32\Mastering RTOS 2020\RTOS TrueStdio WorkSpace\STM32_FreeRTOS_Queue_Processing\Debug/..\src/main.c:394: undefined reference to `xTimerCreate'
D:\courses\Embedded Systems\Udemy Courses STM32\Mastering RTOS 2020\RTOS TrueStdio WorkSpace\STM32_FreeRTOS_Queue_Processing\Debug/..\src/main.c:397: undefined reference to `xTimerGenericCommand'
D:\courses\Embedded Systems\Udemy Courses STM32\Mastering RTOS 2020\RTOS TrueStdio WorkSpace\STM32_FreeRTOS_Queue_Processing\Debug/..\src/main.c:402: undefined reference to `xTimerGenericCommand'
src\main.o: In function `LED_ToggleStop':
D:\courses\Embedded Systems\Udemy Courses STM32\Mastering RTOS 2020\RTOS TrueStdio WorkSpace\STM32_FreeRTOS_Queue_Processing\Debug/..\src/main.c:407: undefined reference to `xTimerIsTimerActive'
D:\courses\Embedded Systems\Udemy Courses STM32\Mastering RTOS 2020\RTOS TrueStdio WorkSpace\STM32_FreeRTOS_Queue_Processing\Debug/..\src/main.c:409: undefined reference to `xTimerGenericCommand'
collect2.exe: error: ld returned 1 exit status
12:43:03 **** Incremental Build of configuration Debug for project STM32_FreeRTOS_Queue_Processing ****
Info: Internal Builder is used for build
arm-atollic-eabi-gcc -c ..\Third-Party\SEGGER\Config\SEGGER_SYSVIEW_Config_FreeRTOS.c -mthumb -mcpu=cortex-m3 -std=gnu11 -DSTM32F10X_MD -DUSE_STDPERIPH_DRIVER -ID:\courses\Embedded Systems\Udemy Courses STM32\Mastering RTOS 2020\RTOS TrueStdio WorkSpace\STM32_FreeRTOS_Queue_Processing\Third-Party\FreeRTOS\org\Source\include -ID:\courses\Embedded Systems\Udemy Courses STM32\Mastering RTOS 2020\RTOS TrueStdio WorkSpace\STM32_FreeRTOS_Queue_Processing\Third-Party\FreeRTOS\org\Source\portable\GCC\ARM_CM3 -ID:\courses\Embedded Systems\Udemy Courses STM32\Mastering RTOS 2020\RTOS TrueStdio WorkSpace\STM32_FreeRTOS_Queue_Processing\Third-Party\SEGGER\Config -ID:\courses\Embedded Systems\Udemy Courses STM32\Mastering RTOS 2020\RTOS TrueStdio WorkSpace\STM32_FreeRTOS_Queue_Processing\Third-Party\SEGGER\OS -ID:\courses\Embedded Systems\Udemy Courses STM32\Mastering RTOS 2020\RTOS TrueStdio WorkSpace\STM32_FreeRTOS_Queue_Processing\Third-Party\SEGGER\SEGGER -I../src -ID:\courses\Embedded Systems\Udemy Courses STM32\Mastering RTOS 2020\RTOS TrueStdio WorkSpace\STM32_FreeRTOS_Queue_Processing\Config -I../Libraries/STM32F10x_StdPeriph_Driver/inc -I../Libraries/CMSIS/Device/ST/STM32F10x/Include -I../Libraries/CMSIS/Include -O0 -ffunction-sections -fdata-sections -g -fstack-usage -Wall -specs=nano.specs -o Third-Party\SEGGER\Config\SEGGER_SYSVIEW_Config_FreeRTOS.o 
In file included from ..\Third-Party\SEGGER\Config\SEGGER_SYSVIEW_Config_FreeRTOS.c:64:0:
D:\courses\Embedded Systems\Udemy Courses STM32\Mastering RTOS 2020\RTOS TrueStdio WorkSpace\STM32_FreeRTOS_Queue_Processing\Third-Party\FreeRTOS\org\Source\include/FreeRTOS.h:268:4: error: #error If configUSE_TIMERS is set to 1 then configTIMER_TASK_PRIORITY must also be defined.
   #error If configUSE_TIMERS is set to 1 then configTIMER_TASK_PRIORITY must also be defined.
    ^~~~~
D:\courses\Embedded Systems\Udemy Courses STM32\Mastering RTOS 2020\RTOS TrueStdio WorkSpace\STM32_FreeRTOS_Queue_Processing\Third-Party\FreeRTOS\org\Source\include/FreeRTOS.h:272:4: error: #error If configUSE_TIMERS is set to 1 then configTIMER_QUEUE_LENGTH must also be defined.
   #error If configUSE_TIMERS is set to 1 then configTIMER_QUEUE_LENGTH must also be defined.
    ^~~~~
D:\courses\Embedded Systems\Udemy Courses STM32\Mastering RTOS 2020\RTOS TrueStdio WorkSpace\STM32_FreeRTOS_Queue_Processing\Third-Party\FreeRTOS\org\Source\include/FreeRTOS.h:276:4: error: #error If configUSE_TIMERS is set to 1 then configTIMER_TASK_STACK_DEPTH must also be defined.
   #error If configUSE_TIMERS is set to 1 then configTIMER_TASK_STACK_DEPTH must also be defined.
    ^~~~~
12:47:01 **** Incremental Build of configuration Debug for project STM32_FreeRTOS_Queue_Processing ****
Info: Internal Builder is used for build
arm-atollic-eabi-gcc -c ..\Third-Party\FreeRTOS\org\Source\stream_buffer.c -mthumb -mcpu=cortex-m3 -std=gnu11 -DSTM32F10X_MD -DUSE_STDPERIPH_DRIVER -ID:\courses\Embedded Systems\Udemy Courses STM32\Mastering RTOS 2020\RTOS TrueStdio WorkSpace\STM32_FreeRTOS_Queue_Processing\Third-Party\FreeRTOS\org\Source\include -ID:\courses\Embedded Systems\Udemy Courses STM32\Mastering RTOS 2020\RTOS TrueStdio WorkSpace\STM32_FreeRTOS_Queue_Processing\Third-Party\FreeRTOS\org\Source\portable\GCC\ARM_CM3 -ID:\courses\Embedded Systems\Udemy Courses STM32\Mastering RTOS 2020\RTOS TrueStdio WorkSpace\STM32_FreeRTOS_Queue_Processing\Third-Party\SEGGER\Config -ID:\courses\Embedded Systems\Udemy Courses STM32\Mastering RTOS 2020\RTOS TrueStdio WorkSpace\STM32_FreeRTOS_Queue_Processing\Third-Party\SEGGER\OS -ID:\courses\Embedded Systems\Udemy Courses STM32\Mastering RTOS 2020\RTOS TrueStdio WorkSpace\STM32_FreeRTOS_Queue_Processing\Third-Party\SEGGER\SEGGER -I../src -ID:\courses\Embedded Systems\Udemy Courses STM32\Mastering RTOS 2020\RTOS TrueStdio WorkSpace\STM32_FreeRTOS_Queue_Processing\Config -I../Libraries/STM32F10x_StdPeriph_Driver/inc -I../Libraries/CMSIS/Device/ST/STM32F10x/Include -I../Libraries/CMSIS/Include -O0 -ffunction-sections -fdata-sections -g -fstack-usage -Wall -specs=nano.specs -o Third-Party\FreeRTOS\org\Source\stream_buffer.o 
arm-atollic-eabi-gcc -c ..\Third-Party\FreeRTOS\org\Source\croutine.c -mthumb -mcpu=cortex-m3 -std=gnu11 -DSTM32F10X_MD -DUSE_STDPERIPH_DRIVER -ID:\courses\Embedded Systems\Udemy Courses STM32\Mastering RTOS 2020\RTOS TrueStdio WorkSpace\STM32_FreeRTOS_Queue_Processing\Third-Party\FreeRTOS\org\Source\include -ID:\courses\Embedded Systems\Udemy Courses STM32\Mastering RTOS 2020\RTOS TrueStdio WorkSpace\STM32_FreeRTOS_Queue_Processing\Third-Party\FreeRTOS\org\Source\portable\GCC\ARM_CM3 -ID:\courses\Embedded Systems\Udemy Courses STM32\Mastering RTOS 2020\RTOS TrueStdio WorkSpace\STM32_FreeRTOS_Queue_Processing\Third-Party\SEGGER\Config -ID:\courses\Embedded Systems\Udemy Courses STM32\Mastering RTOS 2020\RTOS TrueStdio WorkSpace\STM32_FreeRTOS_Queue_Processing\Third-Party\SEGGER\OS -ID:\courses\Embedded Systems\Udemy Courses STM32\Mastering RTOS 2020\RTOS TrueStdio WorkSpace\STM32_FreeRTOS_Queue_Processing\Third-Party\SEGGER\SEGGER -I../src -ID:\courses\Embedded Systems\Udemy Courses STM32\Mastering RTOS 2020\RTOS TrueStdio WorkSpace\STM32_FreeRTOS_Queue_Processing\Config -I../Libraries/STM32F10x_StdPeriph_Driver/inc -I../Libraries/CMSIS/Device/ST/STM32F10x/Include -I../Libraries/CMSIS/Include -O0 -ffunction-sections -fdata-sections -g -fstack-usage -Wall -specs=nano.specs -o Third-Party\FreeRTOS\org\Source\croutine.o 
arm-atollic-eabi-gcc -c ..\src\main.c -mthumb -mcpu=cortex-m3 -std=gnu11 -DSTM32F10X_MD -DUSE_STDPERIPH_DRIVER -ID:\courses\Embedded Systems\Udemy Courses STM32\Mastering RTOS 2020\RTOS TrueStdio WorkSpace\STM32_FreeRTOS_Queue_Processing\Third-Party\FreeRTOS\org\Source\include -ID:\courses\Embedded Systems\Udemy Courses STM32\Mastering RTOS 2020\RTOS TrueStdio WorkSpace\STM32_FreeRTOS_Queue_Processing\Third-Party\FreeRTOS\org\Source\portable\GCC\ARM_CM3 -ID:\courses\Embedded Systems\Udemy Courses STM32\Mastering RTOS 2020\RTOS TrueStdio WorkSpace\STM32_FreeRTOS_Queue_Processing\Third-Party\SEGGER\Config -ID:\courses\Embedded Systems\Udemy Courses STM32\Mastering RTOS 2020\RTOS TrueStdio WorkSpace\STM32_FreeRTOS_Queue_Processing\Third-Party\SEGGER\OS -ID:\courses\Embedded Systems\Udemy Courses STM32\Mastering RTOS 2020\RTOS TrueStdio WorkSpace\STM32_FreeRTOS_Queue_Processing\Third-Party\SEGGER\SEGGER -I../src -ID:\courses\Embedded Systems\Udemy Courses STM32\Mastering RTOS 2020\RTOS TrueStdio WorkSpace\STM32_FreeRTOS_Queue_Processing\Config -I../Libraries/STM32F10x_StdPeriph_Driver/inc -I../Libraries/CMSIS/Device/ST/STM32F10x/Include -I../Libraries/CMSIS/Include -O0 -ffunction-sections -fdata-sections -g -fstack-usage -Wall -specs=nano.specs -o src\main.o 
arm-atollic-eabi-gcc -c ..\Third-Party\FreeRTOS\org\Source\queue.c -mthumb -mcpu=cortex-m3 -std=gnu11 -DSTM32F10X_MD -DUSE_STDPERIPH_DRIVER -ID:\courses\Embedded Systems\Udemy Courses STM32\Mastering RTOS 2020\RTOS TrueStdio WorkSpace\STM32_FreeRTOS_Queue_Processing\Third-Party\FreeRTOS\org\Source\include -ID:\courses\Embedded Systems\Udemy Courses STM32\Mastering RTOS 2020\RTOS TrueStdio WorkSpace\STM32_FreeRTOS_Queue_Processing\Third-Party\FreeRTOS\org\Source\portable\GCC\ARM_CM3 -ID:\courses\Embedded Systems\Udemy Courses STM32\Mastering RTOS 2020\RTOS TrueStdio WorkSpace\STM32_FreeRTOS_Queue_Processing\Third-Party\SEGGER\Config -ID:\courses\Embedded Systems\Udemy Courses STM32\Mastering RTOS 2020\RTOS TrueStdio WorkSpace\STM32_FreeRTOS_Queue_Processing\Third-Party\SEGGER\OS -ID:\courses\Embedded Systems\Udemy Courses STM32\Mastering RTOS 2020\RTOS TrueStdio WorkSpace\STM32_FreeRTOS_Queue_Processing\Third-Party\SEGGER\SEGGER -I../src -ID:\courses\Embedded Systems\Udemy Courses STM32\Mastering RTOS 2020\RTOS TrueStdio WorkSpace\STM32_FreeRTOS_Queue_Processing\Config -I../Libraries/STM32F10x_StdPeriph_Driver/inc -I../Libraries/CMSIS/Device/ST/STM32F10x/Include -I../Libraries/CMSIS/Include -O0 -ffunction-sections -fdata-sections -g -fstack-usage -Wall -specs=nano.specs -o Third-Party\FreeRTOS\org\Source\queue.o 
arm-atollic-eabi-gcc -c ..\Third-Party\FreeRTOS\org\Source\list.c -mthumb -mcpu=cortex-m3 -std=gnu11 -DSTM32F10X_MD -DUSE_STDPERIPH_DRIVER -ID:\courses\Embedded Systems\Udemy Courses STM32\Mastering RTOS 2020\RTOS TrueStdio WorkSpace\STM32_FreeRTOS_Queue_Processing\Third-Party\FreeRTOS\org\Source\include -ID:\courses\Embedded Systems\Udemy Courses STM32\Mastering RTOS 2020\RTOS TrueStdio WorkSpace\STM32_FreeRTOS_Queue_Processing\Third-Party\FreeRTOS\org\Source\portable\GCC\ARM_CM3 -ID:\courses\Embedded Systems\Udemy Courses STM32\Mastering RTOS 2020\RTOS TrueStdio WorkSpace\STM32_FreeRTOS_Queue_Processing\Third-Party\SEGGER\Config -ID:\courses\Embedded Systems\Udemy Courses STM32\Mastering RTOS 2020\RTOS TrueStdio WorkSpace\STM32_FreeRTOS_Queue_Processing\Third-Party\SEGGER\OS -ID:\courses\Embedded Systems\Udemy Courses STM32\Mastering RTOS 2020\RTOS TrueStdio WorkSpace\STM32_FreeRTOS_Queue_Processing\Third-Party\SEGGER\SEGGER -I../src -ID:\courses\Embedded Systems\Udemy Courses STM32\Mastering RTOS 2020\RTOS TrueStdio WorkSpace\STM32_FreeRTOS_Queue_Processing\Config -I../Libraries/STM32F10x_StdPeriph_Driver/inc -I../Libraries/CMSIS/Device/ST/STM32F10x/Include -I../Libraries/CMSIS/Include -O0 -ffunction-sections -fdata-sections -g -fstack-usage -Wall -specs=nano.specs -o Third-Party\FreeRTOS\org\Source\list.o 
arm-atollic-eabi-gcc -c ..\Third-Party\FreeRTOS\org\Source\event_groups.c -mthumb -mcpu=cortex-m3 -std=gnu11 -DSTM32F10X_MD -DUSE_STDPERIPH_DRIVER -ID:\courses\Embedded Systems\Udemy Courses STM32\Mastering RTOS 2020\RTOS TrueStdio WorkSpace\STM32_FreeRTOS_Queue_Processing\Third-Party\FreeRTOS\org\Source\include -ID:\courses\Embedded Systems\Udemy Courses STM32\Mastering RTOS 2020\RTOS TrueStdio WorkSpace\STM32_FreeRTOS_Queue_Processing\Third-Party\FreeRTOS\org\Source\portable\GCC\ARM_CM3 -ID:\courses\Embedded Systems\Udemy Courses STM32\Mastering RTOS 2020\RTOS TrueStdio WorkSpace\STM32_FreeRTOS_Queue_Processing\Third-Party\SEGGER\Config -ID:\courses\Embedded Systems\Udemy Courses STM32\Mastering RTOS 2020\RTOS TrueStdio WorkSpace\STM32_FreeRTOS_Queue_Processing\Third-Party\SEGGER\OS -ID:\courses\Embedded Systems\Udemy Courses STM32\Mastering RTOS 2020\RTOS TrueStdio WorkSpace\STM32_FreeRTOS_Queue_Processing\Third-Party\SEGGER\SEGGER -I../src -ID:\courses\Embedded Systems\Udemy Courses STM32\Mastering RTOS 2020\RTOS TrueStdio WorkSpace\STM32_FreeRTOS_Queue_Processing\Config -I../Libraries/STM32F10x_StdPeriph_Driver/inc -I../Libraries/CMSIS/Device/ST/STM32F10x/Include -I../Libraries/CMSIS/Include -O0 -ffunction-sections -fdata-sections -g -fstack-usage -Wall -specs=nano.specs -o Third-Party\FreeRTOS\org\Source\event_groups.o 
arm-atollic-eabi-gcc -c ..\Third-Party\FreeRTOS\org\Source\tasks.c -mthumb -mcpu=cortex-m3 -std=gnu11 -DSTM32F10X_MD -DUSE_STDPERIPH_DRIVER -ID:\courses\Embedded Systems\Udemy Courses STM32\Mastering RTOS 2020\RTOS TrueStdio WorkSpace\STM32_FreeRTOS_Queue_Processing\Third-Party\FreeRTOS\org\Source\include -ID:\courses\Embedded Systems\Udemy Courses STM32\Mastering RTOS 2020\RTOS TrueStdio WorkSpace\STM32_FreeRTOS_Queue_Processing\Third-Party\FreeRTOS\org\Source\portable\GCC\ARM_CM3 -ID:\courses\Embedded Systems\Udemy Courses STM32\Mastering RTOS 2020\RTOS TrueStdio WorkSpace\STM32_FreeRTOS_Queue_Processing\Third-Party\SEGGER\Config -ID:\courses\Embedded Systems\Udemy Courses STM32\Mastering RTOS 2020\RTOS TrueStdio WorkSpace\STM32_FreeRTOS_Queue_Processing\Third-Party\SEGGER\OS -ID:\courses\Embedded Systems\Udemy Courses STM32\Mastering RTOS 2020\RTOS TrueStdio WorkSpace\STM32_FreeRTOS_Queue_Processing\Third-Party\SEGGER\SEGGER -I../src -ID:\courses\Embedded Systems\Udemy Courses STM32\Mastering RTOS 2020\RTOS TrueStdio WorkSpace\STM32_FreeRTOS_Queue_Processing\Config -I../Libraries/STM32F10x_StdPeriph_Driver/inc -I../Libraries/CMSIS/Device/ST/STM32F10x/Include -I../Libraries/CMSIS/Include -O0 -ffunction-sections -fdata-sections -g -fstack-usage -Wall -specs=nano.specs -o Third-Party\FreeRTOS\org\Source\tasks.o 
arm-atollic-eabi-gcc -c ..\Third-Party\SEGGER\OS\SEGGER_SYSVIEW_FreeRTOS.c -mthumb -mcpu=cortex-m3 -std=gnu11 -DSTM32F10X_MD -DUSE_STDPERIPH_DRIVER -ID:\courses\Embedded Systems\Udemy Courses STM32\Mastering RTOS 2020\RTOS TrueStdio WorkSpace\STM32_FreeRTOS_Queue_Processing\Third-Party\FreeRTOS\org\Source\include -ID:\courses\Embedded Systems\Udemy Courses STM32\Mastering RTOS 2020\RTOS TrueStdio WorkSpace\STM32_FreeRTOS_Queue_Processing\Third-Party\FreeRTOS\org\Source\portable\GCC\ARM_CM3 -ID:\courses\Embedded Systems\Udemy Courses STM32\Mastering RTOS 2020\RTOS TrueStdio WorkSpace\STM32_FreeRTOS_Queue_Processing\Third-Party\SEGGER\Config -ID:\courses\Embedded Systems\Udemy Courses STM32\Mastering RTOS 2020\RTOS TrueStdio WorkSpace\STM32_FreeRTOS_Queue_Processing\Third-Party\SEGGER\OS -ID:\courses\Embedded Systems\Udemy Courses STM32\Mastering RTOS 2020\RTOS TrueStdio WorkSpace\STM32_FreeRTOS_Queue_Processing\Third-Party\SEGGER\SEGGER -I../src -ID:\courses\Embedded Systems\Udemy Courses STM32\Mastering RTOS 2020\RTOS TrueStdio WorkSpace\STM32_FreeRTOS_Queue_Processing\Config -I../Libraries/STM32F10x_StdPeriph_Driver/inc -I../Libraries/CMSIS/Device/ST/STM32F10x/Include -I../Libraries/CMSIS/Include -O0 -ffunction-sections -fdata-sections -g -fstack-usage -Wall -specs=nano.specs -o Third-Party\SEGGER\OS\SEGGER_SYSVIEW_FreeRTOS.o 
arm-atollic-eabi-gcc -c ..\Third-Party\SEGGER\Config\SEGGER_SYSVIEW_Config_FreeRTOS.c -mthumb -mcpu=cortex-m3 -std=gnu11 -DSTM32F10X_MD -DUSE_STDPERIPH_DRIVER -ID:\courses\Embedded Systems\Udemy Courses STM32\Mastering RTOS 2020\RTOS TrueStdio WorkSpace\STM32_FreeRTOS_Queue_Processing\Third-Party\FreeRTOS\org\Source\include -ID:\courses\Embedded Systems\Udemy Courses STM32\Mastering RTOS 2020\RTOS TrueStdio WorkSpace\STM32_FreeRTOS_Queue_Processing\Third-Party\FreeRTOS\org\Source\portable\GCC\ARM_CM3 -ID:\courses\Embedded Systems\Udemy Courses STM32\Mastering RTOS 2020\RTOS TrueStdio WorkSpace\STM32_FreeRTOS_Queue_Processing\Third-Party\SEGGER\Config -ID:\courses\Embedded Systems\Udemy Courses STM32\Mastering RTOS 2020\RTOS TrueStdio WorkSpace\STM32_FreeRTOS_Queue_Processing\Third-Party\SEGGER\OS -ID:\courses\Embedded Systems\Udemy Courses STM32\Mastering RTOS 2020\RTOS TrueStdio WorkSpace\STM32_FreeRTOS_Queue_Processing\Third-Party\SEGGER\SEGGER -I../src -ID:\courses\Embedded Systems\Udemy Courses STM32\Mastering RTOS 2020\RTOS TrueStdio WorkSpace\STM32_FreeRTOS_Queue_Processing\Config -I../Libraries/STM32F10x_StdPeriph_Driver/inc -I../Libraries/CMSIS/Device/ST/STM32F10x/Include -I../Libraries/CMSIS/Include -O0 -ffunction-sections -fdata-sections -g -fstack-usage -Wall -specs=nano.specs -o Third-Party\SEGGER\Config\SEGGER_SYSVIEW_Config_FreeRTOS.o 
arm-atollic-eabi-gcc -c ..\Third-Party\FreeRTOS\org\Source\portable\MemMang\heap_4.c -mthumb -mcpu=cortex-m3 -std=gnu11 -DSTM32F10X_MD -DUSE_STDPERIPH_DRIVER -ID:\courses\Embedded Systems\Udemy Courses STM32\Mastering RTOS 2020\RTOS TrueStdio WorkSpace\STM32_FreeRTOS_Queue_Processing\Third-Party\FreeRTOS\org\Source\include -ID:\courses\Embedded Systems\Udemy Courses STM32\Mastering RTOS 2020\RTOS TrueStdio WorkSpace\STM32_FreeRTOS_Queue_Processing\Third-Party\FreeRTOS\org\Source\portable\GCC\ARM_CM3 -ID:\courses\Embedded Systems\Udemy Courses STM32\Mastering RTOS 2020\RTOS TrueStdio WorkSpace\STM32_FreeRTOS_Queue_Processing\Third-Party\SEGGER\Config -ID:\courses\Embedded Systems\Udemy Courses STM32\Mastering RTOS 2020\RTOS TrueStdio WorkSpace\STM32_FreeRTOS_Queue_Processing\Third-Party\SEGGER\OS -ID:\courses\Embedded Systems\Udemy Courses STM32\Mastering RTOS 2020\RTOS TrueStdio WorkSpace\STM32_FreeRTOS_Queue_Processing\Third-Party\SEGGER\SEGGER -I../src -ID:\courses\Embedded Systems\Udemy Courses STM32\Mastering RTOS 2020\RTOS TrueStdio WorkSpace\STM32_FreeRTOS_Queue_Processing\Config -I../Libraries/STM32F10x_StdPeriph_Driver/inc -I../Libraries/CMSIS/Device/ST/STM32F10x/Include -I../Libraries/CMSIS/Include -O0 -ffunction-sections -fdata-sections -g -fstack-usage -Wall -specs=nano.specs -o Third-Party\FreeRTOS\org\Source\portable\MemMang\heap_4.o 
arm-atollic-eabi-gcc -c ..\Third-Party\FreeRTOS\org\Source\portable\GCC\ARM_CM3\port.c -mthumb -mcpu=cortex-m3 -std=gnu11 -DSTM32F10X_MD -DUSE_STDPERIPH_DRIVER -ID:\courses\Embedded Systems\Udemy Courses STM32\Mastering RTOS 2020\RTOS TrueStdio WorkSpace\STM32_FreeRTOS_Queue_Processing\Third-Party\FreeRTOS\org\Source\include -ID:\courses\Embedded Systems\Udemy Courses STM32\Mastering RTOS 2020\RTOS TrueStdio WorkSpace\STM32_FreeRTOS_Queue_Processing\Third-Party\FreeRTOS\org\Source\portable\GCC\ARM_CM3 -ID:\courses\Embedded Systems\Udemy Courses STM32\Mastering RTOS 2020\RTOS TrueStdio WorkSpace\STM32_FreeRTOS_Queue_Processing\Third-Party\SEGGER\Config -ID:\courses\Embedded Systems\Udemy Courses STM32\Mastering RTOS 2020\RTOS TrueStdio WorkSpace\STM32_FreeRTOS_Queue_Processing\Third-Party\SEGGER\OS -ID:\courses\Embedded Systems\Udemy Courses STM32\Mastering RTOS 2020\RTOS TrueStdio WorkSpace\STM32_FreeRTOS_Queue_Processing\Third-Party\SEGGER\SEGGER -I../src -ID:\courses\Embedded Systems\Udemy Courses STM32\Mastering RTOS 2020\RTOS TrueStdio WorkSpace\STM32_FreeRTOS_Queue_Processing\Config -I../Libraries/STM32F10x_StdPeriph_Driver/inc -I../Libraries/CMSIS/Device/ST/STM32F10x/Include -I../Libraries/CMSIS/Include -O0 -ffunction-sections -fdata-sections -g -fstack-usage -Wall -specs=nano.specs -o Third-Party\FreeRTOS\org\Source\portable\GCC\ARM_CM3\port.o 
arm-atollic-eabi-gcc -c ..\Third-Party\FreeRTOS\org\Source\timers.c -mthumb -mcpu=cortex-m3 -std=gnu11 -DSTM32F10X_MD -DUSE_STDPERIPH_DRIVER -ID:\courses\Embedded Systems\Udemy Courses STM32\Mastering RTOS 2020\RTOS TrueStdio WorkSpace\STM32_FreeRTOS_Queue_Processing\Third-Party\FreeRTOS\org\Source\include -ID:\courses\Embedded Systems\Udemy Courses STM32\Mastering RTOS 2020\RTOS TrueStdio WorkSpace\STM32_FreeRTOS_Queue_Processing\Third-Party\FreeRTOS\org\Source\portable\GCC\ARM_CM3 -ID:\courses\Embedded Systems\Udemy Courses STM32\Mastering RTOS 2020\RTOS TrueStdio WorkSpace\STM32_FreeRTOS_Queue_Processing\Third-Party\SEGGER\Config -ID:\courses\Embedded Systems\Udemy Courses STM32\Mastering RTOS 2020\RTOS TrueStdio WorkSpace\STM32_FreeRTOS_Queue_Processing\Third-Party\SEGGER\OS -ID:\courses\Embedded Systems\Udemy Courses STM32\Mastering RTOS 2020\RTOS TrueStdio WorkSpace\STM32_FreeRTOS_Queue_Processing\Third-Party\SEGGER\SEGGER -I../src -ID:\courses\Embedded Systems\Udemy Courses STM32\Mastering RTOS 2020\RTOS TrueStdio WorkSpace\STM32_FreeRTOS_Queue_Processing\Config -I../Libraries/STM32F10x_StdPeriph_Driver/inc -I../Libraries/CMSIS/Device/ST/STM32F10x/Include -I../Libraries/CMSIS/Include -O0 -ffunction-sections -fdata-sections -g -fstack-usage -Wall -specs=nano.specs -o Third-Party\FreeRTOS\org\Source\timers.o 
arm-atollic-eabi-gcc -o STM32_FreeRTOS_Queue_Processing.elf Libraries\STM32F10x_StdPeriph_Driver\src\misc.o Libraries\STM32F10x_StdPeriph_Driver\src\stm32f10x_adc.o Libraries\STM32F10x_StdPeriph_Driver\src\stm32f10x_bkp.o Libraries\STM32F10x_StdPeriph_Driver\src\stm32f10x_can.o Libraries\STM32F10x_StdPeriph_Driver\src\stm32f10x_cec.o Libraries\STM32F10x_StdPeriph_Driver\src\stm32f10x_crc.o Libraries\STM32F10x_StdPeriph_Driver\src\stm32f10x_dac.o Libraries\STM32F10x_StdPeriph_Driver\src\stm32f10x_dbgmcu.o Libraries\STM32F10x_StdPeriph_Driver\src\stm32f10x_dma.o Libraries\STM32F10x_StdPeriph_Driver\src\stm32f10x_exti.o Libraries\STM32F10x_StdPeriph_Driver\src\stm32f10x_flash.o Libraries\STM32F10x_StdPeriph_Driver\src\stm32f10x_fsmc.o Libraries\STM32F10x_StdPeriph_Driver\src\stm32f10x_gpio.o Libraries\STM32F10x_StdPeriph_Driver\src\stm32f10x_i2c.o Libraries\STM32F10x_StdPeriph_Driver\src\stm32f10x_iwdg.o Libraries\STM32F10x_StdPeriph_Driver\src\stm32f10x_pwr.o Libraries\STM32F10x_StdPeriph_Driver\src\stm32f10x_rcc.o Libraries\STM32F10x_StdPeriph_Driver\src\stm32f10x_rtc.o Libraries\STM32F10x_StdPeriph_Driver\src\stm32f10x_sdio.o Libraries\STM32F10x_StdPeriph_Driver\src\stm32f10x_spi.o Libraries\STM32F10x_StdPeriph_Driver\src\stm32f10x_tim.o Libraries\STM32F10x_StdPeriph_Driver\src\stm32f10x_usart.o Libraries\STM32F10x_StdPeriph_Driver\src\stm32f10x_wwdg.o Third-Party\FreeRTOS\org\Source\croutine.o Third-Party\FreeRTOS\org\Source\event_groups.o Third-Party\FreeRTOS\org\Source\list.o Third-Party\FreeRTOS\org\Source\portable\GCC\ARM_CM3\port.o Third-Party\FreeRTOS\org\Source\portable\MemMang\heap_4.o Third-Party\FreeRTOS\org\Source\queue.o Third-Party\FreeRTOS\org\Source\stream_buffer.o Third-Party\FreeRTOS\org\Source\tasks.o Third-Party\FreeRTOS\org\Source\timers.o Third-Party\SEGGER\Config\SEGGER_SYSVIEW_Config_FreeRTOS.o Third-Party\SEGGER\OS\SEGGER_SYSVIEW_FreeRTOS.o Third-Party\SEGGER\SEGGER\SEGGER_RTT.o Third-Party\SEGGER\SEGGER\SEGGER_SYSVIEW.o src\main.o src\startup_stm32f10x_md.o src\syscalls.o src\system_stm32f10x.o -mthumb -mcpu=cortex-m3 -T../stm32_flash.ld -specs=nosys.specs -static -Wl,-cref,-u,Reset_Handler -Wl,-Map=STM32_FreeRTOS_Queue_Processing.map -Wl,--gc-sections -Wl,--defsym=malloc_getpagesize_P=0x80 -Wl,--start-group -lc -lm -Wl,--end-group -specs=nano.specs 
C:\Program Files (x86)\Atollic\TrueSTUDIO for STM32 9.3.0\ide\jre\bin\java -jar C:\Program Files (x86)\Atollic\TrueSTUDIO for STM32 9.3.0\Tools\arm-atollic-reports.jar convert-hex sizeinfo list STM32_FreeRTOS_Queue_Processing.elf 
Generate build reports...
Converting build output to hex
Output sent to: STM32_FreeRTOS_Queue_Processing.hex
Converting build output to hex done
Print size information
   text	   data	    bss	    dec	    hex	filename
  22084	    312	  16888	  39284	   9974	STM32_FreeRTOS_Queue_Processing.elf
Print size information done
Generate listing file
Output sent to: STM32_FreeRTOS_Queue_Processing.list
Generate listing file done
Generate build reports done
Info: Nothing to build for STM32_FreeRTOS_Queue_Processing
Info: Nothing to build for STM32_FreeRTOS_Queue_Processing
Info: Nothing to build for STM32_FreeRTOS_Queue_Processing
12:51:12 **** Incremental Build of configuration Debug for project STM32_FreeRTOS_Queue_Processing ****
Info: Internal Builder is used for build
arm-atollic-eabi-gcc -c ..\src\main.c -mthumb -mcpu=cortex-m3 -std=gnu11 -DSTM32F10X_MD -DUSE_STDPERIPH_DRIVER -ID:\courses\Embedded Systems\Udemy Courses STM32\Mastering RTOS 2020\RTOS TrueStdio WorkSpace\STM32_FreeRTOS_Queue_Processing\Third-Party\FreeRTOS\org\Source\include -ID:\courses\Embedded Systems\Udemy Courses STM32\Mastering RTOS 2020\RTOS TrueStdio WorkSpace\STM32_FreeRTOS_Queue_Processing\Third-Party\FreeRTOS\org\Source\portable\GCC\ARM_CM3 -ID:\courses\Embedded Systems\Udemy Courses STM32\Mastering RTOS 2020\RTOS TrueStdio WorkSpace\STM32_FreeRTOS_Queue_Processing\Third-Party\SEGGER\Config -ID:\courses\Embedded Systems\Udemy Courses STM32\Mastering RTOS 2020\RTOS TrueStdio WorkSpace\STM32_FreeRTOS_Queue_Processing\Third-Party\SEGGER\OS -ID:\courses\Embedded Systems\Udemy Courses STM32\Mastering RTOS 2020\RTOS TrueStdio WorkSpace\STM32_FreeRTOS_Queue_Processing\Third-Party\SEGGER\SEGGER -I../src -ID:\courses\Embedded Systems\Udemy Courses STM32\Mastering RTOS 2020\RTOS TrueStdio WorkSpace\STM32_FreeRTOS_Queue_Processing\Config -I../Libraries/STM32F10x_StdPeriph_Driver/inc -I../Libraries/CMSIS/Device/ST/STM32F10x/Include -I../Libraries/CMSIS/Include -O0 -ffunction-sections -fdata-sections -g -fstack-usage -Wall -specs=nano.specs -o src\main.o 
arm-atollic-eabi-gcc -o STM32_FreeRTOS_Queue_Processing.elf Libraries\STM32F10x_StdPeriph_Driver\src\misc.o Libraries\STM32F10x_StdPeriph_Driver\src\stm32f10x_adc.o Libraries\STM32F10x_StdPeriph_Driver\src\stm32f10x_bkp.o Libraries\STM32F10x_StdPeriph_Driver\src\stm32f10x_can.o Libraries\STM32F10x_StdPeriph_Driver\src\stm32f10x_cec.o Libraries\STM32F10x_StdPeriph_Driver\src\stm32f10x_crc.o Libraries\STM32F10x_StdPeriph_Driver\src\stm32f10x_dac.o Libraries\STM32F10x_StdPeriph_Driver\src\stm32f10x_dbgmcu.o Libraries\STM32F10x_StdPeriph_Driver\src\stm32f10x_dma.o Libraries\STM32F10x_StdPeriph_Driver\src\stm32f10x_exti.o Libraries\STM32F10x_StdPeriph_Driver\src\stm32f10x_flash.o Libraries\STM32F10x_StdPeriph_Driver\src\stm32f10x_fsmc.o Libraries\STM32F10x_StdPeriph_Driver\src\stm32f10x_gpio.o Libraries\STM32F10x_StdPeriph_Driver\src\stm32f10x_i2c.o Libraries\STM32F10x_StdPeriph_Driver\src\stm32f10x_iwdg.o Libraries\STM32F10x_StdPeriph_Driver\src\stm32f10x_pwr.o Libraries\STM32F10x_StdPeriph_Driver\src\stm32f10x_rcc.o Libraries\STM32F10x_StdPeriph_Driver\src\stm32f10x_rtc.o Libraries\STM32F10x_StdPeriph_Driver\src\stm32f10x_sdio.o Libraries\STM32F10x_StdPeriph_Driver\src\stm32f10x_spi.o Libraries\STM32F10x_StdPeriph_Driver\src\stm32f10x_tim.o Libraries\STM32F10x_StdPeriph_Driver\src\stm32f10x_usart.o Libraries\STM32F10x_StdPeriph_Driver\src\stm32f10x_wwdg.o Third-Party\FreeRTOS\org\Source\croutine.o Third-Party\FreeRTOS\org\Source\event_groups.o Third-Party\FreeRTOS\org\Source\list.o Third-Party\FreeRTOS\org\Source\portable\GCC\ARM_CM3\port.o Third-Party\FreeRTOS\org\Source\portable\MemMang\heap_4.o Third-Party\FreeRTOS\org\Source\queue.o Third-Party\FreeRTOS\org\Source\stream_buffer.o Third-Party\FreeRTOS\org\Source\tasks.o Third-Party\FreeRTOS\org\Source\timers.o Third-Party\SEGGER\Config\SEGGER_SYSVIEW_Config_FreeRTOS.o Third-Party\SEGGER\OS\SEGGER_SYSVIEW_FreeRTOS.o Third-Party\SEGGER\SEGGER\SEGGER_RTT.o Third-Party\SEGGER\SEGGER\SEGGER_SYSVIEW.o src\main.o src\startup_stm32f10x_md.o src\syscalls.o src\system_stm32f10x.o -mthumb -mcpu=cortex-m3 -T../stm32_flash.ld -specs=nosys.specs -static -Wl,-cref,-u,Reset_Handler -Wl,-Map=STM32_FreeRTOS_Queue_Processing.map -Wl,--gc-sections -Wl,--defsym=malloc_getpagesize_P=0x80 -Wl,--start-group -lc -lm -Wl,--end-group -specs=nano.specs 
C:\Program Files (x86)\Atollic\TrueSTUDIO for STM32 9.3.0\ide\jre\bin\java -jar C:\Program Files (x86)\Atollic\TrueSTUDIO for STM32 9.3.0\Tools\arm-atollic-reports.jar convert-hex sizeinfo list STM32_FreeRTOS_Queue_Processing.elf 
Generate build reports...
Converting build output to hex
Output sent to: STM32_FreeRTOS_Queue_Processing.hex
Converting build output to hex done
Print size information
   text	   data	    bss	    dec	    hex	filename
  22100	    312	  16888	  39300	   9984	STM32_FreeRTOS_Queue_Processing.elf
Print size information done
Generate listing file
Output sent to: STM32_FreeRTOS_Queue_Processing.list
Generate listing file done
Generate build reports done
Info: Nothing to build for STM32_FreeRTOS_Queue_Processing
12:52:33 **** Incremental Build of configuration Debug for project STM32_FreeRTOS_Queue_Processing ****
Info: Internal Builder is used for build
arm-atollic-eabi-gcc -c ..\src\main.c -mthumb -mcpu=cortex-m3 -std=gnu11 -DSTM32F10X_MD -DUSE_STDPERIPH_DRIVER -ID:\courses\Embedded Systems\Udemy Courses STM32\Mastering RTOS 2020\RTOS TrueStdio WorkSpace\STM32_FreeRTOS_Queue_Processing\Third-Party\FreeRTOS\org\Source\include -ID:\courses\Embedded Systems\Udemy Courses STM32\Mastering RTOS 2020\RTOS TrueStdio WorkSpace\STM32_FreeRTOS_Queue_Processing\Third-Party\FreeRTOS\org\Source\portable\GCC\ARM_CM3 -ID:\courses\Embedded Systems\Udemy Courses STM32\Mastering RTOS 2020\RTOS TrueStdio WorkSpace\STM32_FreeRTOS_Queue_Processing\Third-Party\SEGGER\Config -ID:\courses\Embedded Systems\Udemy Courses STM32\Mastering RTOS 2020\RTOS TrueStdio WorkSpace\STM32_FreeRTOS_Queue_Processing\Third-Party\SEGGER\OS -ID:\courses\Embedded Systems\Udemy Courses STM32\Mastering RTOS 2020\RTOS TrueStdio WorkSpace\STM32_FreeRTOS_Queue_Processing\Third-Party\SEGGER\SEGGER -I../src -ID:\courses\Embedded Systems\Udemy Courses STM32\Mastering RTOS 2020\RTOS TrueStdio WorkSpace\STM32_FreeRTOS_Queue_Processing\Config -I../Libraries/STM32F10x_StdPeriph_Driver/inc -I../Libraries/CMSIS/Device/ST/STM32F10x/Include -I../Libraries/CMSIS/Include -O0 -ffunction-sections -fdata-sections -g -fstack-usage -Wall -specs=nano.specs -o src\main.o 
arm-atollic-eabi-gcc -o STM32_FreeRTOS_Queue_Processing.elf Libraries\STM32F10x_StdPeriph_Driver\src\misc.o Libraries\STM32F10x_StdPeriph_Driver\src\stm32f10x_adc.o Libraries\STM32F10x_StdPeriph_Driver\src\stm32f10x_bkp.o Libraries\STM32F10x_StdPeriph_Driver\src\stm32f10x_can.o Libraries\STM32F10x_StdPeriph_Driver\src\stm32f10x_cec.o Libraries\STM32F10x_StdPeriph_Driver\src\stm32f10x_crc.o Libraries\STM32F10x_StdPeriph_Driver\src\stm32f10x_dac.o Libraries\STM32F10x_StdPeriph_Driver\src\stm32f10x_dbgmcu.o Libraries\STM32F10x_StdPeriph_Driver\src\stm32f10x_dma.o Libraries\STM32F10x_StdPeriph_Driver\src\stm32f10x_exti.o Libraries\STM32F10x_StdPeriph_Driver\src\stm32f10x_flash.o Libraries\STM32F10x_StdPeriph_Driver\src\stm32f10x_fsmc.o Libraries\STM32F10x_StdPeriph_Driver\src\stm32f10x_gpio.o Libraries\STM32F10x_StdPeriph_Driver\src\stm32f10x_i2c.o Libraries\STM32F10x_StdPeriph_Driver\src\stm32f10x_iwdg.o Libraries\STM32F10x_StdPeriph_Driver\src\stm32f10x_pwr.o Libraries\STM32F10x_StdPeriph_Driver\src\stm32f10x_rcc.o Libraries\STM32F10x_StdPeriph_Driver\src\stm32f10x_rtc.o Libraries\STM32F10x_StdPeriph_Driver\src\stm32f10x_sdio.o Libraries\STM32F10x_StdPeriph_Driver\src\stm32f10x_spi.o Libraries\STM32F10x_StdPeriph_Driver\src\stm32f10x_tim.o Libraries\STM32F10x_StdPeriph_Driver\src\stm32f10x_usart.o Libraries\STM32F10x_StdPeriph_Driver\src\stm32f10x_wwdg.o Third-Party\FreeRTOS\org\Source\croutine.o Third-Party\FreeRTOS\org\Source\event_groups.o Third-Party\FreeRTOS\org\Source\list.o Third-Party\FreeRTOS\org\Source\portable\GCC\ARM_CM3\port.o Third-Party\FreeRTOS\org\Source\portable\MemMang\heap_4.o Third-Party\FreeRTOS\org\Source\queue.o Third-Party\FreeRTOS\org\Source\stream_buffer.o Third-Party\FreeRTOS\org\Source\tasks.o Third-Party\FreeRTOS\org\Source\timers.o Third-Party\SEGGER\Config\SEGGER_SYSVIEW_Config_FreeRTOS.o Third-Party\SEGGER\OS\SEGGER_SYSVIEW_FreeRTOS.o Third-Party\SEGGER\SEGGER\SEGGER_RTT.o Third-Party\SEGGER\SEGGER\SEGGER_SYSVIEW.o src\main.o src\startup_stm32f10x_md.o src\syscalls.o src\system_stm32f10x.o -mthumb -mcpu=cortex-m3 -T../stm32_flash.ld -specs=nosys.specs -static -Wl,-cref,-u,Reset_Handler -Wl,-Map=STM32_FreeRTOS_Queue_Processing.map -Wl,--gc-sections -Wl,--defsym=malloc_getpagesize_P=0x80 -Wl,--start-group -lc -lm -Wl,--end-group -specs=nano.specs 
C:\Program Files (x86)\Atollic\TrueSTUDIO for STM32 9.3.0\ide\jre\bin\java -jar C:\Program Files (x86)\Atollic\TrueSTUDIO for STM32 9.3.0\Tools\arm-atollic-reports.jar convert-hex sizeinfo list STM32_FreeRTOS_Queue_Processing.elf 
Generate build reports...
Converting build output to hex
Output sent to: STM32_FreeRTOS_Queue_Processing.hex
Converting build output to hex done
Print size information
   text	   data	    bss	    dec	    hex	filename
  22100	    312	  16888	  39300	   9984	STM32_FreeRTOS_Queue_Processing.elf
Print size information done
Generate listing file
Output sent to: STM32_FreeRTOS_Queue_Processing.list
Generate listing file done
Generate build reports done
Info: Nothing to build for STM32_FreeRTOS_Queue_Processing
13:03:11 **** Incremental Build of configuration Debug for project STM32_FreeRTOS_Queue_Processing ****
Info: Internal Builder is used for build
arm-atollic-eabi-gcc -c ..\Third-Party\FreeRTOS\org\Source\list.c -mthumb -mcpu=cortex-m3 -std=gnu11 -DSTM32F10X_MD -DUSE_STDPERIPH_DRIVER -ID:\courses\Embedded Systems\Udemy Courses STM32\Mastering RTOS 2020\RTOS TrueStdio WorkSpace\STM32_FreeRTOS_Queue_Processing\Third-Party\FreeRTOS\org\Source\include -ID:\courses\Embedded Systems\Udemy Courses STM32\Mastering RTOS 2020\RTOS TrueStdio WorkSpace\STM32_FreeRTOS_Queue_Processing\Third-Party\FreeRTOS\org\Source\portable\GCC\ARM_CM3 -ID:\courses\Embedded Systems\Udemy Courses STM32\Mastering RTOS 2020\RTOS TrueStdio WorkSpace\STM32_FreeRTOS_Queue_Processing\Third-Party\SEGGER\Config -ID:\courses\Embedded Systems\Udemy Courses STM32\Mastering RTOS 2020\RTOS TrueStdio WorkSpace\STM32_FreeRTOS_Queue_Processing\Third-Party\SEGGER\OS -ID:\courses\Embedded Systems\Udemy Courses STM32\Mastering RTOS 2020\RTOS TrueStdio WorkSpace\STM32_FreeRTOS_Queue_Processing\Third-Party\SEGGER\SEGGER -I../src -ID:\courses\Embedded Systems\Udemy Courses STM32\Mastering RTOS 2020\RTOS TrueStdio WorkSpace\STM32_FreeRTOS_Queue_Processing\Config -I../Libraries/STM32F10x_StdPeriph_Driver/inc -I../Libraries/CMSIS/Device/ST/STM32F10x/Include -I../Libraries/CMSIS/Include -O0 -ffunction-sections -fdata-sections -g -fstack-usage -Wall -specs=nano.specs -o Third-Party\FreeRTOS\org\Source\list.o 
arm-atollic-eabi-gcc -c ..\Third-Party\SEGGER\Config\SEGGER_SYSVIEW_Config_FreeRTOS.c -mthumb -mcpu=cortex-m3 -std=gnu11 -DSTM32F10X_MD -DUSE_STDPERIPH_DRIVER -ID:\courses\Embedded Systems\Udemy Courses STM32\Mastering RTOS 2020\RTOS TrueStdio WorkSpace\STM32_FreeRTOS_Queue_Processing\Third-Party\FreeRTOS\org\Source\include -ID:\courses\Embedded Systems\Udemy Courses STM32\Mastering RTOS 2020\RTOS TrueStdio WorkSpace\STM32_FreeRTOS_Queue_Processing\Third-Party\FreeRTOS\org\Source\portable\GCC\ARM_CM3 -ID:\courses\Embedded Systems\Udemy Courses STM32\Mastering RTOS 2020\RTOS TrueStdio WorkSpace\STM32_FreeRTOS_Queue_Processing\Third-Party\SEGGER\Config -ID:\courses\Embedded Systems\Udemy Courses STM32\Mastering RTOS 2020\RTOS TrueStdio WorkSpace\STM32_FreeRTOS_Queue_Processing\Third-Party\SEGGER\OS -ID:\courses\Embedded Systems\Udemy Courses STM32\Mastering RTOS 2020\RTOS TrueStdio WorkSpace\STM32_FreeRTOS_Queue_Processing\Third-Party\SEGGER\SEGGER -I../src -ID:\courses\Embedded Systems\Udemy Courses STM32\Mastering RTOS 2020\RTOS TrueStdio WorkSpace\STM32_FreeRTOS_Queue_Processing\Config -I../Libraries/STM32F10x_StdPeriph_Driver/inc -I../Libraries/CMSIS/Device/ST/STM32F10x/Include -I../Libraries/CMSIS/Include -O0 -ffunction-sections -fdata-sections -g -fstack-usage -Wall -specs=nano.specs -o Third-Party\SEGGER\Config\SEGGER_SYSVIEW_Config_FreeRTOS.o 
arm-atollic-eabi-gcc -c ..\Third-Party\FreeRTOS\org\Source\portable\GCC\ARM_CM3\port.c -mthumb -mcpu=cortex-m3 -std=gnu11 -DSTM32F10X_MD -DUSE_STDPERIPH_DRIVER -ID:\courses\Embedded Systems\Udemy Courses STM32\Mastering RTOS 2020\RTOS TrueStdio WorkSpace\STM32_FreeRTOS_Queue_Processing\Third-Party\FreeRTOS\org\Source\include -ID:\courses\Embedded Systems\Udemy Courses STM32\Mastering RTOS 2020\RTOS TrueStdio WorkSpace\STM32_FreeRTOS_Queue_Processing\Third-Party\FreeRTOS\org\Source\portable\GCC\ARM_CM3 -ID:\courses\Embedded Systems\Udemy Courses STM32\Mastering RTOS 2020\RTOS TrueStdio WorkSpace\STM32_FreeRTOS_Queue_Processing\Third-Party\SEGGER\Config -ID:\courses\Embedded Systems\Udemy Courses STM32\Mastering RTOS 2020\RTOS TrueStdio WorkSpace\STM32_FreeRTOS_Queue_Processing\Third-Party\SEGGER\OS -ID:\courses\Embedded Systems\Udemy Courses STM32\Mastering RTOS 2020\RTOS TrueStdio WorkSpace\STM32_FreeRTOS_Queue_Processing\Third-Party\SEGGER\SEGGER -I../src -ID:\courses\Embedded Systems\Udemy Courses STM32\Mastering RTOS 2020\RTOS TrueStdio WorkSpace\STM32_FreeRTOS_Queue_Processing\Config -I../Libraries/STM32F10x_StdPeriph_Driver/inc -I../Libraries/CMSIS/Device/ST/STM32F10x/Include -I../Libraries/CMSIS/Include -O0 -ffunction-sections -fdata-sections -g -fstack-usage -Wall -specs=nano.specs -o Third-Party\FreeRTOS\org\Source\portable\GCC\ARM_CM3\port.o 
arm-atollic-eabi-gcc -c ..\Third-Party\FreeRTOS\org\Source\queue.c -mthumb -mcpu=cortex-m3 -std=gnu11 -DSTM32F10X_MD -DUSE_STDPERIPH_DRIVER -ID:\courses\Embedded Systems\Udemy Courses STM32\Mastering RTOS 2020\RTOS TrueStdio WorkSpace\STM32_FreeRTOS_Queue_Processing\Third-Party\FreeRTOS\org\Source\include -ID:\courses\Embedded Systems\Udemy Courses STM32\Mastering RTOS 2020\RTOS TrueStdio WorkSpace\STM32_FreeRTOS_Queue_Processing\Third-Party\FreeRTOS\org\Source\portable\GCC\ARM_CM3 -ID:\courses\Embedded Systems\Udemy Courses STM32\Mastering RTOS 2020\RTOS TrueStdio WorkSpace\STM32_FreeRTOS_Queue_Processing\Third-Party\SEGGER\Config -ID:\courses\Embedded Systems\Udemy Courses STM32\Mastering RTOS 2020\RTOS TrueStdio WorkSpace\STM32_FreeRTOS_Queue_Processing\Third-Party\SEGGER\OS -ID:\courses\Embedded Systems\Udemy Courses STM32\Mastering RTOS 2020\RTOS TrueStdio WorkSpace\STM32_FreeRTOS_Queue_Processing\Third-Party\SEGGER\SEGGER -I../src -ID:\courses\Embedded Systems\Udemy Courses STM32\Mastering RTOS 2020\RTOS TrueStdio WorkSpace\STM32_FreeRTOS_Queue_Processing\Config -I../Libraries/STM32F10x_StdPeriph_Driver/inc -I../Libraries/CMSIS/Device/ST/STM32F10x/Include -I../Libraries/CMSIS/Include -O0 -ffunction-sections -fdata-sections -g -fstack-usage -Wall -specs=nano.specs -o Third-Party\FreeRTOS\org\Source\queue.o 
arm-atollic-eabi-gcc -c ..\Third-Party\FreeRTOS\org\Source\stream_buffer.c -mthumb -mcpu=cortex-m3 -std=gnu11 -DSTM32F10X_MD -DUSE_STDPERIPH_DRIVER -ID:\courses\Embedded Systems\Udemy Courses STM32\Mastering RTOS 2020\RTOS TrueStdio WorkSpace\STM32_FreeRTOS_Queue_Processing\Third-Party\FreeRTOS\org\Source\include -ID:\courses\Embedded Systems\Udemy Courses STM32\Mastering RTOS 2020\RTOS TrueStdio WorkSpace\STM32_FreeRTOS_Queue_Processing\Third-Party\FreeRTOS\org\Source\portable\GCC\ARM_CM3 -ID:\courses\Embedded Systems\Udemy Courses STM32\Mastering RTOS 2020\RTOS TrueStdio WorkSpace\STM32_FreeRTOS_Queue_Processing\Third-Party\SEGGER\Config -ID:\courses\Embedded Systems\Udemy Courses STM32\Mastering RTOS 2020\RTOS TrueStdio WorkSpace\STM32_FreeRTOS_Queue_Processing\Third-Party\SEGGER\OS -ID:\courses\Embedded Systems\Udemy Courses STM32\Mastering RTOS 2020\RTOS TrueStdio WorkSpace\STM32_FreeRTOS_Queue_Processing\Third-Party\SEGGER\SEGGER -I../src -ID:\courses\Embedded Systems\Udemy Courses STM32\Mastering RTOS 2020\RTOS TrueStdio WorkSpace\STM32_FreeRTOS_Queue_Processing\Config -I../Libraries/STM32F10x_StdPeriph_Driver/inc -I../Libraries/CMSIS/Device/ST/STM32F10x/Include -I../Libraries/CMSIS/Include -O0 -ffunction-sections -fdata-sections -g -fstack-usage -Wall -specs=nano.specs -o Third-Party\FreeRTOS\org\Source\stream_buffer.o 
arm-atollic-eabi-gcc -c ..\Third-Party\FreeRTOS\org\Source\croutine.c -mthumb -mcpu=cortex-m3 -std=gnu11 -DSTM32F10X_MD -DUSE_STDPERIPH_DRIVER -ID:\courses\Embedded Systems\Udemy Courses STM32\Mastering RTOS 2020\RTOS TrueStdio WorkSpace\STM32_FreeRTOS_Queue_Processing\Third-Party\FreeRTOS\org\Source\include -ID:\courses\Embedded Systems\Udemy Courses STM32\Mastering RTOS 2020\RTOS TrueStdio WorkSpace\STM32_FreeRTOS_Queue_Processing\Third-Party\FreeRTOS\org\Source\portable\GCC\ARM_CM3 -ID:\courses\Embedded Systems\Udemy Courses STM32\Mastering RTOS 2020\RTOS TrueStdio WorkSpace\STM32_FreeRTOS_Queue_Processing\Third-Party\SEGGER\Config -ID:\courses\Embedded Systems\Udemy Courses STM32\Mastering RTOS 2020\RTOS TrueStdio WorkSpace\STM32_FreeRTOS_Queue_Processing\Third-Party\SEGGER\OS -ID:\courses\Embedded Systems\Udemy Courses STM32\Mastering RTOS 2020\RTOS TrueStdio WorkSpace\STM32_FreeRTOS_Queue_Processing\Third-Party\SEGGER\SEGGER -I../src -ID:\courses\Embedded Systems\Udemy Courses STM32\Mastering RTOS 2020\RTOS TrueStdio WorkSpace\STM32_FreeRTOS_Queue_Processing\Config -I../Libraries/STM32F10x_StdPeriph_Driver/inc -I../Libraries/CMSIS/Device/ST/STM32F10x/Include -I../Libraries/CMSIS/Include -O0 -ffunction-sections -fdata-sections -g -fstack-usage -Wall -specs=nano.specs -o Third-Party\FreeRTOS\org\Source\croutine.o 
arm-atollic-eabi-gcc -c ..\src\main.c -mthumb -mcpu=cortex-m3 -std=gnu11 -DSTM32F10X_MD -DUSE_STDPERIPH_DRIVER -ID:\courses\Embedded Systems\Udemy Courses STM32\Mastering RTOS 2020\RTOS TrueStdio WorkSpace\STM32_FreeRTOS_Queue_Processing\Third-Party\FreeRTOS\org\Source\include -ID:\courses\Embedded Systems\Udemy Courses STM32\Mastering RTOS 2020\RTOS TrueStdio WorkSpace\STM32_FreeRTOS_Queue_Processing\Third-Party\FreeRTOS\org\Source\portable\GCC\ARM_CM3 -ID:\courses\Embedded Systems\Udemy Courses STM32\Mastering RTOS 2020\RTOS TrueStdio WorkSpace\STM32_FreeRTOS_Queue_Processing\Third-Party\SEGGER\Config -ID:\courses\Embedded Systems\Udemy Courses STM32\Mastering RTOS 2020\RTOS TrueStdio WorkSpace\STM32_FreeRTOS_Queue_Processing\Third-Party\SEGGER\OS -ID:\courses\Embedded Systems\Udemy Courses STM32\Mastering RTOS 2020\RTOS TrueStdio WorkSpace\STM32_FreeRTOS_Queue_Processing\Third-Party\SEGGER\SEGGER -I../src -ID:\courses\Embedded Systems\Udemy Courses STM32\Mastering RTOS 2020\RTOS TrueStdio WorkSpace\STM32_FreeRTOS_Queue_Processing\Config -I../Libraries/STM32F10x_StdPeriph_Driver/inc -I../Libraries/CMSIS/Device/ST/STM32F10x/Include -I../Libraries/CMSIS/Include -O0 -ffunction-sections -fdata-sections -g -fstack-usage -Wall -specs=nano.specs -o src\main.o 
..\src\main.c: In function 'vTask3_cmd_processing':
..\src\main.c:209:27: warning: implicit declaration of function 'Exit_App' [-Wimplicit-function-declaration]
   case Exit_APP_COMMAND : Exit_App();
                           ^~~~~~~~
..\src\main.c: At top level:
..\src\main.c:446:6: warning: conflicting types for 'Exit_App'
 void Exit_App(void)
      ^~~~~~~~
..\src\main.c:209:27: note: previous implicit declaration of 'Exit_App' was here
   case Exit_APP_COMMAND : Exit_App();
                           ^~~~~~~~
arm-atollic-eabi-gcc -c ..\Third-Party\FreeRTOS\org\Source\event_groups.c -mthumb -mcpu=cortex-m3 -std=gnu11 -DSTM32F10X_MD -DUSE_STDPERIPH_DRIVER -ID:\courses\Embedded Systems\Udemy Courses STM32\Mastering RTOS 2020\RTOS TrueStdio WorkSpace\STM32_FreeRTOS_Queue_Processing\Third-Party\FreeRTOS\org\Source\include -ID:\courses\Embedded Systems\Udemy Courses STM32\Mastering RTOS 2020\RTOS TrueStdio WorkSpace\STM32_FreeRTOS_Queue_Processing\Third-Party\FreeRTOS\org\Source\portable\GCC\ARM_CM3 -ID:\courses\Embedded Systems\Udemy Courses STM32\Mastering RTOS 2020\RTOS TrueStdio WorkSpace\STM32_FreeRTOS_Queue_Processing\Third-Party\SEGGER\Config -ID:\courses\Embedded Systems\Udemy Courses STM32\Mastering RTOS 2020\RTOS TrueStdio WorkSpace\STM32_FreeRTOS_Queue_Processing\Third-Party\SEGGER\OS -ID:\courses\Embedded Systems\Udemy Courses STM32\Mastering RTOS 2020\RTOS TrueStdio WorkSpace\STM32_FreeRTOS_Queue_Processing\Third-Party\SEGGER\SEGGER -I../src -ID:\courses\Embedded Systems\Udemy Courses STM32\Mastering RTOS 2020\RTOS TrueStdio WorkSpace\STM32_FreeRTOS_Queue_Processing\Config -I../Libraries/STM32F10x_StdPeriph_Driver/inc -I../Libraries/CMSIS/Device/ST/STM32F10x/Include -I../Libraries/CMSIS/Include -O0 -ffunction-sections -fdata-sections -g -fstack-usage -Wall -specs=nano.specs -o Third-Party\FreeRTOS\org\Source\event_groups.o 
arm-atollic-eabi-gcc -c ..\Third-Party\FreeRTOS\org\Source\timers.c -mthumb -mcpu=cortex-m3 -std=gnu11 -DSTM32F10X_MD -DUSE_STDPERIPH_DRIVER -ID:\courses\Embedded Systems\Udemy Courses STM32\Mastering RTOS 2020\RTOS TrueStdio WorkSpace\STM32_FreeRTOS_Queue_Processing\Third-Party\FreeRTOS\org\Source\include -ID:\courses\Embedded Systems\Udemy Courses STM32\Mastering RTOS 2020\RTOS TrueStdio WorkSpace\STM32_FreeRTOS_Queue_Processing\Third-Party\FreeRTOS\org\Source\portable\GCC\ARM_CM3 -ID:\courses\Embedded Systems\Udemy Courses STM32\Mastering RTOS 2020\RTOS TrueStdio WorkSpace\STM32_FreeRTOS_Queue_Processing\Third-Party\SEGGER\Config -ID:\courses\Embedded Systems\Udemy Courses STM32\Mastering RTOS 2020\RTOS TrueStdio WorkSpace\STM32_FreeRTOS_Queue_Processing\Third-Party\SEGGER\OS -ID:\courses\Embedded Systems\Udemy Courses STM32\Mastering RTOS 2020\RTOS TrueStdio WorkSpace\STM32_FreeRTOS_Queue_Processing\Third-Party\SEGGER\SEGGER -I../src -ID:\courses\Embedded Systems\Udemy Courses STM32\Mastering RTOS 2020\RTOS TrueStdio WorkSpace\STM32_FreeRTOS_Queue_Processing\Config -I../Libraries/STM32F10x_StdPeriph_Driver/inc -I../Libraries/CMSIS/Device/ST/STM32F10x/Include -I../Libraries/CMSIS/Include -O0 -ffunction-sections -fdata-sections -g -fstack-usage -Wall -specs=nano.specs -o Third-Party\FreeRTOS\org\Source\timers.o 
arm-atollic-eabi-gcc -c ..\Third-Party\FreeRTOS\org\Source\tasks.c -mthumb -mcpu=cortex-m3 -std=gnu11 -DSTM32F10X_MD -DUSE_STDPERIPH_DRIVER -ID:\courses\Embedded Systems\Udemy Courses STM32\Mastering RTOS 2020\RTOS TrueStdio WorkSpace\STM32_FreeRTOS_Queue_Processing\Third-Party\FreeRTOS\org\Source\include -ID:\courses\Embedded Systems\Udemy Courses STM32\Mastering RTOS 2020\RTOS TrueStdio WorkSpace\STM32_FreeRTOS_Queue_Processing\Third-Party\FreeRTOS\org\Source\portable\GCC\ARM_CM3 -ID:\courses\Embedded Systems\Udemy Courses STM32\Mastering RTOS 2020\RTOS TrueStdio WorkSpace\STM32_FreeRTOS_Queue_Processing\Third-Party\SEGGER\Config -ID:\courses\Embedded Systems\Udemy Courses STM32\Mastering RTOS 2020\RTOS TrueStdio WorkSpace\STM32_FreeRTOS_Queue_Processing\Third-Party\SEGGER\OS -ID:\courses\Embedded Systems\Udemy Courses STM32\Mastering RTOS 2020\RTOS TrueStdio WorkSpace\STM32_FreeRTOS_Queue_Processing\Third-Party\SEGGER\SEGGER -I../src -ID:\courses\Embedded Systems\Udemy Courses STM32\Mastering RTOS 2020\RTOS TrueStdio WorkSpace\STM32_FreeRTOS_Queue_Processing\Config -I../Libraries/STM32F10x_StdPeriph_Driver/inc -I../Libraries/CMSIS/Device/ST/STM32F10x/Include -I../Libraries/CMSIS/Include -O0 -ffunction-sections -fdata-sections -g -fstack-usage -Wall -specs=nano.specs -o Third-Party\FreeRTOS\org\Source\tasks.o 
arm-atollic-eabi-gcc -c ..\Third-Party\FreeRTOS\org\Source\portable\MemMang\heap_4.c -mthumb -mcpu=cortex-m3 -std=gnu11 -DSTM32F10X_MD -DUSE_STDPERIPH_DRIVER -ID:\courses\Embedded Systems\Udemy Courses STM32\Mastering RTOS 2020\RTOS TrueStdio WorkSpace\STM32_FreeRTOS_Queue_Processing\Third-Party\FreeRTOS\org\Source\include -ID:\courses\Embedded Systems\Udemy Courses STM32\Mastering RTOS 2020\RTOS TrueStdio WorkSpace\STM32_FreeRTOS_Queue_Processing\Third-Party\FreeRTOS\org\Source\portable\GCC\ARM_CM3 -ID:\courses\Embedded Systems\Udemy Courses STM32\Mastering RTOS 2020\RTOS TrueStdio WorkSpace\STM32_FreeRTOS_Queue_Processing\Third-Party\SEGGER\Config -ID:\courses\Embedded Systems\Udemy Courses STM32\Mastering RTOS 2020\RTOS TrueStdio WorkSpace\STM32_FreeRTOS_Queue_Processing\Third-Party\SEGGER\OS -ID:\courses\Embedded Systems\Udemy Courses STM32\Mastering RTOS 2020\RTOS TrueStdio WorkSpace\STM32_FreeRTOS_Queue_Processing\Third-Party\SEGGER\SEGGER -I../src -ID:\courses\Embedded Systems\Udemy Courses STM32\Mastering RTOS 2020\RTOS TrueStdio WorkSpace\STM32_FreeRTOS_Queue_Processing\Config -I../Libraries/STM32F10x_StdPeriph_Driver/inc -I../Libraries/CMSIS/Device/ST/STM32F10x/Include -I../Libraries/CMSIS/Include -O0 -ffunction-sections -fdata-sections -g -fstack-usage -Wall -specs=nano.specs -o Third-Party\FreeRTOS\org\Source\portable\MemMang\heap_4.o 
arm-atollic-eabi-gcc -c ..\Third-Party\SEGGER\OS\SEGGER_SYSVIEW_FreeRTOS.c -mthumb -mcpu=cortex-m3 -std=gnu11 -DSTM32F10X_MD -DUSE_STDPERIPH_DRIVER -ID:\courses\Embedded Systems\Udemy Courses STM32\Mastering RTOS 2020\RTOS TrueStdio WorkSpace\STM32_FreeRTOS_Queue_Processing\Third-Party\FreeRTOS\org\Source\include -ID:\courses\Embedded Systems\Udemy Courses STM32\Mastering RTOS 2020\RTOS TrueStdio WorkSpace\STM32_FreeRTOS_Queue_Processing\Third-Party\FreeRTOS\org\Source\portable\GCC\ARM_CM3 -ID:\courses\Embedded Systems\Udemy Courses STM32\Mastering RTOS 2020\RTOS TrueStdio WorkSpace\STM32_FreeRTOS_Queue_Processing\Third-Party\SEGGER\Config -ID:\courses\Embedded Systems\Udemy Courses STM32\Mastering RTOS 2020\RTOS TrueStdio WorkSpace\STM32_FreeRTOS_Queue_Processing\Third-Party\SEGGER\OS -ID:\courses\Embedded Systems\Udemy Courses STM32\Mastering RTOS 2020\RTOS TrueStdio WorkSpace\STM32_FreeRTOS_Queue_Processing\Third-Party\SEGGER\SEGGER -I../src -ID:\courses\Embedded Systems\Udemy Courses STM32\Mastering RTOS 2020\RTOS TrueStdio WorkSpace\STM32_FreeRTOS_Queue_Processing\Config -I../Libraries/STM32F10x_StdPeriph_Driver/inc -I../Libraries/CMSIS/Device/ST/STM32F10x/Include -I../Libraries/CMSIS/Include -O0 -ffunction-sections -fdata-sections -g -fstack-usage -Wall -specs=nano.specs -o Third-Party\SEGGER\OS\SEGGER_SYSVIEW_FreeRTOS.o 
arm-atollic-eabi-gcc -o STM32_FreeRTOS_Queue_Processing.elf Libraries\STM32F10x_StdPeriph_Driver\src\misc.o Libraries\STM32F10x_StdPeriph_Driver\src\stm32f10x_adc.o Libraries\STM32F10x_StdPeriph_Driver\src\stm32f10x_bkp.o Libraries\STM32F10x_StdPeriph_Driver\src\stm32f10x_can.o Libraries\STM32F10x_StdPeriph_Driver\src\stm32f10x_cec.o Libraries\STM32F10x_StdPeriph_Driver\src\stm32f10x_crc.o Libraries\STM32F10x_StdPeriph_Driver\src\stm32f10x_dac.o Libraries\STM32F10x_StdPeriph_Driver\src\stm32f10x_dbgmcu.o Libraries\STM32F10x_StdPeriph_Driver\src\stm32f10x_dma.o Libraries\STM32F10x_StdPeriph_Driver\src\stm32f10x_exti.o Libraries\STM32F10x_StdPeriph_Driver\src\stm32f10x_flash.o Libraries\STM32F10x_StdPeriph_Driver\src\stm32f10x_fsmc.o Libraries\STM32F10x_StdPeriph_Driver\src\stm32f10x_gpio.o Libraries\STM32F10x_StdPeriph_Driver\src\stm32f10x_i2c.o Libraries\STM32F10x_StdPeriph_Driver\src\stm32f10x_iwdg.o Libraries\STM32F10x_StdPeriph_Driver\src\stm32f10x_pwr.o Libraries\STM32F10x_StdPeriph_Driver\src\stm32f10x_rcc.o Libraries\STM32F10x_StdPeriph_Driver\src\stm32f10x_rtc.o Libraries\STM32F10x_StdPeriph_Driver\src\stm32f10x_sdio.o Libraries\STM32F10x_StdPeriph_Driver\src\stm32f10x_spi.o Libraries\STM32F10x_StdPeriph_Driver\src\stm32f10x_tim.o Libraries\STM32F10x_StdPeriph_Driver\src\stm32f10x_usart.o Libraries\STM32F10x_StdPeriph_Driver\src\stm32f10x_wwdg.o Third-Party\FreeRTOS\org\Source\croutine.o Third-Party\FreeRTOS\org\Source\event_groups.o Third-Party\FreeRTOS\org\Source\list.o Third-Party\FreeRTOS\org\Source\portable\GCC\ARM_CM3\port.o Third-Party\FreeRTOS\org\Source\portable\MemMang\heap_4.o Third-Party\FreeRTOS\org\Source\queue.o Third-Party\FreeRTOS\org\Source\stream_buffer.o Third-Party\FreeRTOS\org\Source\tasks.o Third-Party\FreeRTOS\org\Source\timers.o Third-Party\SEGGER\Config\SEGGER_SYSVIEW_Config_FreeRTOS.o Third-Party\SEGGER\OS\SEGGER_SYSVIEW_FreeRTOS.o Third-Party\SEGGER\SEGGER\SEGGER_RTT.o Third-Party\SEGGER\SEGGER\SEGGER_SYSVIEW.o src\main.o src\startup_stm32f10x_md.o src\syscalls.o src\system_stm32f10x.o -mthumb -mcpu=cortex-m3 -T../stm32_flash.ld -specs=nosys.specs -static -Wl,-cref,-u,Reset_Handler -Wl,-Map=STM32_FreeRTOS_Queue_Processing.map -Wl,--gc-sections -Wl,--defsym=malloc_getpagesize_P=0x80 -Wl,--start-group -lc -lm -Wl,--end-group -specs=nano.specs 
C:\Program Files (x86)\Atollic\TrueSTUDIO for STM32 9.3.0\ide\jre\bin\java -jar C:\Program Files (x86)\Atollic\TrueSTUDIO for STM32 9.3.0\Tools\arm-atollic-reports.jar convert-hex sizeinfo list STM32_FreeRTOS_Queue_Processing.elf 
Generate build reports...
Converting build output to hex
Output sent to: STM32_FreeRTOS_Queue_Processing.hex
Converting build output to hex done
Print size information
   text	   data	    bss	    dec	    hex	filename
  22892	    312	  16888	  40092	   9c9c	STM32_FreeRTOS_Queue_Processing.elf
Print size information done
Generate listing file
Output sent to: STM32_FreeRTOS_Queue_Processing.list
Generate listing file done
Generate build reports done
13:03:35 **** Incremental Build of configuration Debug for project STM32_FreeRTOS_Queue_Processing ****
Info: Internal Builder is used for build
arm-atollic-eabi-gcc -c ..\src\main.c -mthumb -mcpu=cortex-m3 -std=gnu11 -DSTM32F10X_MD -DUSE_STDPERIPH_DRIVER -ID:\courses\Embedded Systems\Udemy Courses STM32\Mastering RTOS 2020\RTOS TrueStdio WorkSpace\STM32_FreeRTOS_Queue_Processing\Third-Party\FreeRTOS\org\Source\include -ID:\courses\Embedded Systems\Udemy Courses STM32\Mastering RTOS 2020\RTOS TrueStdio WorkSpace\STM32_FreeRTOS_Queue_Processing\Third-Party\FreeRTOS\org\Source\portable\GCC\ARM_CM3 -ID:\courses\Embedded Systems\Udemy Courses STM32\Mastering RTOS 2020\RTOS TrueStdio WorkSpace\STM32_FreeRTOS_Queue_Processing\Third-Party\SEGGER\Config -ID:\courses\Embedded Systems\Udemy Courses STM32\Mastering RTOS 2020\RTOS TrueStdio WorkSpace\STM32_FreeRTOS_Queue_Processing\Third-Party\SEGGER\OS -ID:\courses\Embedded Systems\Udemy Courses STM32\Mastering RTOS 2020\RTOS TrueStdio WorkSpace\STM32_FreeRTOS_Queue_Processing\Third-Party\SEGGER\SEGGER -I../src -ID:\courses\Embedded Systems\Udemy Courses STM32\Mastering RTOS 2020\RTOS TrueStdio WorkSpace\STM32_FreeRTOS_Queue_Processing\Config -I../Libraries/STM32F10x_StdPeriph_Driver/inc -I../Libraries/CMSIS/Device/ST/STM32F10x/Include -I../Libraries/CMSIS/Include -O0 -ffunction-sections -fdata-sections -g -fstack-usage -Wall -specs=nano.specs -o src\main.o 
arm-atollic-eabi-gcc -o STM32_FreeRTOS_Queue_Processing.elf Libraries\STM32F10x_StdPeriph_Driver\src\misc.o Libraries\STM32F10x_StdPeriph_Driver\src\stm32f10x_adc.o Libraries\STM32F10x_StdPeriph_Driver\src\stm32f10x_bkp.o Libraries\STM32F10x_StdPeriph_Driver\src\stm32f10x_can.o Libraries\STM32F10x_StdPeriph_Driver\src\stm32f10x_cec.o Libraries\STM32F10x_StdPeriph_Driver\src\stm32f10x_crc.o Libraries\STM32F10x_StdPeriph_Driver\src\stm32f10x_dac.o Libraries\STM32F10x_StdPeriph_Driver\src\stm32f10x_dbgmcu.o Libraries\STM32F10x_StdPeriph_Driver\src\stm32f10x_dma.o Libraries\STM32F10x_StdPeriph_Driver\src\stm32f10x_exti.o Libraries\STM32F10x_StdPeriph_Driver\src\stm32f10x_flash.o Libraries\STM32F10x_StdPeriph_Driver\src\stm32f10x_fsmc.o Libraries\STM32F10x_StdPeriph_Driver\src\stm32f10x_gpio.o Libraries\STM32F10x_StdPeriph_Driver\src\stm32f10x_i2c.o Libraries\STM32F10x_StdPeriph_Driver\src\stm32f10x_iwdg.o Libraries\STM32F10x_StdPeriph_Driver\src\stm32f10x_pwr.o Libraries\STM32F10x_StdPeriph_Driver\src\stm32f10x_rcc.o Libraries\STM32F10x_StdPeriph_Driver\src\stm32f10x_rtc.o Libraries\STM32F10x_StdPeriph_Driver\src\stm32f10x_sdio.o Libraries\STM32F10x_StdPeriph_Driver\src\stm32f10x_spi.o Libraries\STM32F10x_StdPeriph_Driver\src\stm32f10x_tim.o Libraries\STM32F10x_StdPeriph_Driver\src\stm32f10x_usart.o Libraries\STM32F10x_StdPeriph_Driver\src\stm32f10x_wwdg.o Third-Party\FreeRTOS\org\Source\croutine.o Third-Party\FreeRTOS\org\Source\event_groups.o Third-Party\FreeRTOS\org\Source\list.o Third-Party\FreeRTOS\org\Source\portable\GCC\ARM_CM3\port.o Third-Party\FreeRTOS\org\Source\portable\MemMang\heap_4.o Third-Party\FreeRTOS\org\Source\queue.o Third-Party\FreeRTOS\org\Source\stream_buffer.o Third-Party\FreeRTOS\org\Source\tasks.o Third-Party\FreeRTOS\org\Source\timers.o Third-Party\SEGGER\Config\SEGGER_SYSVIEW_Config_FreeRTOS.o Third-Party\SEGGER\OS\SEGGER_SYSVIEW_FreeRTOS.o Third-Party\SEGGER\SEGGER\SEGGER_RTT.o Third-Party\SEGGER\SEGGER\SEGGER_SYSVIEW.o src\main.o src\startup_stm32f10x_md.o src\syscalls.o src\system_stm32f10x.o -mthumb -mcpu=cortex-m3 -T../stm32_flash.ld -specs=nosys.specs -static -Wl,-cref,-u,Reset_Handler -Wl,-Map=STM32_FreeRTOS_Queue_Processing.map -Wl,--gc-sections -Wl,--defsym=malloc_getpagesize_P=0x80 -Wl,--start-group -lc -lm -Wl,--end-group -specs=nano.specs 
C:\Program Files (x86)\Atollic\TrueSTUDIO for STM32 9.3.0\ide\jre\bin\java -jar C:\Program Files (x86)\Atollic\TrueSTUDIO for STM32 9.3.0\Tools\arm-atollic-reports.jar convert-hex sizeinfo list STM32_FreeRTOS_Queue_Processing.elf 
Generate build reports...
Converting build output to hex
Output sent to: STM32_FreeRTOS_Queue_Processing.hex
Converting build output to hex done
Print size information
   text	   data	    bss	    dec	    hex	filename
  22892	    312	  16888	  40092	   9c9c	STM32_FreeRTOS_Queue_Processing.elf
Print size information done
Generate listing file
Output sent to: STM32_FreeRTOS_Queue_Processing.list
Generate listing file done
Generate build reports done
Info: Nothing to build for STM32_FreeRTOS_Queue_Processing
21:34:29 **** Rebuild of configuration Debug for project STM32_FreeRTOS_Semaph_Bin ****
Info: Internal Builder is used for build
arm-atollic-eabi-gcc -c ..\Libraries\STM32F10x_StdPeriph_Driver\src\stm32f10x_fsmc.c -mthumb -mcpu=cortex-m3 -std=gnu11 -DSTM32F10X_MD -DUSE_STDPERIPH_DRIVER -I../src -I../Libraries/STM32F10x_StdPeriph_Driver/inc -I../Libraries/CMSIS/Device/ST/STM32F10x/Include -I../Libraries/CMSIS/Include -O0 -ffunction-sections -fdata-sections -g -fstack-usage -Wall -specs=nano.specs -o Libraries\STM32F10x_StdPeriph_Driver\src\stm32f10x_fsmc.o 
arm-atollic-eabi-gcc -c ..\src\syscalls.c -mthumb -mcpu=cortex-m3 -std=gnu11 -DSTM32F10X_MD -DUSE_STDPERIPH_DRIVER -I../src -I../Libraries/STM32F10x_StdPeriph_Driver/inc -I../Libraries/CMSIS/Device/ST/STM32F10x/Include -I../Libraries/CMSIS/Include -O0 -ffunction-sections -fdata-sections -g -fstack-usage -Wall -specs=nano.specs -o src\syscalls.o 
arm-atollic-eabi-gcc -c ..\Libraries\STM32F10x_StdPeriph_Driver\src\stm32f10x_flash.c -mthumb -mcpu=cortex-m3 -std=gnu11 -DSTM32F10X_MD -DUSE_STDPERIPH_DRIVER -I../src -I../Libraries/STM32F10x_StdPeriph_Driver/inc -I../Libraries/CMSIS/Device/ST/STM32F10x/Include -I../Libraries/CMSIS/Include -O0 -ffunction-sections -fdata-sections -g -fstack-usage -Wall -specs=nano.specs -o Libraries\STM32F10x_StdPeriph_Driver\src\stm32f10x_flash.o 
arm-atollic-eabi-gcc -c ..\Libraries\STM32F10x_StdPeriph_Driver\src\stm32f10x_i2c.c -mthumb -mcpu=cortex-m3 -std=gnu11 -DSTM32F10X_MD -DUSE_STDPERIPH_DRIVER -I../src -I../Libraries/STM32F10x_StdPeriph_Driver/inc -I../Libraries/CMSIS/Device/ST/STM32F10x/Include -I../Libraries/CMSIS/Include -O0 -ffunction-sections -fdata-sections -g -fstack-usage -Wall -specs=nano.specs -o Libraries\STM32F10x_StdPeriph_Driver\src\stm32f10x_i2c.o 
arm-atollic-eabi-gcc -c ..\Libraries\STM32F10x_StdPeriph_Driver\src\stm32f10x_dma.c -mthumb -mcpu=cortex-m3 -std=gnu11 -DSTM32F10X_MD -DUSE_STDPERIPH_DRIVER -I../src -I../Libraries/STM32F10x_StdPeriph_Driver/inc -I../Libraries/CMSIS/Device/ST/STM32F10x/Include -I../Libraries/CMSIS/Include -O0 -ffunction-sections -fdata-sections -g -fstack-usage -Wall -specs=nano.specs -o Libraries\STM32F10x_StdPeriph_Driver\src\stm32f10x_dma.o 
arm-atollic-eabi-gcc -c ..\src\system_stm32f10x.c -mthumb -mcpu=cortex-m3 -std=gnu11 -DSTM32F10X_MD -DUSE_STDPERIPH_DRIVER -I../src -I../Libraries/STM32F10x_StdPeriph_Driver/inc -I../Libraries/CMSIS/Device/ST/STM32F10x/Include -I../Libraries/CMSIS/Include -O0 -ffunction-sections -fdata-sections -g -fstack-usage -Wall -specs=nano.specs -o src\system_stm32f10x.o 
arm-atollic-eabi-gcc -c ..\Libraries\STM32F10x_StdPeriph_Driver\src\stm32f10x_rtc.c -mthumb -mcpu=cortex-m3 -std=gnu11 -DSTM32F10X_MD -DUSE_STDPERIPH_DRIVER -I../src -I../Libraries/STM32F10x_StdPeriph_Driver/inc -I../Libraries/CMSIS/Device/ST/STM32F10x/Include -I../Libraries/CMSIS/Include -O0 -ffunction-sections -fdata-sections -g -fstack-usage -Wall -specs=nano.specs -o Libraries\STM32F10x_StdPeriph_Driver\src\stm32f10x_rtc.o 
arm-atollic-eabi-gcc -c ..\Libraries\STM32F10x_StdPeriph_Driver\src\stm32f10x_adc.c -mthumb -mcpu=cortex-m3 -std=gnu11 -DSTM32F10X_MD -DUSE_STDPERIPH_DRIVER -I../src -I../Libraries/STM32F10x_StdPeriph_Driver/inc -I../Libraries/CMSIS/Device/ST/STM32F10x/Include -I../Libraries/CMSIS/Include -O0 -ffunction-sections -fdata-sections -g -fstack-usage -Wall -specs=nano.specs -o Libraries\STM32F10x_StdPeriph_Driver\src\stm32f10x_adc.o 
arm-atollic-eabi-gcc -c ..\Libraries\STM32F10x_StdPeriph_Driver\src\stm32f10x_rcc.c -mthumb -mcpu=cortex-m3 -std=gnu11 -DSTM32F10X_MD -DUSE_STDPERIPH_DRIVER -I../src -I../Libraries/STM32F10x_StdPeriph_Driver/inc -I../Libraries/CMSIS/Device/ST/STM32F10x/Include -I../Libraries/CMSIS/Include -O0 -ffunction-sections -fdata-sections -g -fstack-usage -Wall -specs=nano.specs -o Libraries\STM32F10x_StdPeriph_Driver\src\stm32f10x_rcc.o 
arm-atollic-eabi-gcc -c ..\Libraries\STM32F10x_StdPeriph_Driver\src\stm32f10x_spi.c -mthumb -mcpu=cortex-m3 -std=gnu11 -DSTM32F10X_MD -DUSE_STDPERIPH_DRIVER -I../src -I../Libraries/STM32F10x_StdPeriph_Driver/inc -I../Libraries/CMSIS/Device/ST/STM32F10x/Include -I../Libraries/CMSIS/Include -O0 -ffunction-sections -fdata-sections -g -fstack-usage -Wall -specs=nano.specs -o Libraries\STM32F10x_StdPeriph_Driver\src\stm32f10x_spi.o 
arm-atollic-eabi-gcc -c ..\Libraries\STM32F10x_StdPeriph_Driver\src\stm32f10x_crc.c -mthumb -mcpu=cortex-m3 -std=gnu11 -DSTM32F10X_MD -DUSE_STDPERIPH_DRIVER -I../src -I../Libraries/STM32F10x_StdPeriph_Driver/inc -I../Libraries/CMSIS/Device/ST/STM32F10x/Include -I../Libraries/CMSIS/Include -O0 -ffunction-sections -fdata-sections -g -fstack-usage -Wall -specs=nano.specs -o Libraries\STM32F10x_StdPeriph_Driver\src\stm32f10x_crc.o 
arm-atollic-eabi-gcc -c ..\Libraries\STM32F10x_StdPeriph_Driver\src\stm32f10x_bkp.c -mthumb -mcpu=cortex-m3 -std=gnu11 -DSTM32F10X_MD -DUSE_STDPERIPH_DRIVER -I../src -I../Libraries/STM32F10x_StdPeriph_Driver/inc -I../Libraries/CMSIS/Device/ST/STM32F10x/Include -I../Libraries/CMSIS/Include -O0 -ffunction-sections -fdata-sections -g -fstack-usage -Wall -specs=nano.specs -o Libraries\STM32F10x_StdPeriph_Driver\src\stm32f10x_bkp.o 
arm-atollic-eabi-gcc -c ..\Libraries\STM32F10x_StdPeriph_Driver\src\stm32f10x_dac.c -mthumb -mcpu=cortex-m3 -std=gnu11 -DSTM32F10X_MD -DUSE_STDPERIPH_DRIVER -I../src -I../Libraries/STM32F10x_StdPeriph_Driver/inc -I../Libraries/CMSIS/Device/ST/STM32F10x/Include -I../Libraries/CMSIS/Include -O0 -ffunction-sections -fdata-sections -g -fstack-usage -Wall -specs=nano.specs -o Libraries\STM32F10x_StdPeriph_Driver\src\stm32f10x_dac.o 
arm-atollic-eabi-gcc -c ..\Libraries\STM32F10x_StdPeriph_Driver\src\stm32f10x_pwr.c -mthumb -mcpu=cortex-m3 -std=gnu11 -DSTM32F10X_MD -DUSE_STDPERIPH_DRIVER -I../src -I../Libraries/STM32F10x_StdPeriph_Driver/inc -I../Libraries/CMSIS/Device/ST/STM32F10x/Include -I../Libraries/CMSIS/Include -O0 -ffunction-sections -fdata-sections -g -fstack-usage -Wall -specs=nano.specs -o Libraries\STM32F10x_StdPeriph_Driver\src\stm32f10x_pwr.o 
arm-atollic-eabi-gcc -c -mthumb -mcpu=cortex-m3 -DSTM32F10X_MD -DUSE_STDPERIPH_DRIVER -I../src -I../Libraries/STM32F10x_StdPeriph_Driver/inc -I../Libraries/CMSIS/Device/ST/STM32F10x/Include -I../Libraries/CMSIS/Include -g -Wa,--warn -x assembler-with-cpp -specs=nano.specs -o src\startup_stm32f10x_md.o ..\src\startup_stm32f10x_md.s 
arm-atollic-eabi-gcc -c ..\Libraries\STM32F10x_StdPeriph_Driver\src\stm32f10x_sdio.c -mthumb -mcpu=cortex-m3 -std=gnu11 -DSTM32F10X_MD -DUSE_STDPERIPH_DRIVER -I../src -I../Libraries/STM32F10x_StdPeriph_Driver/inc -I../Libraries/CMSIS/Device/ST/STM32F10x/Include -I../Libraries/CMSIS/Include -O0 -ffunction-sections -fdata-sections -g -fstack-usage -Wall -specs=nano.specs -o Libraries\STM32F10x_StdPeriph_Driver\src\stm32f10x_sdio.o 
arm-atollic-eabi-gcc -c ..\Libraries\STM32F10x_StdPeriph_Driver\src\stm32f10x_wwdg.c -mthumb -mcpu=cortex-m3 -std=gnu11 -DSTM32F10X_MD -DUSE_STDPERIPH_DRIVER -I../src -I../Libraries/STM32F10x_StdPeriph_Driver/inc -I../Libraries/CMSIS/Device/ST/STM32F10x/Include -I../Libraries/CMSIS/Include -O0 -ffunction-sections -fdata-sections -g -fstack-usage -Wall -specs=nano.specs -o Libraries\STM32F10x_StdPeriph_Driver\src\stm32f10x_wwdg.o 
arm-atollic-eabi-gcc -c ..\Libraries\STM32F10x_StdPeriph_Driver\src\stm32f10x_exti.c -mthumb -mcpu=cortex-m3 -std=gnu11 -DSTM32F10X_MD -DUSE_STDPERIPH_DRIVER -I../src -I../Libraries/STM32F10x_StdPeriph_Driver/inc -I../Libraries/CMSIS/Device/ST/STM32F10x/Include -I../Libraries/CMSIS/Include -O0 -ffunction-sections -fdata-sections -g -fstack-usage -Wall -specs=nano.specs -o Libraries\STM32F10x_StdPeriph_Driver\src\stm32f10x_exti.o 
arm-atollic-eabi-gcc -c ..\Libraries\STM32F10x_StdPeriph_Driver\src\stm32f10x_can.c -mthumb -mcpu=cortex-m3 -std=gnu11 -DSTM32F10X_MD -DUSE_STDPERIPH_DRIVER -I../src -I../Libraries/STM32F10x_StdPeriph_Driver/inc -I../Libraries/CMSIS/Device/ST/STM32F10x/Include -I../Libraries/CMSIS/Include -O0 -ffunction-sections -fdata-sections -g -fstack-usage -Wall -specs=nano.specs -o Libraries\STM32F10x_StdPeriph_Driver\src\stm32f10x_can.o 
arm-atollic-eabi-gcc -c ..\src\main.c -mthumb -mcpu=cortex-m3 -std=gnu11 -DSTM32F10X_MD -DUSE_STDPERIPH_DRIVER -I../src -I../Libraries/STM32F10x_StdPeriph_Driver/inc -I../Libraries/CMSIS/Device/ST/STM32F10x/Include -I../Libraries/CMSIS/Include -O0 -ffunction-sections -fdata-sections -g -fstack-usage -Wall -specs=nano.specs -o src\main.o 
arm-atollic-eabi-gcc -c ..\src\stm32f1xx_it.c -mthumb -mcpu=cortex-m3 -std=gnu11 -DSTM32F10X_MD -DUSE_STDPERIPH_DRIVER -I../src -I../Libraries/STM32F10x_StdPeriph_Driver/inc -I../Libraries/CMSIS/Device/ST/STM32F10x/Include -I../Libraries/CMSIS/Include -O0 -ffunction-sections -fdata-sections -g -fstack-usage -Wall -specs=nano.specs -o src\stm32f1xx_it.o 
arm-atollic-eabi-gcc -c ..\Libraries\STM32F10x_StdPeriph_Driver\src\stm32f10x_cec.c -mthumb -mcpu=cortex-m3 -std=gnu11 -DSTM32F10X_MD -DUSE_STDPERIPH_DRIVER -I../src -I../Libraries/STM32F10x_StdPeriph_Driver/inc -I../Libraries/CMSIS/Device/ST/STM32F10x/Include -I../Libraries/CMSIS/Include -O0 -ffunction-sections -fdata-sections -g -fstack-usage -Wall -specs=nano.specs -o Libraries\STM32F10x_StdPeriph_Driver\src\stm32f10x_cec.o 
arm-atollic-eabi-gcc -c ..\Libraries\STM32F10x_StdPeriph_Driver\src\stm32f10x_dbgmcu.c -mthumb -mcpu=cortex-m3 -std=gnu11 -DSTM32F10X_MD -DUSE_STDPERIPH_DRIVER -I../src -I../Libraries/STM32F10x_StdPeriph_Driver/inc -I../Libraries/CMSIS/Device/ST/STM32F10x/Include -I../Libraries/CMSIS/Include -O0 -ffunction-sections -fdata-sections -g -fstack-usage -Wall -specs=nano.specs -o Libraries\STM32F10x_StdPeriph_Driver\src\stm32f10x_dbgmcu.o 
arm-atollic-eabi-gcc -c ..\Libraries\STM32F10x_StdPeriph_Driver\src\stm32f10x_gpio.c -mthumb -mcpu=cortex-m3 -std=gnu11 -DSTM32F10X_MD -DUSE_STDPERIPH_DRIVER -I../src -I../Libraries/STM32F10x_StdPeriph_Driver/inc -I../Libraries/CMSIS/Device/ST/STM32F10x/Include -I../Libraries/CMSIS/Include -O0 -ffunction-sections -fdata-sections -g -fstack-usage -Wall -specs=nano.specs -o Libraries\STM32F10x_StdPeriph_Driver\src\stm32f10x_gpio.o 
arm-atollic-eabi-gcc -c ..\Libraries\STM32F10x_StdPeriph_Driver\src\stm32f10x_usart.c -mthumb -mcpu=cortex-m3 -std=gnu11 -DSTM32F10X_MD -DUSE_STDPERIPH_DRIVER -I../src -I../Libraries/STM32F10x_StdPeriph_Driver/inc -I../Libraries/CMSIS/Device/ST/STM32F10x/Include -I../Libraries/CMSIS/Include -O0 -ffunction-sections -fdata-sections -g -fstack-usage -Wall -specs=nano.specs -o Libraries\STM32F10x_StdPeriph_Driver\src\stm32f10x_usart.o 
arm-atollic-eabi-gcc -c ..\Libraries\STM32F10x_StdPeriph_Driver\src\stm32f10x_tim.c -mthumb -mcpu=cortex-m3 -std=gnu11 -DSTM32F10X_MD -DUSE_STDPERIPH_DRIVER -I../src -I../Libraries/STM32F10x_StdPeriph_Driver/inc -I../Libraries/CMSIS/Device/ST/STM32F10x/Include -I../Libraries/CMSIS/Include -O0 -ffunction-sections -fdata-sections -g -fstack-usage -Wall -specs=nano.specs -o Libraries\STM32F10x_StdPeriph_Driver\src\stm32f10x_tim.o 
arm-atollic-eabi-gcc -c ..\Libraries\STM32F10x_StdPeriph_Driver\src\misc.c -mthumb -mcpu=cortex-m3 -std=gnu11 -DSTM32F10X_MD -DUSE_STDPERIPH_DRIVER -I../src -I../Libraries/STM32F10x_StdPeriph_Driver/inc -I../Libraries/CMSIS/Device/ST/STM32F10x/Include -I../Libraries/CMSIS/Include -O0 -ffunction-sections -fdata-sections -g -fstack-usage -Wall -specs=nano.specs -o Libraries\STM32F10x_StdPeriph_Driver\src\misc.o 
arm-atollic-eabi-gcc -c ..\Libraries\STM32F10x_StdPeriph_Driver\src\stm32f10x_iwdg.c -mthumb -mcpu=cortex-m3 -std=gnu11 -DSTM32F10X_MD -DUSE_STDPERIPH_DRIVER -I../src -I../Libraries/STM32F10x_StdPeriph_Driver/inc -I../Libraries/CMSIS/Device/ST/STM32F10x/Include -I../Libraries/CMSIS/Include -O0 -ffunction-sections -fdata-sections -g -fstack-usage -Wall -specs=nano.specs -o Libraries\STM32F10x_StdPeriph_Driver\src\stm32f10x_iwdg.o 
arm-atollic-eabi-gcc -o STM32_FreeRTOS_Semaph_Bin.elf Libraries\STM32F10x_StdPeriph_Driver\src\misc.o Libraries\STM32F10x_StdPeriph_Driver\src\stm32f10x_adc.o Libraries\STM32F10x_StdPeriph_Driver\src\stm32f10x_bkp.o Libraries\STM32F10x_StdPeriph_Driver\src\stm32f10x_can.o Libraries\STM32F10x_StdPeriph_Driver\src\stm32f10x_cec.o Libraries\STM32F10x_StdPeriph_Driver\src\stm32f10x_crc.o Libraries\STM32F10x_StdPeriph_Driver\src\stm32f10x_dac.o Libraries\STM32F10x_StdPeriph_Driver\src\stm32f10x_dbgmcu.o Libraries\STM32F10x_StdPeriph_Driver\src\stm32f10x_dma.o Libraries\STM32F10x_StdPeriph_Driver\src\stm32f10x_exti.o Libraries\STM32F10x_StdPeriph_Driver\src\stm32f10x_flash.o Libraries\STM32F10x_StdPeriph_Driver\src\stm32f10x_fsmc.o Libraries\STM32F10x_StdPeriph_Driver\src\stm32f10x_gpio.o Libraries\STM32F10x_StdPeriph_Driver\src\stm32f10x_i2c.o Libraries\STM32F10x_StdPeriph_Driver\src\stm32f10x_iwdg.o Libraries\STM32F10x_StdPeriph_Driver\src\stm32f10x_pwr.o Libraries\STM32F10x_StdPeriph_Driver\src\stm32f10x_rcc.o Libraries\STM32F10x_StdPeriph_Driver\src\stm32f10x_rtc.o Libraries\STM32F10x_StdPeriph_Driver\src\stm32f10x_sdio.o Libraries\STM32F10x_StdPeriph_Driver\src\stm32f10x_spi.o Libraries\STM32F10x_StdPeriph_Driver\src\stm32f10x_tim.o Libraries\STM32F10x_StdPeriph_Driver\src\stm32f10x_usart.o Libraries\STM32F10x_StdPeriph_Driver\src\stm32f10x_wwdg.o src\main.o src\startup_stm32f10x_md.o src\stm32f1xx_it.o src\syscalls.o src\system_stm32f10x.o -mthumb -mcpu=cortex-m3 -T../stm32_flash.ld -specs=nosys.specs -static -Wl,-cref,-u,Reset_Handler -Wl,-Map=STM32_FreeRTOS_Semaph_Bin.map -Wl,--gc-sections -Wl,--defsym=malloc_getpagesize_P=0x80 -Wl,--start-group -lc -lm -Wl,--end-group -specs=nano.specs 
C:\Program Files (x86)\Atollic\TrueSTUDIO for STM32 9.3.0\ide\jre\bin\java -jar C:\Program Files (x86)\Atollic\TrueSTUDIO for STM32 9.3.0\Tools\arm-atollic-reports.jar sizeinfo list STM32_FreeRTOS_Semaph_Bin.elf 
Generate build reports...
Print size information
   text	   data	    bss	    dec	    hex	filename
    988	      8	    284	   1280	    500	STM32_FreeRTOS_Semaph_Bin.elf
Print size information done
Generate listing file
Output sent to: STM32_FreeRTOS_Semaph_Bin.list
Generate listing file done
Generate build reports done
22:18:56 **** Incremental Build of configuration Debug for project STM32_FreeRTOS_Semaph_Bin ****
Info: Internal Builder is used for build
arm-atollic-eabi-gcc -c ..\Third-Party\FreeRTOS\org\Source\timers.c -mthumb -mcpu=cortex-m3 -std=gnu11 -DSTM32F10X_MD -DUSE_STDPERIPH_DRIVER -I../src -ID:\courses\Embedded Systems\Udemy Courses STM32\Mastering RTOS 2020\RTOS TrueStdio WorkSpace\STM32_FreeRTOS_Semaph_Bin\Third-Party\FreeRTOS\org\Source\portable\GCC\ARM_CM3 -ID:\courses\Embedded Systems\Udemy Courses STM32\Mastering RTOS 2020\RTOS TrueStdio WorkSpace\STM32_FreeRTOS_Semaph_Bin\Third-Party\FreeRTOS\org\Source\include -ID:\courses\Embedded Systems\Udemy Courses STM32\Mastering RTOS 2020\RTOS TrueStdio WorkSpace\STM32_FreeRTOS_Semaph_Bin\.settings -I../Libraries/STM32F10x_StdPeriph_Driver/inc -I../Libraries/CMSIS/Device/ST/STM32F10x/Include -I../Libraries/CMSIS/Include -O0 -ffunction-sections -fdata-sections -g -fstack-usage -Wall -specs=nano.specs -o Third-Party\FreeRTOS\org\Source\timers.o 
In file included from ..\Third-Party\FreeRTOS\org\Source\timers.c:36:0:
D:\courses\Embedded Systems\Udemy Courses STM32\Mastering RTOS 2020\RTOS TrueStdio WorkSpace\STM32_FreeRTOS_Semaph_Bin\Third-Party\FreeRTOS\org\Source\include/FreeRTOS.h:56:28: fatal error: FreeRTOSConfig.h: No such file or directory
 #include "FreeRTOSConfig.h"
                            ^
compilation terminated.
22:20:37 **** Incremental Build of configuration Debug for project STM32_FreeRTOS_Semaph_Bin ****
Info: Internal Builder is used for build
[...]
..\src\main.c:284:2: note: in expansion of macro 'xSemaphoreGiveFromISR'
  xSemaphoreGiveFromISR( xCountingSemaphore, &xHigherPriorityTaskWoken );
  ^~~~~~~~~~~~~~~~~~~~~
10:01:17 **** Incremental Build of configuration Debug for project STM32_FreeRTOS_Semaph_count ****
Info: Internal Builder is used for build
arm-atollic-eabi-gcc -c ..\src\main.c -mthumb -mcpu=cortex-m3 -std=gnu11 -DSTM32F10X_MD -DUSE_STDPERIPH_DRIVER -I../src -ID:\courses\Embedded Systems\Udemy Courses STM32\Mastering RTOS 2020\RTOS TrueStdio WorkSpace\STM32_FreeRTOS_Semaph_count\Config -ID:\courses\Embedded Systems\Udemy Courses STM32\Mastering RTOS 2020\RTOS TrueStdio WorkSpace\STM32_FreeRTOS_Semaph_count\Third-Party\FreeRTOS\org\Source\include -ID:\courses\Embedded Systems\Udemy Courses STM32\Mastering RTOS 2020\RTOS TrueStdio WorkSpace\STM32_FreeRTOS_Semaph_count\Third-Party\FreeRTOS\org\Source\portable\GCC\ARM_CM3 -I../Libraries/STM32F10x_StdPeriph_Driver/inc -I../Libraries/CMSIS/Device/ST/STM32F10x/Include -I../Libraries/CMSIS/Include -O0 -ffunction-sections -fdata-sections -g -fstack-usage -Wall -specs=nano.specs -o src\main.o 
arm-atollic-eabi-gcc -o STM32_FreeRTOS_Semaph_count.elf Libraries\STM32F10x_StdPeriph_Driver\src\misc.o Libraries\STM32F10x_StdPeriph_Driver\src\stm32f10x_adc.o Libraries\STM32F10x_StdPeriph_Driver\src\stm32f10x_bkp.o Libraries\STM32F10x_StdPeriph_Driver\src\stm32f10x_can.o Libraries\STM32F10x_StdPeriph_Driver\src\stm32f10x_cec.o Libraries\STM32F10x_StdPeriph_Driver\src\stm32f10x_crc.o Libraries\STM32F10x_StdPeriph_Driver\src\stm32f10x_dac.o Libraries\STM32F10x_StdPeriph_Driver\src\stm32f10x_dbgmcu.o Libraries\STM32F10x_StdPeriph_Driver\src\stm32f10x_dma.o Libraries\STM32F10x_StdPeriph_Driver\src\stm32f10x_exti.o Libraries\STM32F10x_StdPeriph_Driver\src\stm32f10x_flash.o Libraries\STM32F10x_StdPeriph_Driver\src\stm32f10x_fsmc.o Libraries\STM32F10x_StdPeriph_Driver\src\stm32f10x_gpio.o Libraries\STM32F10x_StdPeriph_Driver\src\stm32f10x_i2c.o Libraries\STM32F10x_StdPeriph_Driver\src\stm32f10x_iwdg.o Libraries\STM32F10x_StdPeriph_Driver\src\stm32f10x_pwr.o Libraries\STM32F10x_StdPeriph_Driver\src\stm32f10x_rcc.o Libraries\STM32F10x_StdPeriph_Driver\src\stm32f10x_rtc.o Libraries\STM32F10x_StdPeriph_Driver\src\stm32f10x_sdio.o Libraries\STM32F10x_StdPeriph_Driver\src\stm32f10x_spi.o Libraries\STM32F10x_StdPeriph_Driver\src\stm32f10x_tim.o Libraries\STM32F10x_StdPeriph_Driver\src\stm32f10x_usart.o Libraries\STM32F10x_StdPeriph_Driver\src\stm32f10x_wwdg.o Third-Party\FreeRTOS\org\Source\croutine.o Third-Party\FreeRTOS\org\Source\event_groups.o Third-Party\FreeRTOS\org\Source\list.o Third-Party\FreeRTOS\org\Source\portable\GCC\ARM_CM3\port.o Third-Party\FreeRTOS\org\Source\portable\MemMang\heap_4.o Third-Party\FreeRTOS\org\Source\queue.o Third-Party\FreeRTOS\org\Source\stream_buffer.o Third-Party\FreeRTOS\org\Source\tasks.o Third-Party\FreeRTOS\org\Source\timers.o src\main.o src\startup_stm32f10x_md.o src\syscalls.o src\system_stm32f10x.o -mthumb -mcpu=cortex-m3 -T../stm32_flash.ld -specs=nosys.specs -static -Wl,-cref,-u,Reset_Handler -Wl,-Map=STM32_FreeRTOS_Semaph_count.map -Wl,--gc-sections -Wl,--defsym=malloc_getpagesize_P=0x80 -Wl,--start-group -lc -lm -Wl,--end-group -specs=nano.specs 
src\main.o: In function `main':
D:\courses\Embedded Systems\Udemy Courses STM32\Mastering RTOS 2020\RTOS TrueStdio WorkSpace\STM32_FreeRTOS_Semaph_count\Debug/..\src/main.c:70: undefined reference to `xQueueCreateCountingSemaphore'
collect2.exe: error: ld returned 1 exit status
10:04:02 **** Incremental Build of configuration Debug for project STM32_FreeRTOS_Semaph_count ****
Info: Internal Builder is used for build
arm-atollic-eabi-gcc -c ..\Third-Party\FreeRTOS\org\Source\tasks.c -mthumb -mcpu=cortex-m3 -std=gnu11 -DSTM32F10X_MD -DUSE_STDPERIPH_DRIVER -I../src -ID:\courses\Embedded Systems\Udemy Courses STM32\Mastering RTOS 2020\RTOS TrueStdio WorkSpace\STM32_FreeRTOS_Semaph_count\Config -ID:\courses\Embedded Systems\Udemy Courses STM32\Mastering RTOS 2020\RTOS TrueStdio WorkSpace\STM32_FreeRTOS_Semaph_count\Third-Party\FreeRTOS\org\Source\include -ID:\courses\Embedded Systems\Udemy Courses STM32\Mastering RTOS 2020\RTOS TrueStdio WorkSpace\STM32_FreeRTOS_Semaph_count\Third-Party\FreeRTOS\org\Source\portable\GCC\ARM_CM3 -I../Libraries/STM32F10x_StdPeriph_Driver/inc -I../Libraries/CMSIS/Device/ST/STM32F10x/Include -I../Libraries/CMSIS/Include -O0 -ffunction-sections -fdata-sections -g -fstack-usage -Wall -specs=nano.specs -o Third-Party\FreeRTOS\org\Source\tasks.o 
arm-atollic-eabi-gcc -c ..\Third-Party\FreeRTOS\org\Source\event_groups.c -mthumb -mcpu=cortex-m3 -std=gnu11 -DSTM32F10X_MD -DUSE_STDPERIPH_DRIVER -I../src -ID:\courses\Embedded Systems\Udemy Courses STM32\Mastering RTOS 2020\RTOS TrueStdio WorkSpace\STM32_FreeRTOS_Semaph_count\Config -ID:\courses\Embedded Systems\Udemy Courses STM32\Mastering RTOS 2020\RTOS TrueStdio WorkSpace\STM32_FreeRTOS_Semaph_count\Third-Party\FreeRTOS\org\Source\include -ID:\courses\Embedded Systems\Udemy Courses STM32\Mastering RTOS 2020\RTOS TrueStdio WorkSpace\STM32_FreeRTOS_Semaph_count\Third-Party\FreeRTOS\org\Source\portable\GCC\ARM_CM3 -I../Libraries/STM32F10x_StdPeriph_Driver/inc -I../Libraries/CMSIS/Device/ST/STM32F10x/Include -I../Libraries/CMSIS/Include -O0 -ffunction-sections -fdata-sections -g -fstack-usage -Wall -specs=nano.specs -o Third-Party\FreeRTOS\org\Source\event_groups.o 
arm-atollic-eabi-gcc -c ..\Third-Party\FreeRTOS\org\Source\portable\MemMang\heap_4.c -mthumb -mcpu=cortex-m3 -std=gnu11 -DSTM32F10X_MD -DUSE_STDPERIPH_DRIVER -I../src -ID:\courses\Embedded Systems\Udemy Courses STM32\Mastering RTOS 2020\RTOS TrueStdio WorkSpace\STM32_FreeRTOS_Semaph_count\Config -ID:\courses\Embedded Systems\Udemy Courses STM32\Mastering RTOS 2020\RTOS TrueStdio WorkSpace\STM32_FreeRTOS_Semaph_count\Third-Party\FreeRTOS\org\Source\include -ID:\courses\Embedded Systems\Udemy Courses STM32\Mastering RTOS 2020\RTOS TrueStdio WorkSpace\STM32_FreeRTOS_Semaph_count\Third-Party\FreeRTOS\org\Source\portable\GCC\ARM_CM3 -I../Libraries/STM32F10x_StdPeriph_Driver/inc -I../Libraries/CMSIS/Device/ST/STM32F10x/Include -I../Libraries/CMSIS/Include -O0 -ffunction-sections -fdata-sections -g -fstack-usage -Wall -specs=nano.specs -o Third-Party\FreeRTOS\org\Source\portable\MemMang\heap_4.o 
arm-atollic-eabi-gcc -c ..\Third-Party\FreeRTOS\org\Source\croutine.c -mthumb -mcpu=cortex-m3 -std=gnu11 -DSTM32F10X_MD -DUSE_STDPERIPH_DRIVER -I../src -ID:\courses\Embedded Systems\Udemy Courses STM32\Mastering RTOS 2020\RTOS TrueStdio WorkSpace\STM32_FreeRTOS_Semaph_count\Config -ID:\courses\Embedded Systems\Udemy Courses STM32\Mastering RTOS 2020\RTOS TrueStdio WorkSpace\STM32_FreeRTOS_Semaph_count\Third-Party\FreeRTOS\org\Source\include -ID:\courses\Embedded Systems\Udemy Courses STM32\Mastering RTOS 2020\RTOS TrueStdio WorkSpace\STM32_FreeRTOS_Semaph_count\Third-Party\FreeRTOS\org\Source\portable\GCC\ARM_CM3 -I../Libraries/STM32F10x_StdPeriph_Driver/inc -I../Libraries/CMSIS/Device/ST/STM32F10x/Include -I../Libraries/CMSIS/Include -O0 -ffunction-sections -fdata-sections -g -fstack-usage -Wall -specs=nano.specs -o Third-Party\FreeRTOS\org\Source\croutine.o 
arm-atollic-eabi-gcc -c ..\Third-Party\FreeRTOS\org\Source\portable\GCC\ARM_CM3\port.c -mthumb -mcpu=cortex-m3 -std=gnu11 -DSTM32F10X_MD -DUSE_STDPERIPH_DRIVER -I../src -ID:\courses\Embedded Systems\Udemy Courses STM32\Mastering RTOS 2020\RTOS TrueStdio WorkSpace\STM32_FreeRTOS_Semaph_count\Config -ID:\courses\Embedded Systems\Udemy Courses STM32\Mastering RTOS 2020\RTOS TrueStdio WorkSpace\STM32_FreeRTOS_Semaph_count\Third-Party\FreeRTOS\org\Source\include -ID:\courses\Embedded Systems\Udemy Courses STM32\Mastering RTOS 2020\RTOS TrueStdio WorkSpace\STM32_FreeRTOS_Semaph_count\Third-Party\FreeRTOS\org\Source\portable\GCC\ARM_CM3 -I../Libraries/STM32F10x_StdPeriph_Driver/inc -I../Libraries/CMSIS/Device/ST/STM32F10x/Include -I../Libraries/CMSIS/Include -O0 -ffunction-sections -fdata-sections -g -fstack-usage -Wall -specs=nano.specs -o Third-Party\FreeRTOS\org\Source\portable\GCC\ARM_CM3\port.o 
arm-atollic-eabi-gcc -c ..\src\main.c -mthumb -mcpu=cortex-m3 -std=gnu11 -DSTM32F10X_MD -DUSE_STDPERIPH_DRIVER -I../src -ID:\courses\Embedded Systems\Udemy Courses STM32\Mastering RTOS 2020\RTOS TrueStdio WorkSpace\STM32_FreeRTOS_Semaph_count\Config -ID:\courses\Embedded Systems\Udemy Courses STM32\Mastering RTOS 2020\RTOS TrueStdio WorkSpace\STM32_FreeRTOS_Semaph_count\Third-Party\FreeRTOS\org\Source\include -ID:\courses\Embedded Systems\Udemy Courses STM32\Mastering RTOS 2020\RTOS TrueStdio WorkSpace\STM32_FreeRTOS_Semaph_count\Third-Party\FreeRTOS\org\Source\portable\GCC\ARM_CM3 -I../Libraries/STM32F10x_StdPeriph_Driver/inc -I../Libraries/CMSIS/Device/ST/STM32F10x/Include -I../Libraries/CMSIS/Include -O0 -ffunction-sections -fdata-sections -g -fstack-usage -Wall -specs=nano.specs -o src\main.o 
arm-atollic-eabi-gcc -c ..\Third-Party\FreeRTOS\org\Source\timers.c -mthumb -mcpu=cortex-m3 -std=gnu11 -DSTM32F10X_MD -DUSE_STDPERIPH_DRIVER -I../src -ID:\courses\Embedded Systems\Udemy Courses STM32\Mastering RTOS 2020\RTOS TrueStdio WorkSpace\STM32_FreeRTOS_Semaph_count\Config -ID:\courses\Embedded Systems\Udemy Courses STM32\Mastering RTOS 2020\RTOS TrueStdio WorkSpace\STM32_FreeRTOS_Semaph_count\Third-Party\FreeRTOS\org\Source\include -ID:\courses\Embedded Systems\Udemy Courses STM32\Mastering RTOS 2020\RTOS TrueStdio WorkSpace\STM32_FreeRTOS_Semaph_count\Third-Party\FreeRTOS\org\Source\portable\GCC\ARM_CM3 -I../Libraries/STM32F10x_StdPeriph_Driver/inc -I../Libraries/CMSIS/Device/ST/STM32F10x/Include -I../Libraries/CMSIS/Include -O0 -ffunction-sections -fdata-sections -g -fstack-usage -Wall -specs=nano.specs -o Third-Party\FreeRTOS\org\Source\timers.o 
arm-atollic-eabi-gcc -c ..\Third-Party\FreeRTOS\org\Source\list.c -mthumb -mcpu=cortex-m3 -std=gnu11 -DSTM32F10X_MD -DUSE_STDPERIPH_DRIVER -I../src -ID:\courses\Embedded Systems\Udemy Courses STM32\Mastering RTOS 2020\RTOS TrueStdio WorkSpace\STM32_FreeRTOS_Semaph_count\Config -ID:\courses\Embedded Systems\Udemy Courses STM32\Mastering RTOS 2020\RTOS TrueStdio WorkSpace\STM32_FreeRTOS_Semaph_count\Third-Party\FreeRTOS\org\Source\include -ID:\courses\Embedded Systems\Udemy Courses STM32\Mastering RTOS 2020\RTOS TrueStdio WorkSpace\STM32_FreeRTOS_Semaph_count\Third-Party\FreeRTOS\org\Source\portable\GCC\ARM_CM3 -I../Libraries/STM32F10x_StdPeriph_Driver/inc -I../Libraries/CMSIS/Device/ST/STM32F10x/Include -I../Libraries/CMSIS/Include -O0 -ffunction-sections -fdata-sections -g -fstack-usage -Wall -specs=nano.specs -o Third-Party\FreeRTOS\org\Source\list.o 
arm-atollic-eabi-gcc -c ..\Third-Party\FreeRTOS\org\Source\stream_buffer.c -mthumb -mcpu=cortex-m3 -std=gnu11 -DSTM32F10X_MD -DUSE_STDPERIPH_DRIVER -I../src -ID:\courses\Embedded Systems\Udemy Courses STM32\Mastering RTOS 2020\RTOS TrueStdio WorkSpace\STM32_FreeRTOS_Semaph_count\Config -ID:\courses\Embedded Systems\Udemy Courses STM32\Mastering RTOS 2020\RTOS TrueStdio WorkSpace\STM32_FreeRTOS_Semaph_count\Third-Party\FreeRTOS\org\Source\include -ID:\courses\Embedded Systems\Udemy Courses STM32\Mastering RTOS 2020\RTOS TrueStdio WorkSpace\STM32_FreeRTOS_Semaph_count\Third-Party\FreeRTOS\org\Source\portable\GCC\ARM_CM3 -I../Libraries/STM32F10x_StdPeriph_Driver/inc -I../Libraries/CMSIS/Device/ST/STM32F10x/Include -I../Libraries/CMSIS/Include -O0 -ffunction-sections -fdata-sections -g -fstack-usage -Wall -specs=nano.specs -o Third-Party\FreeRTOS\org\Source\stream_buffer.o 
arm-atollic-eabi-gcc -c ..\Third-Party\FreeRTOS\org\Source\queue.c -mthumb -mcpu=cortex-m3 -std=gnu11 -DSTM32F10X_MD -DUSE_STDPERIPH_DRIVER -I../src -ID:\courses\Embedded Systems\Udemy Courses STM32\Mastering RTOS 2020\RTOS TrueStdio WorkSpace\STM32_FreeRTOS_Semaph_count\Config -ID:\courses\Embedded Systems\Udemy Courses STM32\Mastering RTOS 2020\RTOS TrueStdio WorkSpace\STM32_FreeRTOS_Semaph_count\Third-Party\FreeRTOS\org\Source\include -ID:\courses\Embedded Systems\Udemy Courses STM32\Mastering RTOS 2020\RTOS TrueStdio WorkSpace\STM32_FreeRTOS_Semaph_count\Third-Party\FreeRTOS\org\Source\portable\GCC\ARM_CM3 -I../Libraries/STM32F10x_StdPeriph_Driver/inc -I../Libraries/CMSIS/Device/ST/STM32F10x/Include -I../Libraries/CMSIS/Include -O0 -ffunction-sections -fdata-sections -g -fstack-usage -Wall -specs=nano.specs -o Third-Party\FreeRTOS\org\Source\queue.o 
arm-atollic-eabi-gcc -o STM32_FreeRTOS_Semaph_count.elf Libraries\STM32F10x_StdPeriph_Driver\src\misc.o Libraries\STM32F10x_StdPeriph_Driver\src\stm32f10x_adc.o Libraries\STM32F10x_StdPeriph_Driver\src\stm32f10x_bkp.o Libraries\STM32F10x_StdPeriph_Driver\src\stm32f10x_can.o Libraries\STM32F10x_StdPeriph_Driver\src\stm32f10x_cec.o Libraries\STM32F10x_StdPeriph_Driver\src\stm32f10x_crc.o Libraries\STM32F10x_StdPeriph_Driver\src\stm32f10x_dac.o Libraries\STM32F10x_StdPeriph_Driver\src\stm32f10x_dbgmcu.o Libraries\STM32F10x_StdPeriph_Driver\src\stm32f10x_dma.o Libraries\STM32F10x_StdPeriph_Driver\src\stm32f10x_exti.o Libraries\STM32F10x_StdPeriph_Driver\src\stm32f10x_flash.o Libraries\STM32F10x_StdPeriph_Driver\src\stm32f10x_fsmc.o Libraries\STM32F10x_StdPeriph_Driver\src\stm32f10x_gpio.o Libraries\STM32F10x_StdPeriph_Driver\src\stm32f10x_i2c.o Libraries\STM32F10x_StdPeriph_Driver\src\stm32f10x_iwdg.o Libraries\STM32F10x_StdPeriph_Driver\src\stm32f10x_pwr.o Libraries\STM32F10x_StdPeriph_Driver\src\stm32f10x_rcc.o Libraries\STM32F10x_StdPeriph_Driver\src\stm32f10x_rtc.o Libraries\STM32F10x_StdPeriph_Driver\src\stm32f10x_sdio.o Libraries\STM32F10x_StdPeriph_Driver\src\stm32f10x_spi.o Libraries\STM32F10x_StdPeriph_Driver\src\stm32f10x_tim.o Libraries\STM32F10x_StdPeriph_Driver\src\stm32f10x_usart.o Libraries\STM32F10x_StdPeriph_Driver\src\stm32f10x_wwdg.o Third-Party\FreeRTOS\org\Source\croutine.o Third-Party\FreeRTOS\org\Source\event_groups.o Third-Party\FreeRTOS\org\Source\list.o Third-Party\FreeRTOS\org\Source\portable\GCC\ARM_CM3\port.o Third-Party\FreeRTOS\org\Source\portable\MemMang\heap_4.o Third-Party\FreeRTOS\org\Source\queue.o Third-Party\FreeRTOS\org\Source\stream_buffer.o Third-Party\FreeRTOS\org\Source\tasks.o Third-Party\FreeRTOS\org\Source\timers.o src\main.o src\startup_stm32f10x_md.o src\syscalls.o src\system_stm32f10x.o -mthumb -mcpu=cortex-m3 -T../stm32_flash.ld -specs=nosys.specs -static -Wl,-cref,-u,Reset_Handler -Wl,-Map=STM32_FreeRTOS_Semaph_count.map -Wl,--gc-sections -Wl,--defsym=malloc_getpagesize_P=0x80 -Wl,--start-group -lc -lm -Wl,--end-group -specs=nano.specs 
C:\Program Files (x86)\Atollic\TrueSTUDIO for STM32 9.3.0\ide\jre\bin\java -jar C:\Program Files (x86)\Atollic\TrueSTUDIO for STM32 9.3.0\Tools\arm-atollic-reports.jar convert-hex sizeinfo list STM32_FreeRTOS_Semaph_count.elf 
Generate build reports...
Converting build output to hex
Output sent to: STM32_FreeRTOS_Semaph_count.hex
Converting build output to hex done
Print size information
   text	   data	    bss	    dec	    hex	filename
   9524	     32	  15120	  24676	   6064	STM32_FreeRTOS_Semaph_count.elf
Print size information done
Generate listing file
Output sent to: STM32_FreeRTOS_Semaph_count.list
Generate listing file done
Generate build reports done
Info: Nothing to build for STM32_FreeRTOS_Semaph_count
Info: Nothing to build for STM32_FreeRTOS_Semaph_count
Info: Nothing to build for STM32_FreeRTOS_Semaph_count
10:06:22 **** Incremental Build of configuration Debug for project STM32_FreeRTOS_Semaph_count ****
Info: Internal Builder is used for build
arm-atollic-eabi-gcc -c ..\src\main.c -mthumb -mcpu=cortex-m3 -std=gnu11 -DSTM32F10X_MD -DUSE_STDPERIPH_DRIVER -I../src -ID:\courses\Embedded Systems\Udemy Courses STM32\Mastering RTOS 2020\RTOS TrueStdio WorkSpace\STM32_FreeRTOS_Semaph_count\Config -ID:\courses\Embedded Systems\Udemy Courses STM32\Mastering RTOS 2020\RTOS TrueStdio WorkSpace\STM32_FreeRTOS_Semaph_count\Third-Party\FreeRTOS\org\Source\include -ID:\courses\Embedded Systems\Udemy Courses STM32\Mastering RTOS 2020\RTOS TrueStdio WorkSpace\STM32_FreeRTOS_Semaph_count\Third-Party\FreeRTOS\org\Source\portable\GCC\ARM_CM3 -I../Libraries/STM32F10x_StdPeriph_Driver/inc -I../Libraries/CMSIS/Device/ST/STM32F10x/Include -I../Libraries/CMSIS/Include -O0 -ffunction-sections -fdata-sections -g -fstack-usage -Wall -specs=nano.specs -o src\main.o 
arm-atollic-eabi-gcc -o STM32_FreeRTOS_Semaph_count.elf Libraries\STM32F10x_StdPeriph_Driver\src\misc.o Libraries\STM32F10x_StdPeriph_Driver\src\stm32f10x_adc.o Libraries\STM32F10x_StdPeriph_Driver\src\stm32f10x_bkp.o Libraries\STM32F10x_StdPeriph_Driver\src\stm32f10x_can.o Libraries\STM32F10x_StdPeriph_Driver\src\stm32f10x_cec.o Libraries\STM32F10x_StdPeriph_Driver\src\stm32f10x_crc.o Libraries\STM32F10x_StdPeriph_Driver\src\stm32f10x_dac.o Libraries\STM32F10x_StdPeriph_Driver\src\stm32f10x_dbgmcu.o Libraries\STM32F10x_StdPeriph_Driver\src\stm32f10x_dma.o Libraries\STM32F10x_StdPeriph_Driver\src\stm32f10x_exti.o Libraries\STM32F10x_StdPeriph_Driver\src\stm32f10x_flash.o Libraries\STM32F10x_StdPeriph_Driver\src\stm32f10x_fsmc.o Libraries\STM32F10x_StdPeriph_Driver\src\stm32f10x_gpio.o Libraries\STM32F10x_StdPeriph_Driver\src\stm32f10x_i2c.o Libraries\STM32F10x_StdPeriph_Driver\src\stm32f10x_iwdg.o Libraries\STM32F10x_StdPeriph_Driver\src\stm32f10x_pwr.o Libraries\STM32F10x_StdPeriph_Driver\src\stm32f10x_rcc.o Libraries\STM32F10x_StdPeriph_Driver\src\stm32f10x_rtc.o Libraries\STM32F10x_StdPeriph_Driver\src\stm32f10x_sdio.o Libraries\STM32F10x_StdPeriph_Driver\src\stm32f10x_spi.o Libraries\STM32F10x_StdPeriph_Driver\src\stm32f10x_tim.o Libraries\STM32F10x_StdPeriph_Driver\src\stm32f10x_usart.o Libraries\STM32F10x_StdPeriph_Driver\src\stm32f10x_wwdg.o Third-Party\FreeRTOS\org\Source\croutine.o Third-Party\FreeRTOS\org\Source\event_groups.o Third-Party\FreeRTOS\org\Source\list.o Third-Party\FreeRTOS\org\Source\portable\GCC\ARM_CM3\port.o Third-Party\FreeRTOS\org\Source\portable\MemMang\heap_4.o Third-Party\FreeRTOS\org\Source\queue.o Third-Party\FreeRTOS\org\Source\stream_buffer.o Third-Party\FreeRTOS\org\Source\tasks.o Third-Party\FreeRTOS\org\Source\timers.o src\main.o src\startup_stm32f10x_md.o src\syscalls.o src\system_stm32f10x.o -mthumb -mcpu=cortex-m3 -T../stm32_flash.ld -specs=nosys.specs -static -Wl,-cref,-u,Reset_Handler -Wl,-Map=STM32_FreeRTOS_Semaph_count.map -Wl,--gc-sections -Wl,--defsym=malloc_getpagesize_P=0x80 -Wl,--start-group -lc -lm -Wl,--end-group -specs=nano.specs 
C:\Program Files (x86)\Atollic\TrueSTUDIO for STM32 9.3.0\ide\jre\bin\java -jar C:\Program Files (x86)\Atollic\TrueSTUDIO for STM32 9.3.0\Tools\arm-atollic-reports.jar convert-hex sizeinfo list STM32_FreeRTOS_Semaph_count.elf 
Generate build reports...
Converting build output to hex
Output sent to: STM32_FreeRTOS_Semaph_count.hex
Converting build output to hex done
Print size information
   text	   data	    bss	    dec	    hex	filename
   9524	     32	  15120	  24676	   6064	STM32_FreeRTOS_Semaph_count.elf
Print size information done
Generate listing file
Output sent to: STM32_FreeRTOS_Semaph_count.list
Generate listing file done
Generate build reports done
Info: Nothing to build for STM32_FreeRTOS_Semaph_count
Info: Nothing to build for STM32_FreeRTOS_Semaph_count
Info: Nothing to build for STM32_FreeRTOS_Semaph_count
Info: Nothing to build for STM32_FreeRTOS_Semaph_count
Info: Nothing to build for STM32_FreeRTOS_Semaph_count
Info: Nothing to build for STM32_FreeRTOS_Semaph_count
Info: Nothing to build for STM32_FreeRTOS_Semaph_count
Info: Nothing to build for STM32_FreeRTOS_Semaph_count
Info: Nothing to build for STM32_FreeRTOS_Semaph_count
Info: Nothing to build for STM32_FreeRTOS_Semaph_count
Info: Nothing to build for STM32_FreeRTOS_Semaph_count
Info: Nothing to build for STM32_FreeRTOS_Semaph_count
Info: Nothing to build for STM32_FreeRTOS_Semaph_count
Info: Nothing to build for STM32_FreeRTOS_Semaph_count
Info: Nothing to build for STM32_FreeRTOS_Semaph_count
Info: Nothing to build for STM32_FreeRTOS_Semaph_count
