04:57:35 **** Incremental Build of configuration Debug for project STM32_FreeRTOS_LED_Button_Notify ****
Info: Internal Builder is used for build
arm-atollic-eabi-gcc -c ..\src\main.c -mthumb -mcpu=cortex-m3 -std=gnu11 -DSTM32F10X_MD -DUSE_STDPERIPH_DRIVER -I../src -ID:\courses\Embedded Systems\Udemy Courses STM32\Mastering RTOS 2020\RTOS TrueStdio WorkSpace\STM32_FreeRTOS_LED_Button_Notify\Third-Party\SEGGER\Config -ID:\courses\Embedded Systems\Udemy Courses STM32\Mastering RTOS 2020\RTOS TrueStdio WorkSpace\STM32_FreeRTOS_LED_Button_Notify\Third-Party\SEGGER\OS -ID:\courses\Embedded Systems\Udemy Courses STM32\Mastering RTOS 2020\RTOS TrueStdio WorkSpace\STM32_FreeRTOS_LED_Button_Notify\Third-Party\SEGGER\SEGGER -ID:\courses\Embedded Systems\Udemy Courses STM32\Mastering RTOS 2020\RTOS TrueStdio WorkSpace\STM32_FreeRTOS_LED_Button_Notify\Third-Party\FreeRTOS\org\Source\include -ID:\courses\Embedded Systems\Udemy Courses STM32\Mastering RTOS 2020\RTOS TrueStdio WorkSpace\STM32_FreeRTOS_LED_Button_Notify\Third-Party\FreeRTOS\org\Source\portable\GCC\ARM_CM3 -ID:\courses\Embedded Systems\Udemy Courses STM32\Mastering RTOS 2020\RTOS TrueStdio WorkSpace\STM32_FreeRTOS_LED_Button_Notify\Config -I../Libraries/STM32F10x_StdPeriph_Driver/inc -I../Libraries/CMSIS/Device/ST/STM32F10x/Include -I../Libraries/CMSIS/Include -O0 -ffunction-sections -fdata-sections -g -fstack-usage -Wall -specs=nano.specs -o src\main.o 
arm-atollic-eabi-gcc -o STM32_FreeRTOS_LED_Button_Notify.elf Libraries\STM32F10x_StdPeriph_Driver\src\misc.o Libraries\STM32F10x_StdPeriph_Driver\src\stm32f10x_adc.o Libraries\STM32F10x_StdPeriph_Driver\src\stm32f10x_bkp.o Libraries\STM32F10x_StdPeriph_Driver\src\stm32f10x_can.o Libraries\STM32F10x_StdPeriph_Driver\src\stm32f10x_cec.o Libraries\STM32F10x_StdPeriph_Driver\src\stm32f10x_crc.o Libraries\STM32F10x_StdPeriph_Driver\src\stm32f10x_dac.o Libraries\STM32F10x_StdPeriph_Driver\src\stm32f10x_dbgmcu.o Libraries\STM32F10x_StdPeriph_Driver\src\stm32f10x_dma.o Libraries\STM32F10x_StdPeriph_Driver\src\stm32f10x_exti.o Libraries\STM32F10x_StdPeriph_Driver\src\stm32f10x_flash.o Libraries\STM32F10x_StdPeriph_Driver\src\stm32f10x_fsmc.o Libraries\STM32F10x_StdPeriph_Driver\src\stm32f10x_gpio.o Libraries\STM32F10x_StdPeriph_Driver\src\stm32f10x_i2c.o Libraries\STM32F10x_StdPeriph_Driver\src\stm32f10x_iwdg.o Libraries\STM32F10x_StdPeriph_Driver\src\stm32f10x_pwr.o Libraries\STM32F10x_StdPeriph_Driver\src\stm32f10x_rcc.o Libraries\STM32F10x_StdPeriph_Driver\src\stm32f10x_rtc.o Libraries\STM32F10x_StdPeriph_Driver\src\stm32f10x_sdio.o Libraries\STM32F10x_StdPeriph_Driver\src\stm32f10x_spi.o Libraries\STM32F10x_StdPeriph_Driver\src\stm32f10x_tim.o Libraries\STM32F10x_StdPeriph_Driver\src\stm32f10x_usart.o Libraries\STM32F10x_StdPeriph_Driver\src\stm32f10x_wwdg.o Third-Party\FreeRTOS\org\Source\croutine.o Third-Party\FreeRTOS\org\Source\event_groups.o Third-Party\FreeRTOS\org\Source\list.o Third-Party\FreeRTOS\org\Source\portable\GCC\ARM_CM3\port.o Third-Party\FreeRTOS\org\Source\portable\MemMang\heap_4.o Third-Party\FreeRTOS\org\Source\queue.o Third-Party\FreeRTOS\org\Source\stream_buffer.o Third-Party\FreeRTOS\org\Source\tasks.o Third-Party\FreeRTOS\org\Source\timers.o Third-Party\SEGGER\Config\SEGGER_SYSVIEW_Config_FreeRTOS.o Third-Party\SEGGER\OS\SEGGER_SYSVIEW_FreeRTOS.o Third-Party\SEGGER\SEGGER\SEGGER_RTT.o Third-Party\SEGGER\SEGGER\SEGGER_SYSVIEW.o src\main.o src\startup_stm32f10x_md.o src\syscalls.o src\system_stm32f10x.o -mthumb -mcpu=cortex-m3 -T../stm32_flash.ld -specs=nosys.specs -static -Wl,-cref,-u,Reset_Handler -Wl,-Map=STM32_FreeRTOS_LED_Button_Notify.map -Wl,--gc-sections -Wl,--defsym=malloc_getpagesize_P=0x80 -Wl,--start-group -lc -lm -Wl,--end-group -specs=nano.specs 
C:\Program Files (x86)\Atollic\TrueSTUDIO for STM32 9.3.0\ide\jre\bin\java -jar C:\Program Files (x86)\Atollic\TrueSTUDIO for STM32 9.3.0\Tools\arm-atollic-reports.jar convert-hex sizeinfo list STM32_FreeRTOS_LED_Button_Notify.elf 
Generate build reports...
Converting build output to hex
Output sent to: STM32_FreeRTOS_LED_Button_Notify.hex
Converting build output to hex done
Print size information
   text	   data	    bss	    dec	    hex	filename
  15632	    132	  16784	  32548	   7f24	STM32_FreeRTOS_LED_Button_Notify.elf
Print size information done
Generate listing file
Output sent to: STM32_FreeRTOS_LED_Button_Notify.list
Generate listing file done
Generate build reports done

04:57:36 Build Finished (took 1s.117ms)

