core_cm3.h:930:22:NVIC_EnableIRQ	16	static
core_cm3.h:1014:22:NVIC_SetPriority	16	static
main.c:100:5:main	24	static
main.c:149:6:vTask1_menu_display	24	static
main.c:162:6:vTask2_cmd_handling	32	static
main.c:185:6:vTask3_cmd_processing	80	static
main.c:220:6:vTask4_uart_write	24	static
main.c:235:13:prvSetupHardware	8	static
main.c:244:6:printmsg	24	static
main.c:256:6:prvUARTSetup	32	static
main.c:302:6:prvGPIOSetup	16	static
main.c:326:6:RTOS_Delay	24	static
main.c:336:9:getCommandCode	16	static
main.c:342:6:USART1_IRQHandler	24	static
main.c:377:6:LED_SW_Timer_CallBack	16	static
main.c:381:6:vApplicationIdleHook	4	static
main.c:388:6:LED_ON	8	static
main.c:393:6:LED_OFF	8	static
main.c:398:6:LED_ToggleStart	32	static
main.c:416:6:LED_ToggleStop	24	static
main.c:423:6:LED_ReadStatus	24	static
main.c:431:6:RTC_ReadInfo	24	static
main.c:437:6:Print_Error_Message	24	static
main.c:445:6:Exit_App	8	static
